
Discarded input sections

 .group         0x0000000000000000        0xc /home/manoj/gits/Flow/Build/px4flow-v1_default.build//home/manoj/gits/Flow/Build/px4flow-v1_default.build/empty.c.o
 .text          0x0000000000000000        0x0 /home/manoj/gits/Flow/Build/px4flow-v1_default.build//home/manoj/gits/Flow/Build/px4flow-v1_default.build/empty.c.o
 .data          0x0000000000000000        0x0 /home/manoj/gits/Flow/Build/px4flow-v1_default.build//home/manoj/gits/Flow/Build/px4flow-v1_default.build/empty.c.o
 .bss           0x0000000000000000        0x0 /home/manoj/gits/Flow/Build/px4flow-v1_default.build//home/manoj/gits/Flow/Build/px4flow-v1_default.build/empty.c.o
 .debug_info    0x0000000000000000       0x21 /home/manoj/gits/Flow/Build/px4flow-v1_default.build//home/manoj/gits/Flow/Build/px4flow-v1_default.build/empty.c.o
 .debug_abbrev  0x0000000000000000       0x13 /home/manoj/gits/Flow/Build/px4flow-v1_default.build//home/manoj/gits/Flow/Build/px4flow-v1_default.build/empty.c.o
 .debug_aranges
                0x0000000000000000       0x18 /home/manoj/gits/Flow/Build/px4flow-v1_default.build//home/manoj/gits/Flow/Build/px4flow-v1_default.build/empty.c.o
 .debug_macro   0x0000000000000000       0x11 /home/manoj/gits/Flow/Build/px4flow-v1_default.build//home/manoj/gits/Flow/Build/px4flow-v1_default.build/empty.c.o
 .debug_macro   0x0000000000000000      0xa6c /home/manoj/gits/Flow/Build/px4flow-v1_default.build//home/manoj/gits/Flow/Build/px4flow-v1_default.build/empty.c.o
 .debug_line    0x0000000000000000       0x5d /home/manoj/gits/Flow/Build/px4flow-v1_default.build//home/manoj/gits/Flow/Build/px4flow-v1_default.build/empty.c.o
 .debug_str     0x0000000000000000     0x2e03 /home/manoj/gits/Flow/Build/px4flow-v1_default.build//home/manoj/gits/Flow/Build/px4flow-v1_default.build/empty.c.o
 .comment       0x0000000000000000       0x7f /home/manoj/gits/Flow/Build/px4flow-v1_default.build//home/manoj/gits/Flow/Build/px4flow-v1_default.build/empty.c.o
 .ARM.attributes
                0x0000000000000000       0x35 /home/manoj/gits/Flow/Build/px4flow-v1_default.build//home/manoj/gits/Flow/Build/px4flow-v1_default.build/empty.c.o
 .group         0x0000000000000000        0xc /home/manoj/gits/Flow/Build/px4flow-v1_default.build//home/manoj/gits/Flow/src/drivers/boards/px4flow-v1/module.pre.o
 .group         0x0000000000000000        0xc /home/manoj/gits/Flow/Build/px4flow-v1_default.build//home/manoj/gits/Flow/src/drivers/boards/px4flow-v1/module.pre.o
 .group         0x0000000000000000        0xc /home/manoj/gits/Flow/Build/px4flow-v1_default.build//home/manoj/gits/Flow/src/drivers/boards/px4flow-v1/module.pre.o
 .group         0x0000000000000000        0xc /home/manoj/gits/Flow/Build/px4flow-v1_default.build//home/manoj/gits/Flow/src/drivers/boards/px4flow-v1/module.pre.o
 .group         0x0000000000000000        0xc /home/manoj/gits/Flow/Build/px4flow-v1_default.build//home/manoj/gits/Flow/src/drivers/boards/px4flow-v1/module.pre.o
 .group         0x0000000000000000        0xc /home/manoj/gits/Flow/Build/px4flow-v1_default.build//home/manoj/gits/Flow/src/drivers/boards/px4flow-v1/module.pre.o
 .group         0x0000000000000000        0xc /home/manoj/gits/Flow/Build/px4flow-v1_default.build//home/manoj/gits/Flow/src/drivers/boards/px4flow-v1/module.pre.o
 .group         0x0000000000000000        0xc /home/manoj/gits/Flow/Build/px4flow-v1_default.build//home/manoj/gits/Flow/src/drivers/boards/px4flow-v1/module.pre.o
 .group         0x0000000000000000        0xc /home/manoj/gits/Flow/Build/px4flow-v1_default.build//home/manoj/gits/Flow/src/drivers/boards/px4flow-v1/module.pre.o
 .group         0x0000000000000000        0xc /home/manoj/gits/Flow/Build/px4flow-v1_default.build//home/manoj/gits/Flow/src/drivers/boards/px4flow-v1/module.pre.o
 .group         0x0000000000000000        0xc /home/manoj/gits/Flow/Build/px4flow-v1_default.build//home/manoj/gits/Flow/src/drivers/boards/px4flow-v1/module.pre.o
 .group         0x0000000000000000        0xc /home/manoj/gits/Flow/Build/px4flow-v1_default.build//home/manoj/gits/Flow/src/drivers/boards/px4flow-v1/module.pre.o
 .group         0x0000000000000000        0xc /home/manoj/gits/Flow/Build/px4flow-v1_default.build//home/manoj/gits/Flow/src/drivers/boards/px4flow-v1/module.pre.o
 .group         0x0000000000000000        0xc /home/manoj/gits/Flow/Build/px4flow-v1_default.build//home/manoj/gits/Flow/src/drivers/boards/px4flow-v1/module.pre.o
 .group         0x0000000000000000        0xc /home/manoj/gits/Flow/Build/px4flow-v1_default.build//home/manoj/gits/Flow/src/drivers/boards/px4flow-v1/module.pre.o
 .group         0x0000000000000000        0xc /home/manoj/gits/Flow/Build/px4flow-v1_default.build//home/manoj/gits/Flow/src/drivers/boards/px4flow-v1/module.pre.o
 .group         0x0000000000000000        0xc /home/manoj/gits/Flow/Build/px4flow-v1_default.build//home/manoj/gits/Flow/src/drivers/boards/px4flow-v1/module.pre.o
[...]
Memory Configuration

Name             Origin             Length             Attributes
FLASH            0x0000000008004000 0x00000000000fc000 xr
RAM              0x0000000020000000 0x0000000000020000 xrw
CCM              0x0000000010000000 0x0000000000010000 xrw
*default*        0x0000000000000000 0xffffffffffffffff

Linker script and memory map

                0x0000000020020000                _estack = 0x20020000
                0x0000000000000000                _Min_Heap_Size = 0x0
                0x0000000000000400                _Min_Stack_Size = 0x400

.isr_vector     0x0000000008004000      0x188
                0x0000000008004000                . = ALIGN (0x4)
 *(.isr_vector)
 .isr_vector    0x0000000008004000      0x188 /home/manoj/gits/Flow/Build/px4flow-v1_default.build//home/manoj/gits/Flow/src/modules/flow/module.pre.o
                0x0000000008004000                g_pfnVectors
                0x0000000008004188                . = ALIGN (0x4)

.text           0x0000000008004188     0xc770
                0x0000000008004188                . = ALIGN (0x4)
 *(.text)
 *(.text*)
 .text.Reset_Handler
                0x0000000008004188       0x48 /home/manoj/gits/Flow/Build/px4flow-v1_default.build//home/manoj/gits/Flow/src/modules/flow/module.pre.o
                0x0000000008004188                Reset_Handler
 .text.Default_Handler
                0x00000000080041d0        0x2 /home/manoj/gits/Flow/Build/px4flow-v1_default.build//home/manoj/gits/Flow/src/modules/flow/module.pre.o
                0x00000000080041d0                RTC_Alarm_IRQHandler
                0x00000000080041d0                HASH_RNG_IRQHandler
                0x00000000080041d0                EXTI2_IRQHandler
                0x00000000080041d0                TIM8_CC_IRQHandler
                0x00000000080041d0                TIM1_CC_IRQHandler
                0x00000000080041d0                DMA2_Stream5_IRQHandler
                0x00000000080041d0                DMA1_Stream5_IRQHandler
                0x00000000080041d0                PVD_IRQHandler
                0x00000000080041d0                SDIO_IRQHandler
                0x00000000080041d0                TAMP_STAMP_IRQHandler
                0x00000000080041d0                CAN2_RX1_IRQHandler
                0x00000000080041d0                EXTI3_IRQHandler
                0x00000000080041d0                TIM8_TRG_COM_TIM14_IRQHandler
                0x00000000080041d0                TIM1_UP_TIM10_IRQHandler
                0x00000000080041d0                TIM8_UP_TIM13_IRQHandler
                0x00000000080041d0                I2C3_ER_IRQHandler
                0x00000000080041d0                EXTI0_IRQHandler
                0x00000000080041d0                I2C2_EV_IRQHandler
                0x00000000080041d0                DMA1_Stream2_IRQHandler
                0x00000000080041d0                CAN1_RX0_IRQHandler
                0x00000000080041d0                FPU_IRQHandler
                0x00000000080041d0                OTG_HS_WKUP_IRQHandler
                0x00000000080041d0                CAN2_SCE_IRQHandler
                0x00000000080041d0                DMA2_Stream2_IRQHandler
                0x00000000080041d0                SPI1_IRQHandler
                0x00000000080041d0                TIM6_DAC_IRQHandler
                0x00000000080041d0                TIM1_BRK_TIM9_IRQHandler
                0x00000000080041d0                CAN2_RX0_IRQHandler
                0x00000000080041d0                DMA2_Stream3_IRQHandler
                0x00000000080041d0                USART6_IRQHandler
                0x00000000080041d0                CRYP_IRQHandler
                0x00000000080041d0                CAN1_RX1_IRQHandler
                0x00000000080041d0                UART5_IRQHandler
                0x00000000080041d0                DMA2_Stream0_IRQHandler
                0x00000000080041d0                TIM4_IRQHandler
                0x00000000080041d0                DMA1_Stream6_IRQHandler
                0x00000000080041d0                DMA1_Stream1_IRQHandler
                0x00000000080041d0                TIM3_IRQHandler
                0x00000000080041d0                RCC_IRQHandler
                0x00000000080041d0                TIM8_BRK_TIM12_IRQHandler
                0x00000000080041d0                Default_Handler
                0x00000000080041d0                EXTI15_10_IRQHandler
                0x00000000080041d0                ADC_IRQHandler
                0x00000000080041d0                DMA1_Stream7_IRQHandler
                0x00000000080041d0                TIM7_IRQHandler
                0x00000000080041d0                CAN2_TX_IRQHandler
                0x00000000080041d0                TIM5_IRQHandler
                0x00000000080041d0                DMA2_Stream7_IRQHandler
                0x00000000080041d0                I2C3_EV_IRQHandler
                0x00000000080041d0                EXTI9_5_IRQHandler
                0x00000000080041d0                RTC_WKUP_IRQHandler
                0x00000000080041d0                ETH_WKUP_IRQHandler
                0x00000000080041d0                SPI2_IRQHandler
                0x00000000080041d0                OTG_HS_EP1_IN_IRQHandler
                0x00000000080041d0                DMA1_Stream0_IRQHandler
                0x00000000080041d0                CAN1_TX_IRQHandler
                0x00000000080041d0                EXTI4_IRQHandler
                0x00000000080041d0                FSMC_IRQHandler
                0x00000000080041d0                ETH_IRQHandler
                0x00000000080041d0                OTG_HS_EP1_OUT_IRQHandler
                0x00000000080041d0                WWDG_IRQHandler
                0x00000000080041d0                TIM2_IRQHandler
                0x00000000080041d0                OTG_FS_WKUP_IRQHandler
                0x00000000080041d0                TIM1_TRG_COM_TIM11_IRQHandler
                0x00000000080041d0                OTG_HS_IRQHandler
                0x00000000080041d0                EXTI1_IRQHandler
                0x00000000080041d0                I2C2_ER_IRQHandler
                0x00000000080041d0                CAN1_SCE_IRQHandler
                0x00000000080041d0                FLASH_IRQHandler
                0x00000000080041d0                DMA2_Stream4_IRQHandler
                0x00000000080041d0                USART1_IRQHandler
                0x00000000080041d0                SPI3_IRQHandler
                0x00000000080041d0                DMA1_Stream4_IRQHandler
                0x00000000080041d0                DMA2_Stream6_IRQHandler
                0x00000000080041d0                DMA1_Stream3_IRQHandler
 *fill*         0x00000000080041d2        0x2 
 .text.SystemInit
                0x00000000080041d4      0x100 /home/manoj/gits/Flow/Build/px4flow-v1_default.build//home/manoj/gits/Flow/src/modules/flow/module.pre.o
                0x00000000080041d4                SystemInit
 .text.NMI_Handler
                0x00000000080042d4        0x4 /home/manoj/gits/Flow/Build/px4flow-v1_default.build//home/manoj/gits/Flow/src/modules/flow/module.pre.o
                0x00000000080042d4                NMI_Handler
 .text.HardFault_Handler
                0x00000000080042d8        0x4 /home/manoj/gits/Flow/Build/px4flow-v1_default.build//home/manoj/gits/Flow/src/modules/flow/module.pre.o
                0x00000000080042d8                HardFault_Handler
 .text.MemManage_Handler
                0x00000000080042dc        0x4 /home/manoj/gits/Flow/Build/px4flow-v1_default.build//home/manoj/gits/Flow/src/modules/flow/module.pre.o
                0x00000000080042dc                MemManage_Handler
 .text.BusFault_Handler
                0x00000000080042e0        0x4 /home/manoj/gits/Flow/Build/px4flow-v1_default.build//home/manoj/gits/Flow/src/modules/flow/module.pre.o
                0x00000000080042e0                BusFault_Handler
 .text.UsageFault_Handler
                0x00000000080042e4        0x4 /home/manoj/gits/Flow/Build/px4flow-v1_default.build//home/manoj/gits/Flow/src/modules/flow/module.pre.o
                0x00000000080042e4                UsageFault_Handler
 .text.SVC_Handler
                0x00000000080042e8        0x4 /home/manoj/gits/Flow/Build/px4flow-v1_default.build//home/manoj/gits/Flow/src/modules/flow/module.pre.o
                0x00000000080042e8                SVC_Handler
 .text.DebugMon_Handler
                0x00000000080042ec        0x4 /home/manoj/gits/Flow/Build/px4flow-v1_default.build//home/manoj/gits/Flow/src/modules/flow/module.pre.o
                0x00000000080042ec                DebugMon_Handler
 .text.PendSV_Handler
                0x00000000080042f0        0x4 /home/manoj/gits/Flow/Build/px4flow-v1_default.build//home/manoj/gits/Flow/src/modules/flow/module.pre.o
                0x00000000080042f0                PendSV_Handler
 .text.SysTick_Handler
                0x00000000080042f4        0x4 /home/manoj/gits/Flow/Build/px4flow-v1_default.build//home/manoj/gits/Flow/src/modules/flow/module.pre.o
                0x00000000080042f4                SysTick_Handler
 .text.OTG_FS_IRQHandler
                0x00000000080042f8        0xc /home/manoj/gits/Flow/Build/px4flow-v1_default.build//home/manoj/gits/Flow/src/modules/flow/module.pre.o
                0x00000000080042f8                OTG_FS_IRQHandler
 .text.timer_update
                0x0000000008004304      0x12c /home/manoj/gits/Flow/Build/px4flow-v1_default.build//home/manoj/gits/Flow/src/modules/flow/module.pre.o
                0x0000000008004304                timer_update
 .text.get_boot_time_us
                0x0000000008004430       0x10 /home/manoj/gits/Flow/Build/px4flow-v1_default.build//home/manoj/gits/Flow/src/modules/flow/module.pre.o
                0x0000000008004430                get_boot_time_us
 .text.delay    0x0000000008004440       0x10 /home/manoj/gits/Flow/Build/px4flow-v1_default.build//home/manoj/gits/Flow/src/modules/flow/module.pre.o
                0x0000000008004440                delay
 .text.buffer_reset
                0x0000000008004450        0xc /home/manoj/gits/Flow/Build/px4flow-v1_default.build//home/manoj/gits/Flow/src/modules/flow/module.pre.o
                0x0000000008004450                buffer_reset
 .text.startup.main
                0x000000000800445c     0x140c /home/manoj/gits/Flow/Build/px4flow-v1_default.build//home/manoj/gits/Flow/src/modules/flow/module.pre.o
                0x000000000800445c                main
 .text.flow_ftoa
                0x0000000008005868      0x148 /home/manoj/gits/Flow/Build/px4flow-v1_default.build//home/manoj/gits/Flow/src/modules/flow/module.pre.o
                0x0000000008005868                flow_ftoa
 .text.LEDInit  0x00000000080059b0       0x40 /home/manoj/gits/Flow/Build/px4flow-v1_default.build//home/manoj/gits/Flow/src/modules/flow/module.pre.o
                0x00000000080059b0                LEDInit
 .text.LEDOff   0x00000000080059f0       0x18 /home/manoj/gits/Flow/Build/px4flow-v1_default.build//home/manoj/gits/Flow/src/modules/flow/module.pre.o
                0x00000000080059f0                LEDOff
 .text.LEDToggle
                0x0000000008005a08       0x18 /home/manoj/gits/Flow/Build/px4flow-v1_default.build//home/manoj/gits/Flow/src/modules/flow/module.pre.o
                0x0000000008005a08                LEDToggle
 .text.global_data_reset_param_defaults
                0x0000000008005a20      0x6c0 /home/manoj/gits/Flow/Build/px4flow-v1_default.build//home/manoj/gits/Flow/src/modules/flow/module.pre.o
                0x0000000008005a20                global_data_reset_param_defaults
 .text.global_data_reset
                0x00000000080060e0        0x4 /home/manoj/gits/Flow/Build/px4flow-v1_default.build//home/manoj/gits/Flow/src/modules/flow/module.pre.o
                0x00000000080060e0                global_data_reset
 .text.set_sensor_position_settings
                0x00000000080060e4       0x28 /home/manoj/gits/Flow/Build/px4flow-v1_default.build//home/manoj/gits/Flow/src/modules/flow/module.pre.o
                0x00000000080060e4                set_sensor_position_settings
 .text.communication_init
                0x000000000800610c       0x2c /home/manoj/gits/Flow/Build/px4flow-v1_default.build//home/manoj/gits/Flow/src/modules/flow/module.pre.o
                0x000000000800610c                communication_init
 .text.communication_system_state_send
                0x0000000008006138      0x408 /home/manoj/gits/Flow/Build/px4flow-v1_default.build//home/manoj/gits/Flow/src/modules/flow/module.pre.o
                0x0000000008006138                communication_system_state_send
 .text.communication_parameter_send
                0x0000000008006540      0x2b8 /home/manoj/gits/Flow/Build/px4flow-v1_default.build//home/manoj/gits/Flow/src/modules/flow/module.pre.o
                0x0000000008006540                communication_parameter_send
 .text.communication_receive
                0x00000000080067f8     0x152c /home/manoj/gits/Flow/Build/px4flow-v1_default.build//home/manoj/gits/Flow/src/modules/flow/module.pre.o
                0x00000000080067f8                communication_receive
 .text.communication_receive_forward
                0x0000000008007d24      0x26c /home/manoj/gits/Flow/Build/px4flow-v1_default.build//home/manoj/gits/Flow/src/modules/flow/module.pre.o
                0x0000000008007d24                communication_receive_forward
 .text.communication_receive_usb
                0x0000000008007f90     0x1634 /home/manoj/gits/Flow/Build/px4flow-v1_default.build//home/manoj/gits/Flow/src/modules/flow/module.pre.o
                0x0000000008007f90                communication_receive_usb
 .text.mavlink_send_uart_bytes
                0x00000000080095c4       0x38 /home/manoj/gits/Flow/Build/px4flow-v1_default.build//home/manoj/gits/Flow/src/modules/flow/module.pre.o
                0x00000000080095c4                mavlink_send_uart_bytes
 .text.mavlink_get_channel_status
                0x00000000080095fc       0x10 /home/manoj/gits/Flow/Build/px4flow-v1_default.build//home/manoj/gits/Flow/src/modules/flow/module.pre.o
                0x00000000080095fc                mavlink_get_channel_status
 .text.compute_flow
                0x000000000800960c      0xc14 /home/manoj/gits/Flow/Build/px4flow-v1_default.build//home/manoj/gits/Flow/src/modules/flow/module.pre.o
                0x000000000800960c                compute_flow
 .text.dcmi_restart_calibration_routine
                0x000000000800a220       0x58 /home/manoj/gits/Flow/Build/px4flow-v1_default.build//home/manoj/gits/Flow/src/modules/flow/module.pre.o
                0x000000000800a220                dcmi_restart_calibration_routine
 .text.DCMI_IRQHandler
                0x000000000800a278       0x18 /home/manoj/gits/Flow/Build/px4flow-v1_default.build//home/manoj/gits/Flow/src/modules/flow/module.pre.o
                0x000000000800a278                DCMI_IRQHandler
 .text.dma_swap_buffers
                0x000000000800a290       0xd4 /home/manoj/gits/Flow/Build/px4flow-v1_default.build//home/manoj/gits/Flow/src/modules/flow/module.pre.o
                0x000000000800a290                dma_swap_buffers
 .text.DMA2_Stream1_IRQHandler
                0x000000000800a364       0xc8 /home/manoj/gits/Flow/Build/px4flow-v1_default.build//home/manoj/gits/Flow/src/modules/flow/module.pre.o
                0x000000000800a364                DMA2_Stream1_IRQHandler
 .text.get_time_between_images
                0x000000000800a42c        0xc /home/manoj/gits/Flow/Build/px4flow-v1_default.build//home/manoj/gits/Flow/src/modules/flow/module.pre.o
                0x000000000800a42c                get_time_between_images
 .text.get_frame_counter
                0x000000000800a438        0xc /home/manoj/gits/Flow/Build/px4flow-v1_default.build//home/manoj/gits/Flow/src/modules/flow/module.pre.o
                0x000000000800a438                get_frame_counter
 .text.dma_copy_image_buffers
                0x000000000800a444       0x94 /home/manoj/gits/Flow/Build/px4flow-v1_default.build//home/manoj/gits/Flow/src/modules/flow/module.pre.o
                0x000000000800a444                dma_copy_image_buffers
 .text.send_calibration_image
                0x000000000800a4d8      0x5e0 /home/manoj/gits/Flow/Build/px4flow-v1_default.build//home/manoj/gits/Flow/src/modules/flow/module.pre.o
                0x000000000800a4d8                send_calibration_image
 .text.dcmi_clock_init
                0x000000000800aab8       0x8c /home/manoj/gits/Flow/Build/px4flow-v1_default.build//home/manoj/gits/Flow/src/modules/flow/module.pre.o
                0x000000000800aab8                dcmi_clock_init
 .text.dcmi_hw_init
                0x000000000800ab44      0x1b4 /home/manoj/gits/Flow/Build/px4flow-v1_default.build//home/manoj/gits/Flow/src/modules/flow/module.pre.o
                0x000000000800ab44                dcmi_hw_init
 .text.dcmi_dma_init
                0x000000000800acf8       0xa8 /home/manoj/gits/Flow/Build/px4flow-v1_default.build//home/manoj/gits/Flow/src/modules/flow/module.pre.o
                0x000000000800acf8                dcmi_dma_init
 .text.enable_image_capture
                0x000000000800ada0       0x74 /home/manoj/gits/Flow/Build/px4flow-v1_default.build//home/manoj/gits/Flow/src/modules/flow/module.pre.o
                0x000000000800ada0                enable_image_capture
 .text.dma_reconfigure
                0x000000000800ae14       0x94 /home/manoj/gits/Flow/Build/px4flow-v1_default.build//home/manoj/gits/Flow/src/modules/flow/module.pre.o
                0x000000000800ae14                dma_reconfigure
 .text.mt9v034_WriteReg
                0x000000000800aea8       0xb8 /home/manoj/gits/Flow/Build/px4flow-v1_default.build//home/manoj/gits/Flow/src/modules/flow/module.pre.o
                0x000000000800aea8                mt9v034_WriteReg
 .text.mt9v034_set_context
                0x000000000800af60       0x2c /home/manoj/gits/Flow/Build/px4flow-v1_default.build//home/manoj/gits/Flow/src/modules/flow/module.pre.o
                0x000000000800af60                mt9v034_set_context
 .text.mt9v034_ReadReg
                0x000000000800af8c      0x10c /home/manoj/gits/Flow/Build/px4flow-v1_default.build//home/manoj/gits/Flow/src/modules/flow/module.pre.o
                0x000000000800af8c                mt9v034_ReadReg
 .text.mt9v034_context_configuration
                0x000000000800b098      0x460 /home/manoj/gits/Flow/Build/px4flow-v1_default.build//home/manoj/gits/Flow/src/modules/flow/module.pre.o
                0x000000000800b098                mt9v034_context_configuration
 .text.gyro_read
                0x000000000800b4f8      0x290 /home/manoj/gits/Flow/Build/px4flow-v1_default.build//home/manoj/gits/Flow/src/modules/flow/module.pre.o
                0x000000000800b4f8                gyro_read
 .text.l3gd20_config
                0x000000000800b788      0x1b0 /home/manoj/gits/Flow/Build/px4flow-v1_default.build//home/manoj/gits/Flow/src/modules/flow/module.pre.o
                0x000000000800b788                l3gd20_config
 .text.spi_config
                0x000000000800b938       0xc4 /home/manoj/gits/Flow/Build/px4flow-v1_default.build//home/manoj/gits/Flow/src/modules/flow/module.pre.o
                0x000000000800b938                spi_config
 .text.gyro_config
                0x000000000800b9fc      0x1b4 /home/manoj/gits/Flow/Build/px4flow-v1_default.build//home/manoj/gits/Flow/src/modules/flow/module.pre.o
                0x000000000800b9fc                gyro_config
 .text.getGyroRange
                0x000000000800bbb0        0xc /home/manoj/gits/Flow/Build/px4flow-v1_default.build//home/manoj/gits/Flow/src/modules/flow/module.pre.o
                0x000000000800bbb0                getGyroRange
 .text.getGyroScalingFactor
                0x000000000800bbbc       0x20 /home/manoj/gits/Flow/Build/px4flow-v1_default.build//home/manoj/gits/Flow/src/modules/flow/module.pre.o
                0x000000000800bbbc                getGyroScalingFactor
 .text.usart2_tx_ringbuffer_push
                0x000000000800bbdc       0x8c /home/manoj/gits/Flow/Build/px4flow-v1_default.build//home/manoj/gits/Flow/src/modules/flow/module.pre.o
                0x000000000800bbdc                usart2_tx_ringbuffer_push
 .text.usart3_tx_ringbuffer_push
                0x000000000800bc68       0x8c /home/manoj/gits/Flow/Build/px4flow-v1_default.build//home/manoj/gits/Flow/src/modules/flow/module.pre.o
                0x000000000800bc68                usart3_tx_ringbuffer_push
 .text.usart2_char_available
                0x000000000800bcf4       0x18 /home/manoj/gits/Flow/Build/px4flow-v1_default.build//home/manoj/gits/Flow/src/modules/flow/module.pre.o
                0x000000000800bcf4                usart2_char_available
 .text.usart3_char_available
                0x000000000800bd0c       0x18 /home/manoj/gits/Flow/Build/px4flow-v1_default.build//home/manoj/gits/Flow/src/modules/flow/module.pre.o
                0x000000000800bd0c                usart3_char_available
 .text.usart2_rx_ringbuffer_pop
                0x000000000800bd24       0x48 /home/manoj/gits/Flow/Build/px4flow-v1_default.build//home/manoj/gits/Flow/src/modules/flow/module.pre.o
                0x000000000800bd24                usart2_rx_ringbuffer_pop
 .text.usart3_rx_ringbuffer_pop
                0x000000000800bd6c       0x48 /home/manoj/gits/Flow/Build/px4flow-v1_default.build//home/manoj/gits/Flow/src/modules/flow/module.pre.o
                0x000000000800bd6c                usart3_rx_ringbuffer_pop
 .text.USART2_IRQHandler
                0x000000000800bdb4       0xb0 /home/manoj/gits/Flow/Build/px4flow-v1_default.build//home/manoj/gits/Flow/src/modules/flow/module.pre.o
                0x000000000800bdb4                USART2_IRQHandler
 .text.USART3_IRQHandler
                0x000000000800be64       0xb0 /home/manoj/gits/Flow/Build/px4flow-v1_default.build//home/manoj/gits/Flow/src/modules/flow/module.pre.o
                0x000000000800be64                USART3_IRQHandler
 .text.usart_init
                0x000000000800bf14      0x13c /home/manoj/gits/Flow/Build/px4flow-v1_default.build//home/manoj/gits/Flow/src/modules/flow/module.pre.o
                0x000000000800bf14                usart_init
 .text.sonar_trigger
                0x000000000800c050       0x10 /home/manoj/gits/Flow/Build/px4flow-v1_default.build//home/manoj/gits/Flow/src/modules/flow/module.pre.o
                0x000000000800c050                sonar_trigger
 .text.UART4_IRQHandler
                0x000000000800c060      0x154 /home/manoj/gits/Flow/Build/px4flow-v1_default.build//home/manoj/gits/Flow/src/modules/flow/module.pre.o
                0x000000000800c060                UART4_IRQHandler
 .text.sonar_read
                0x000000000800c1b4       0xf0 /home/manoj/gits/Flow/Build/px4flow-v1_default.build//home/manoj/gits/Flow/src/modules/flow/module.pre.o
                0x000000000800c1b4                sonar_read
 .text.sonar_config
                0x000000000800c2a4       0xb4 /home/manoj/gits/Flow/Build/px4flow-v1_default.build//home/manoj/gits/Flow/src/modules/flow/module.pre.o
                0x000000000800c2a4                sonar_config
 .text.get_sonar_measure_time
                0x000000000800c358        0xc /home/manoj/gits/Flow/Build/px4flow-v1_default.build//home/manoj/gits/Flow/src/modules/flow/module.pre.o
                0x000000000800c358                get_sonar_measure_time
 .text.debug_string_message_buffer
                0x000000000800c364       0x5c /home/manoj/gits/Flow/Build/px4flow-v1_default.build//home/manoj/gits/Flow/src/modules/flow/module.pre.o
                0x000000000800c364                debug_string_message_buffer
 .text.debug_int_message_buffer
                0x000000000800c3c0       0x64 /home/manoj/gits/Flow/Build/px4flow-v1_default.build//home/manoj/gits/Flow/src/modules/flow/module.pre.o
                0x000000000800c3c0                debug_int_message_buffer
 .text.debug_message_send_one
                0x000000000800c424      0x378 /home/manoj/gits/Flow/Build/px4flow-v1_default.build//home/manoj/gits/Flow/src/modules/flow/module.pre.o
                0x000000000800c424                debug_message_send_one
 .text.USB_OTG_BSP_Init
                0x000000000800c79c       0x8c /home/manoj/gits/Flow/Build/px4flow-v1_default.build//home/manoj/gits/Flow/src/modules/flow/module.pre.o
                0x000000000800c79c                USB_OTG_BSP_Init
 .text.USB_OTG_BSP_EnableInterrupt
                0x000000000800c828       0x24 /home/manoj/gits/Flow/Build/px4flow-v1_default.build//home/manoj/gits/Flow/src/modules/flow/module.pre.o
                0x000000000800c828                USB_OTG_BSP_EnableInterrupt
 .text.USB_OTG_BSP_uDelay
                0x000000000800c84c       0x24 /home/manoj/gits/Flow/Build/px4flow-v1_default.build//home/manoj/gits/Flow/src/modules/flow/module.pre.o
                0x000000000800c84c                USB_OTG_BSP_uDelay
 .text.USB_OTG_BSP_mDelay
                0x000000000800c870       0x28 /home/manoj/gits/Flow/Build/px4flow-v1_default.build//home/manoj/gits/Flow/src/modules/flow/module.pre.o
                0x000000000800c870                USB_OTG_BSP_mDelay
 .text.VCP_Init
                0x000000000800c898        0x4 /home/manoj/gits/Flow/Build/px4flow-v1_default.build//home/manoj/gits/Flow/src/modules/flow/module.pre.o
 .text.VCP_DataTx
                0x000000000800c89c       0x44 /home/manoj/gits/Flow/Build/px4flow-v1_default.build//home/manoj/gits/Flow/src/modules/flow/module.pre.o
 .text.VCP_DataRx
                0x000000000800c8e0       0x50 /home/manoj/gits/Flow/Build/px4flow-v1_default.build//home/manoj/gits/Flow/src/modules/flow/module.pre.o
 .text.VCP_Ctrl
                0x000000000800c930       0x2c /home/manoj/gits/Flow/Build/px4flow-v1_default.build//home/manoj/gits/Flow/src/modules/flow/module.pre.o
 .text.VCP_DeInit
                0x000000000800c95c        0x4 /home/manoj/gits/Flow/Build/px4flow-v1_default.build//home/manoj/gits/Flow/src/modules/flow/module.pre.o
 .text.VCP_put_char
                0x000000000800c960       0x28 /home/manoj/gits/Flow/Build/px4flow-v1_default.build//home/manoj/gits/Flow/src/modules/flow/module.pre.o
                0x000000000800c960                VCP_put_char
 .text.VCP_get_char
                0x000000000800c988       0x34 /home/manoj/gits/Flow/Build/px4flow-v1_default.build//home/manoj/gits/Flow/src/modules/flow/module.pre.o
                0x000000000800c988                VCP_get_char
 .text.USBD_USR_DeviceDescriptor
                0x000000000800c9bc        0xc /home/manoj/gits/Flow/Build/px4flow-v1_default.build//home/manoj/gits/Flow/src/modules/flow/module.pre.o
                0x000000000800c9bc                USBD_USR_DeviceDescriptor
 .text.USBD_USR_LangIDStrDescriptor
                0x000000000800c9c8        0xc /home/manoj/gits/Flow/Build/px4flow-v1_default.build//home/manoj/gits/Flow/src/modules/flow/module.pre.o
                0x000000000800c9c8                USBD_USR_LangIDStrDescriptor
 .text.USBD_USR_ManufacturerStrDescriptor
                0x000000000800c9d4       0x1c /home/manoj/gits/Flow/Build/px4flow-v1_default.build//home/manoj/gits/Flow/src/modules/flow/module.pre.o
                0x000000000800c9d4                USBD_USR_ManufacturerStrDescriptor
 .text.USBD_USR_ProductStrDescriptor
                0x000000000800c9f0       0x1c /home/manoj/gits/Flow/Build/px4flow-v1_default.build//home/manoj/gits/Flow/src/modules/flow/module.pre.o
                0x000000000800c9f0                USBD_USR_ProductStrDescriptor
 .text.USBD_USR_SerialStrDescriptor
                0x000000000800ca0c       0x1c /home/manoj/gits/Flow/Build/px4flow-v1_default.build//home/manoj/gits/Flow/src/modules/flow/module.pre.o
                0x000000000800ca0c                USBD_USR_SerialStrDescriptor
 .text.USBD_USR_ConfigStrDescriptor
                0x000000000800ca28       0x1c /home/manoj/gits/Flow/Build/px4flow-v1_default.build//home/manoj/gits/Flow/src/modules/flow/module.pre.o
                0x000000000800ca28                USBD_USR_ConfigStrDescriptor
 .text.USBD_USR_InterfaceStrDescriptor
                0x000000000800ca44       0x1c /home/manoj/gits/Flow/Build/px4flow-v1_default.build//home/manoj/gits/Flow/src/modules/flow/module.pre.o
                0x000000000800ca44                USBD_USR_InterfaceStrDescriptor
 .text.USBD_USR_Init
                0x000000000800ca60        0x4 /home/manoj/gits/Flow/Build/px4flow-v1_default.build//home/manoj/gits/Flow/src/modules/flow/module.pre.o
                0x000000000800ca60                USBD_USR_Init
 .text.USBD_USR_DeviceReset
                0x000000000800ca64        0x4 /home/manoj/gits/Flow/Build/px4flow-v1_default.build//home/manoj/gits/Flow/src/modules/flow/module.pre.o
                0x000000000800ca64                USBD_USR_DeviceReset
 .text.USBD_USR_DeviceDisconnected
                0x000000000800ca68        0x4 /home/manoj/gits/Flow/Build/px4flow-v1_default.build//home/manoj/gits/Flow/src/modules/flow/module.pre.o
                0x000000000800ca68                USBD_USR_DeviceDisconnected
 .text.USBD_USR_DeviceConfigured
                0x000000000800ca6c        0x4 /home/manoj/gits/Flow/Build/px4flow-v1_default.build//home/manoj/gits/Flow/src/modules/flow/module.pre.o
                0x000000000800ca6c                USBD_USR_DeviceConfigured
 .text.USBD_USR_DeviceSuspended
                0x000000000800ca70        0x4 /home/manoj/gits/Flow/Build/px4flow-v1_default.build//home/manoj/gits/Flow/src/modules/flow/module.pre.o
                0x000000000800ca70                USBD_USR_DeviceSuspended
 .text.USBD_USR_DeviceResumed
                0x000000000800ca74        0x4 /home/manoj/gits/Flow/Build/px4flow-v1_default.build//home/manoj/gits/Flow/src/modules/flow/module.pre.o
                0x000000000800ca74                USBD_USR_DeviceResumed
 .text.USBD_USR_DeviceConnected
                0x000000000800ca78        0x4 /home/manoj/gits/Flow/Build/px4flow-v1_default.build//home/manoj/gits/Flow/src/modules/flow/module.pre.o
                0x000000000800ca78                USBD_USR_DeviceConnected
 .text.i2c_init
                0x000000000800ca7c      0x164 /home/manoj/gits/Flow/Build/px4flow-v1_default.build//home/manoj/gits/Flow/src/modules/flow/module.pre.o
                0x000000000800ca7c                i2c_init
 .text.I2C1_EV_IRQHandler
                0x000000000800cbe0      0x138 /home/manoj/gits/Flow/Build/px4flow-v1_default.build//home/manoj/gits/Flow/src/modules/flow/module.pre.o
                0x000000000800cbe0                I2C1_EV_IRQHandler
 .text.I2C1_ER_IRQHandler
                0x000000000800cd18       0x20 /home/manoj/gits/Flow/Build/px4flow-v1_default.build//home/manoj/gits/Flow/src/modules/flow/module.pre.o
                0x000000000800cd18                I2C1_ER_IRQHandler
 .text.update_TX_buffer
                0x000000000800cd38      0x3c0 /home/manoj/gits/Flow/Build/px4flow-v1_default.build//home/manoj/gits/Flow/src/modules/flow/module.pre.o
                0x000000000800cd38                update_TX_buffer
 .text.up_systemreset
                0x000000000800d0f8       0x1c /home/manoj/gits/Flow/Build/px4flow-v1_default.build//home/manoj/gits/Flow/src/modules/flow/module.pre.o
                0x000000000800d0f8                up_systemreset
 .text.systemreset
                0x000000000800d114       0x24 /home/manoj/gits/Flow/Build/px4flow-v1_default.build//home/manoj/gits/Flow/src/modules/flow/module.pre.o
                0x000000000800d114                systemreset
 .text.NVIC_PriorityGroupConfig
                0x000000000800d138       0x14 /home/manoj/gits/Flow/Build/px4flow-v1_default.build//home/manoj/gits/Flow/src/modules/flow/module.pre.o
                0x000000000800d138                NVIC_PriorityGroupConfig
 .text.NVIC_Init
                0x000000000800d14c       0x68 /home/manoj/gits/Flow/Build/px4flow-v1_default.build//home/manoj/gits/Flow/src/modules/flow/module.pre.o
                0x000000000800d14c                NVIC_Init
 .text.RCC_GetClocksFreq
                0x000000000800d1b4       0x90 /home/manoj/gits/Flow/Build/px4flow-v1_default.build//home/manoj/gits/Flow/src/modules/flow/module.pre.o
                0x000000000800d1b4                RCC_GetClocksFreq
 .text.RCC_AHB1PeriphClockCmd
                0x000000000800d244       0x18 /home/manoj/gits/Flow/Build/px4flow-v1_default.build//home/manoj/gits/Flow/src/modules/flow/module.pre.o
                0x000000000800d244                RCC_AHB1PeriphClockCmd
 .text.RCC_AHB2PeriphClockCmd
                0x000000000800d25c       0x18 /home/manoj/gits/Flow/Build/px4flow-v1_default.build//home/manoj/gits/Flow/src/modules/flow/module.pre.o
                0x000000000800d25c                RCC_AHB2PeriphClockCmd
 .text.RCC_APB1PeriphClockCmd
                0x000000000800d274       0x18 /home/manoj/gits/Flow/Build/px4flow-v1_default.build//home/manoj/gits/Flow/src/modules/flow/module.pre.o
                0x000000000800d274                RCC_APB1PeriphClockCmd
 .text.RCC_APB2PeriphClockCmd
                0x000000000800d28c       0x18 /home/manoj/gits/Flow/Build/px4flow-v1_default.build//home/manoj/gits/Flow/src/modules/flow/module.pre.o
                0x000000000800d28c                RCC_APB2PeriphClockCmd
 .text.RCC_APB1PeriphResetCmd
                0x000000000800d2a4       0x18 /home/manoj/gits/Flow/Build/px4flow-v1_default.build//home/manoj/gits/Flow/src/modules/flow/module.pre.o
                0x000000000800d2a4                RCC_APB1PeriphResetCmd
 .text.DMA_DeInit
                0x000000000800d2bc      0x12c /home/manoj/gits/Flow/Build/px4flow-v1_default.build//home/manoj/gits/Flow/src/modules/flow/module.pre.o
                0x000000000800d2bc                DMA_DeInit
 .text.DMA_Init
                0x000000000800d3e8       0x58 /home/manoj/gits/Flow/Build/px4flow-v1_default.build//home/manoj/gits/Flow/src/modules/flow/module.pre.o
                0x000000000800d3e8                DMA_Init
 .text.DMA_Cmd  0x000000000800d440       0x14 /home/manoj/gits/Flow/Build/px4flow-v1_default.build//home/manoj/gits/Flow/src/modules/flow/module.pre.o
                0x000000000800d440                DMA_Cmd
 .text.DMA_DoubleBufferModeConfig
                0x000000000800d454       0x18 /home/manoj/gits/Flow/Build/px4flow-v1_default.build//home/manoj/gits/Flow/src/modules/flow/module.pre.o
                0x000000000800d454                DMA_DoubleBufferModeConfig
 .text.DMA_DoubleBufferModeCmd
                0x000000000800d46c       0x14 /home/manoj/gits/Flow/Build/px4flow-v1_default.build//home/manoj/gits/Flow/src/modules/flow/module.pre.o
                0x000000000800d46c                DMA_DoubleBufferModeCmd
 .text.DMA_MemoryTargetConfig
                0x000000000800d480        0xc /home/manoj/gits/Flow/Build/px4flow-v1_default.build//home/manoj/gits/Flow/src/modules/flow/module.pre.o
                0x000000000800d480                DMA_MemoryTargetConfig
 .text.DMA_GetCurrentMemoryTarget
                0x000000000800d48c        0x8 /home/manoj/gits/Flow/Build/px4flow-v1_default.build//home/manoj/gits/Flow/src/modules/flow/module.pre.o
                0x000000000800d48c                DMA_GetCurrentMemoryTarget
 .text.DMA_ITConfig
                0x000000000800d494       0x40 /home/manoj/gits/Flow/Build/px4flow-v1_default.build//home/manoj/gits/Flow/src/modules/flow/module.pre.o
                0x000000000800d494                DMA_ITConfig
 .text.DMA_GetITStatus
                0x000000000800d4d4       0x54 /home/manoj/gits/Flow/Build/px4flow-v1_default.build//home/manoj/gits/Flow/src/modules/flow/module.pre.o
                0x000000000800d4d4                DMA_GetITStatus
 .text.DMA_ClearITPendingBit
                0x000000000800d528       0x30 /home/manoj/gits/Flow/Build/px4flow-v1_default.build//home/manoj/gits/Flow/src/modules/flow/module.pre.o
                0x000000000800d528                DMA_ClearITPendingBit
 .text.DCMI_Init
                0x000000000800d558       0x40 /home/manoj/gits/Flow/Build/px4flow-v1_default.build//home/manoj/gits/Flow/src/modules/flow/module.pre.o
                0x000000000800d558                DCMI_Init
 .text.DCMI_Cmd
                0x000000000800d598       0x1c /home/manoj/gits/Flow/Build/px4flow-v1_default.build//home/manoj/gits/Flow/src/modules/flow/module.pre.o
                0x000000000800d598                DCMI_Cmd
 .text.DCMI_CaptureCmd
                0x000000000800d5b4       0x1c /home/manoj/gits/Flow/Build/px4flow-v1_default.build//home/manoj/gits/Flow/src/modules/flow/module.pre.o
                0x000000000800d5b4                DCMI_CaptureCmd
 .text.DCMI_GetITStatus
                0x000000000800d5d0       0x14 /home/manoj/gits/Flow/Build/px4flow-v1_default.build//home/manoj/gits/Flow/src/modules/flow/module.pre.o
                0x000000000800d5d0                DCMI_GetITStatus
 .text.DCMI_ClearITPendingBit
                0x000000000800d5e4        0xc /home/manoj/gits/Flow/Build/px4flow-v1_default.build//home/manoj/gits/Flow/src/modules/flow/module.pre.o
                0x000000000800d5e4                DCMI_ClearITPendingBit
 .text.I2C_DeInit
                0x000000000800d5f0       0x6c /home/manoj/gits/Flow/Build/px4flow-v1_default.build//home/manoj/gits/Flow/src/modules/flow/module.pre.o
                0x000000000800d5f0                I2C_DeInit
 .text.I2C_Init
                0x000000000800d65c       0xd4 /home/manoj/gits/Flow/Build/px4flow-v1_default.build//home/manoj/gits/Flow/src/modules/flow/module.pre.o
                0x000000000800d65c                I2C_Init
 .text.I2C_Cmd  0x000000000800d730       0x18 /home/manoj/gits/Flow/Build/px4flow-v1_default.build//home/manoj/gits/Flow/src/modules/flow/module.pre.o
                0x000000000800d730                I2C_Cmd
 .text.I2C_GenerateSTART
                0x000000000800d748       0x18 /home/manoj/gits/Flow/Build/px4flow-v1_default.build//home/manoj/gits/Flow/src/modules/flow/module.pre.o
                0x000000000800d748                I2C_GenerateSTART
 .text.I2C_GenerateSTOP
                0x000000000800d760       0x18 /home/manoj/gits/Flow/Build/px4flow-v1_default.build//home/manoj/gits/Flow/src/modules/flow/module.pre.o
                0x000000000800d760                I2C_GenerateSTOP
 .text.I2C_Send7bitAddress
                0x000000000800d778       0x18 /home/manoj/gits/Flow/Build/px4flow-v1_default.build//home/manoj/gits/Flow/src/modules/flow/module.pre.o
                0x000000000800d778                I2C_Send7bitAddress
 .text.I2C_AcknowledgeConfig
                0x000000000800d790       0x18 /home/manoj/gits/Flow/Build/px4flow-v1_default.build//home/manoj/gits/Flow/src/modules/flow/module.pre.o
                0x000000000800d790                I2C_AcknowledgeConfig
 .text.I2C_SoftwareResetCmd
                0x000000000800d7a8       0x14 /home/manoj/gits/Flow/Build/px4flow-v1_default.build//home/manoj/gits/Flow/src/modules/flow/module.pre.o
                0x000000000800d7a8                I2C_SoftwareResetCmd
 .text.I2C_StretchClockCmd
                0x000000000800d7bc       0x18 /home/manoj/gits/Flow/Build/px4flow-v1_default.build//home/manoj/gits/Flow/src/modules/flow/module.pre.o
                0x000000000800d7bc                I2C_StretchClockCmd
 .text.I2C_SendData
                0x000000000800d7d4        0x4 /home/manoj/gits/Flow/Build/px4flow-v1_default.build//home/manoj/gits/Flow/src/modules/flow/module.pre.o
                0x000000000800d7d4                I2C_SendData
 .text.I2C_ReceiveData
                0x000000000800d7d8        0x8 /home/manoj/gits/Flow/Build/px4flow-v1_default.build//home/manoj/gits/Flow/src/modules/flow/module.pre.o
                0x000000000800d7d8                I2C_ReceiveData
 .text.I2C_ReadRegister
                0x000000000800d7e0       0x18 /home/manoj/gits/Flow/Build/px4flow-v1_default.build//home/manoj/gits/Flow/src/modules/flow/module.pre.o
                0x000000000800d7e0                I2C_ReadRegister
 .text.I2C_ITConfig
                0x000000000800d7f8       0x14 /home/manoj/gits/Flow/Build/px4flow-v1_default.build//home/manoj/gits/Flow/src/modules/flow/module.pre.o
                0x000000000800d7f8                I2C_ITConfig
 .text.I2C_CheckEvent
                0x000000000800d80c       0x18 /home/manoj/gits/Flow/Build/px4flow-v1_default.build//home/manoj/gits/Flow/src/modules/flow/module.pre.o
                0x000000000800d80c                I2C_CheckEvent
 .text.I2C_GetLastEvent
                0x000000000800d824       0x10 /home/manoj/gits/Flow/Build/px4flow-v1_default.build//home/manoj/gits/Flow/src/modules/flow/module.pre.o
                0x000000000800d824                I2C_GetLastEvent
 .text.TIM_TimeBaseInit
                0x000000000800d834       0x98 /home/manoj/gits/Flow/Build/px4flow-v1_default.build//home/manoj/gits/Flow/src/modules/flow/module.pre.o
                0x000000000800d834                TIM_TimeBaseInit
 .text.TIM_ARRPreloadConfig
                0x000000000800d8cc       0x18 /home/manoj/gits/Flow/Build/px4flow-v1_default.build//home/manoj/gits/Flow/src/modules/flow/module.pre.o
                0x000000000800d8cc                TIM_ARRPreloadConfig
 .text.TIM_Cmd  0x000000000800d8e4       0x18 /home/manoj/gits/Flow/Build/px4flow-v1_default.build//home/manoj/gits/Flow/src/modules/flow/module.pre.o
                0x000000000800d8e4                TIM_Cmd
 .text.TIM_OC3Init
                0x000000000800d8fc       0x84 /home/manoj/gits/Flow/Build/px4flow-v1_default.build//home/manoj/gits/Flow/src/modules/flow/module.pre.o
                0x000000000800d8fc                TIM_OC3Init
 .text.TIM_OC3PreloadConfig
                0x000000000800d980       0x10 /home/manoj/gits/Flow/Build/px4flow-v1_default.build//home/manoj/gits/Flow/src/modules/flow/module.pre.o
                0x000000000800d980                TIM_OC3PreloadConfig
 .text.SPI_Init
                0x000000000800d990       0x40 /home/manoj/gits/Flow/Build/px4flow-v1_default.build//home/manoj/gits/Flow/src/modules/flow/module.pre.o
                0x000000000800d990                SPI_Init
 .text.SPI_Cmd  0x000000000800d9d0       0x18 /home/manoj/gits/Flow/Build/px4flow-v1_default.build//home/manoj/gits/Flow/src/modules/flow/module.pre.o
                0x000000000800d9d0                SPI_Cmd
 .text.SPI_I2S_ReceiveData
                0x000000000800d9e8        0x4 /home/manoj/gits/Flow/Build/px4flow-v1_default.build//home/manoj/gits/Flow/src/modules/flow/module.pre.o
                0x000000000800d9e8                SPI_I2S_ReceiveData
 .text.SPI_I2S_SendData
                0x000000000800d9ec        0x4 /home/manoj/gits/Flow/Build/px4flow-v1_default.build//home/manoj/gits/Flow/src/modules/flow/module.pre.o
                0x000000000800d9ec                SPI_I2S_SendData
 .text.SPI_I2S_GetFlagStatus
                0x000000000800d9f0        0xc /home/manoj/gits/Flow/Build/px4flow-v1_default.build//home/manoj/gits/Flow/src/modules/flow/module.pre.o
                0x000000000800d9f0                SPI_I2S_GetFlagStatus
 .text.USART_Init
                0x000000000800d9fc       0xc0 /home/manoj/gits/Flow/Build/px4flow-v1_default.build//home/manoj/gits/Flow/src/modules/flow/module.pre.o
                0x000000000800d9fc                USART_Init
 .text.USART_Cmd
                0x000000000800dabc       0x18 /home/manoj/gits/Flow/Build/px4flow-v1_default.build//home/manoj/gits/Flow/src/modules/flow/module.pre.o
                0x000000000800dabc                USART_Cmd
 .text.USART_SendData
                0x000000000800dad4        0x8 /home/manoj/gits/Flow/Build/px4flow-v1_default.build//home/manoj/gits/Flow/src/modules/flow/module.pre.o
                0x000000000800dad4                USART_SendData
 .text.USART_ReceiveData
                0x000000000800dadc        0x8 /home/manoj/gits/Flow/Build/px4flow-v1_default.build//home/manoj/gits/Flow/src/modules/flow/module.pre.o
                0x000000000800dadc                USART_ReceiveData
 .text.USART_ITConfig
                0x000000000800dae4       0x3c /home/manoj/gits/Flow/Build/px4flow-v1_default.build//home/manoj/gits/Flow/src/modules/flow/module.pre.o
                0x000000000800dae4                USART_ITConfig
 .text.USART_GetITStatus
                0x000000000800db20       0x48 /home/manoj/gits/Flow/Build/px4flow-v1_default.build//home/manoj/gits/Flow/src/modules/flow/module.pre.o
                0x000000000800db20                USART_GetITStatus
 .text.GPIO_Init
                0x000000000800db68       0x8c /home/manoj/gits/Flow/Build/px4flow-v1_default.build//home/manoj/gits/Flow/src/modules/flow/module.pre.o
                0x000000000800db68                GPIO_Init
 .text.GPIO_ReadInputData
                0x000000000800dbf4        0x8 /home/manoj/gits/Flow/Build/px4flow-v1_default.build//home/manoj/gits/Flow/src/modules/flow/module.pre.o
                0x000000000800dbf4                GPIO_ReadInputData
 .text.GPIO_SetBits
                0x000000000800dbfc        0x4 /home/manoj/gits/Flow/Build/px4flow-v1_default.build//home/manoj/gits/Flow/src/modules/flow/module.pre.o
                0x000000000800dbfc                GPIO_SetBits
 .text.GPIO_ResetBits
                0x000000000800dc00        0x4 /home/manoj/gits/Flow/Build/px4flow-v1_default.build//home/manoj/gits/Flow/src/modules/flow/module.pre.o
                0x000000000800dc00                GPIO_ResetBits
 .text.GPIO_ToggleBits
                0x000000000800dc04        0x8 /home/manoj/gits/Flow/Build/px4flow-v1_default.build//home/manoj/gits/Flow/src/modules/flow/module.pre.o
                0x000000000800dc04                GPIO_ToggleBits
 .text.GPIO_PinAFConfig
                0x000000000800dc0c       0x2c /home/manoj/gits/Flow/Build/px4flow-v1_default.build//home/manoj/gits/Flow/src/modules/flow/module.pre.o
                0x000000000800dc0c                GPIO_PinAFConfig
 .text.USB_OTG_WritePacket
                0x000000000800dc38       0x28 /home/manoj/gits/Flow/Build/px4flow-v1_default.build//home/manoj/gits/Flow/src/modules/flow/module.pre.o
                0x000000000800dc38                USB_OTG_WritePacket
 .text.USB_OTG_ReadPacket
                0x000000000800dc60       0x2c /home/manoj/gits/Flow/Build/px4flow-v1_default.build//home/manoj/gits/Flow/src/modules/flow/module.pre.o
                0x000000000800dc60                USB_OTG_ReadPacket
 .text.USB_OTG_SelectCore
                0x000000000800dc8c      0x35c /home/manoj/gits/Flow/Build/px4flow-v1_default.build//home/manoj/gits/Flow/src/modules/flow/module.pre.o
                0x000000000800dc8c                USB_OTG_SelectCore
 .text.USB_OTG_CoreInit
                0x000000000800dfe8      0x144 /home/manoj/gits/Flow/Build/px4flow-v1_default.build//home/manoj/gits/Flow/src/modules/flow/module.pre.o
                0x000000000800dfe8                USB_OTG_CoreInit
 .text.USB_OTG_EnableGlobalInt
                0x000000000800e12c       0x10 /home/manoj/gits/Flow/Build/px4flow-v1_default.build//home/manoj/gits/Flow/src/modules/flow/module.pre.o
                0x000000000800e12c                USB_OTG_EnableGlobalInt
 .text.USB_OTG_DisableGlobalInt
                0x000000000800e13c       0x10 /home/manoj/gits/Flow/Build/px4flow-v1_default.build//home/manoj/gits/Flow/src/modules/flow/module.pre.o
                0x000000000800e13c                USB_OTG_DisableGlobalInt
 .text.USB_OTG_FlushTxFifo
                0x000000000800e14c       0x48 /home/manoj/gits/Flow/Build/px4flow-v1_default.build//home/manoj/gits/Flow/src/modules/flow/module.pre.o
                0x000000000800e14c                USB_OTG_FlushTxFifo
 .text.USB_OTG_SetCurrentMode
                0x000000000800e194       0x2c /home/manoj/gits/Flow/Build/px4flow-v1_default.build//home/manoj/gits/Flow/src/modules/flow/module.pre.o
                0x000000000800e194                USB_OTG_SetCurrentMode
 .text.USB_OTG_IsDeviceMode
                0x000000000800e1c0        0xc /home/manoj/gits/Flow/Build/px4flow-v1_default.build//home/manoj/gits/Flow/src/modules/flow/module.pre.o
                0x000000000800e1c0                USB_OTG_IsDeviceMode
 .text.USB_OTG_ReadCoreItr
                0x000000000800e1cc        0xc /home/manoj/gits/Flow/Build/px4flow-v1_default.build//home/manoj/gits/Flow/src/modules/flow/module.pre.o
                0x000000000800e1cc                USB_OTG_ReadCoreItr
 .text.USB_OTG_CoreInitDev
                0x000000000800e1d8      0x50c /home/manoj/gits/Flow/Build/px4flow-v1_default.build//home/manoj/gits/Flow/src/modules/flow/module.pre.o
                0x000000000800e1d8                USB_OTG_CoreInitDev
 .text.USB_OTG_GetDeviceSpeed
                0x000000000800e6e4       0x20 /home/manoj/gits/Flow/Build/px4flow-v1_default.build//home/manoj/gits/Flow/src/modules/flow/module.pre.o
                0x000000000800e6e4                USB_OTG_GetDeviceSpeed
 .text.USB_OTG_EP0Activate
                0x000000000800e704       0x34 /home/manoj/gits/Flow/Build/px4flow-v1_default.build//home/manoj/gits/Flow/src/modules/flow/module.pre.o
                0x000000000800e704                USB_OTG_EP0Activate
 .text.USB_OTG_EPActivate
                0x000000000800e738       0x58 /home/manoj/gits/Flow/Build/px4flow-v1_default.build//home/manoj/gits/Flow/src/modules/flow/module.pre.o
                0x000000000800e738                USB_OTG_EPActivate
 .text.USB_OTG_EPDeactivate
                0x000000000800e790       0x3c /home/manoj/gits/Flow/Build/px4flow-v1_default.build//home/manoj/gits/Flow/src/modules/flow/module.pre.o
                0x000000000800e790                USB_OTG_EPDeactivate
 .text.USB_OTG_EPStartXfer
                0x000000000800e7cc      0x13c /home/manoj/gits/Flow/Build/px4flow-v1_default.build//home/manoj/gits/Flow/src/modules/flow/module.pre.o
                0x000000000800e7cc                USB_OTG_EPStartXfer
 .text.USB_OTG_EP0StartXfer
                0x000000000800e908       0xfc /home/manoj/gits/Flow/Build/px4flow-v1_default.build//home/manoj/gits/Flow/src/modules/flow/module.pre.o
                0x000000000800e908                USB_OTG_EP0StartXfer
 .text.USB_OTG_EPSetStall
                0x000000000800ea04       0x30 /home/manoj/gits/Flow/Build/px4flow-v1_default.build//home/manoj/gits/Flow/src/modules/flow/module.pre.o
                0x000000000800ea04                USB_OTG_EPSetStall
 .text.USB_OTG_EPClearStall
                0x000000000800ea34       0x28 /home/manoj/gits/Flow/Build/px4flow-v1_default.build//home/manoj/gits/Flow/src/modules/flow/module.pre.o
                0x000000000800ea34                USB_OTG_EPClearStall
 .text.USB_OTG_ReadDevAllOutEp_itr
                0x000000000800ea5c        0xc /home/manoj/gits/Flow/Build/px4flow-v1_default.build//home/manoj/gits/Flow/src/modules/flow/module.pre.o
                0x000000000800ea5c                USB_OTG_ReadDevAllOutEp_itr
 .text.USB_OTG_ReadDevOutEP_itr
                0x000000000800ea68       0x10 /home/manoj/gits/Flow/Build/px4flow-v1_default.build//home/manoj/gits/Flow/src/modules/flow/module.pre.o
                0x000000000800ea68                USB_OTG_ReadDevOutEP_itr
 .text.USB_OTG_ReadDevAllInEPItr
                0x000000000800ea78        0xc /home/manoj/gits/Flow/Build/px4flow-v1_default.build//home/manoj/gits/Flow/src/modules/flow/module.pre.o
                0x000000000800ea78                USB_OTG_ReadDevAllInEPItr
 .text.USB_OTG_EP0_OutStart
                0x000000000800ea84       0x2c /home/manoj/gits/Flow/Build/px4flow-v1_default.build//home/manoj/gits/Flow/src/modules/flow/module.pre.o
                0x000000000800ea84                USB_OTG_EP0_OutStart
 .text.USBD_OTG_ISR_Handler
                0x000000000800eab0      0x5b0 /home/manoj/gits/Flow/Build/px4flow-v1_default.build//home/manoj/gits/Flow/src/modules/flow/module.pre.o
                0x000000000800eab0                USBD_OTG_ISR_Handler
 .text.DCD_Init
                0x000000000800f060      0x454 /home/manoj/gits/Flow/Build/px4flow-v1_default.build//home/manoj/gits/Flow/src/modules/flow/module.pre.o
                0x000000000800f060                DCD_Init
 .text.DCD_EP_Open
                0x000000000800f4b4       0x68 /home/manoj/gits/Flow/Build/px4flow-v1_default.build//home/manoj/gits/Flow/src/modules/flow/module.pre.o
                0x000000000800f4b4                DCD_EP_Open
 .text.DCD_EP_Close
                0x000000000800f51c       0x30 /home/manoj/gits/Flow/Build/px4flow-v1_default.build//home/manoj/gits/Flow/src/modules/flow/module.pre.o
                0x000000000800f51c                DCD_EP_Close
 .text.DCD_EP_PrepareRx
                0x000000000800f54c       0x50 /home/manoj/gits/Flow/Build/px4flow-v1_default.build//home/manoj/gits/Flow/src/modules/flow/module.pre.o
                0x000000000800f54c                DCD_EP_PrepareRx
 .text.DCD_EP_Tx
                0x000000000800f59c       0x48 /home/manoj/gits/Flow/Build/px4flow-v1_default.build//home/manoj/gits/Flow/src/modules/flow/module.pre.o
                0x000000000800f59c                DCD_EP_Tx
 .text.DCD_EP_Stall
                0x000000000800f5e4       0x34 /home/manoj/gits/Flow/Build/px4flow-v1_default.build//home/manoj/gits/Flow/src/modules/flow/module.pre.o
                0x000000000800f5e4                DCD_EP_Stall
 .text.DCD_EP_ClrStall
                0x000000000800f618       0x34 /home/manoj/gits/Flow/Build/px4flow-v1_default.build//home/manoj/gits/Flow/src/modules/flow/module.pre.o
                0x000000000800f618                DCD_EP_ClrStall
 .text.DCD_EP_SetAddress
                0x000000000800f64c       0x10 /home/manoj/gits/Flow/Build/px4flow-v1_default.build//home/manoj/gits/Flow/src/modules/flow/module.pre.o
                0x000000000800f64c                DCD_EP_SetAddress
 .text.USBD_Resume
                0x000000000800f65c       0x18 /home/manoj/gits/Flow/Build/px4flow-v1_default.build//home/manoj/gits/Flow/src/modules/flow/module.pre.o
 .text.USBD_Suspend
                0x000000000800f674       0x1c /home/manoj/gits/Flow/Build/px4flow-v1_default.build//home/manoj/gits/Flow/src/modules/flow/module.pre.o
 .text.USBD_SOF
                0x000000000800f690       0x10 /home/manoj/gits/Flow/Build/px4flow-v1_default.build//home/manoj/gits/Flow/src/modules/flow/module.pre.o
 .text.USBD_IsoINIncomplete
                0x000000000800f6a0       0x10 /home/manoj/gits/Flow/Build/px4flow-v1_default.build//home/manoj/gits/Flow/src/modules/flow/module.pre.o
 .text.USBD_IsoOUTIncomplete
                0x000000000800f6b0       0x10 /home/manoj/gits/Flow/Build/px4flow-v1_default.build//home/manoj/gits/Flow/src/modules/flow/module.pre.o
 .text.USBD_DevConnected
                0x000000000800f6c0       0x18 /home/manoj/gits/Flow/Build/px4flow-v1_default.build//home/manoj/gits/Flow/src/modules/flow/module.pre.o
 .text.USBD_DevDisconnected
                0x000000000800f6d8       0x20 /home/manoj/gits/Flow/Build/px4flow-v1_default.build//home/manoj/gits/Flow/src/modules/flow/module.pre.o
 .text.USBD_Reset
                0x000000000800f6f8       0x30 /home/manoj/gits/Flow/Build/px4flow-v1_default.build//home/manoj/gits/Flow/src/modules/flow/module.pre.o
 .text.USBD_SetupStage
                0x000000000800f728       0x58 /home/manoj/gits/Flow/Build/px4flow-v1_default.build//home/manoj/gits/Flow/src/modules/flow/module.pre.o
 .text.USBD_DataInStage
                0x000000000800f780       0xbc /home/manoj/gits/Flow/Build/px4flow-v1_default.build//home/manoj/gits/Flow/src/modules/flow/module.pre.o
 .text.USBD_DataOutStage
                0x000000000800f83c       0x78 /home/manoj/gits/Flow/Build/px4flow-v1_default.build//home/manoj/gits/Flow/src/modules/flow/module.pre.o
 .text.USBD_Init
                0x000000000800f8b4       0x38 /home/manoj/gits/Flow/Build/px4flow-v1_default.build//home/manoj/gits/Flow/src/modules/flow/module.pre.o
                0x000000000800f8b4                USBD_Init
 .text.USBD_SetCfg
                0x000000000800f8ec       0x18 /home/manoj/gits/Flow/Build/px4flow-v1_default.build//home/manoj/gits/Flow/src/modules/flow/module.pre.o
                0x000000000800f8ec                USBD_SetCfg
 .text.USBD_ClrCfg
                0x000000000800f904       0x10 /home/manoj/gits/Flow/Build/px4flow-v1_default.build//home/manoj/gits/Flow/src/modules/flow/module.pre.o
                0x000000000800f904                USBD_ClrCfg
 .text.USBD_StdDevReq
                0x000000000800f914      0x2cc /home/manoj/gits/Flow/Build/px4flow-v1_default.build//home/manoj/gits/Flow/src/modules/flow/module.pre.o
                0x000000000800f914                USBD_StdDevReq
 .text.USBD_StdItfReq
                0x000000000800fbe0       0x48 /home/manoj/gits/Flow/Build/px4flow-v1_default.build//home/manoj/gits/Flow/src/modules/flow/module.pre.o
                0x000000000800fbe0                USBD_StdItfReq
 .text.USBD_StdEPReq
                0x000000000800fc28       0xd4 /home/manoj/gits/Flow/Build/px4flow-v1_default.build//home/manoj/gits/Flow/src/modules/flow/module.pre.o
                0x000000000800fc28                USBD_StdEPReq
 .text.USBD_ParseSetupRequest
                0x000000000800fcfc       0x44 /home/manoj/gits/Flow/Build/px4flow-v1_default.build//home/manoj/gits/Flow/src/modules/flow/module.pre.o
                0x000000000800fcfc                USBD_ParseSetupRequest
 .text.USBD_CtlError
                0x000000000800fd40       0x1c /home/manoj/gits/Flow/Build/px4flow-v1_default.build//home/manoj/gits/Flow/src/modules/flow/module.pre.o
                0x000000000800fd40                USBD_CtlError
 .text.USBD_GetString
                0x000000000800fd5c       0x50 /home/manoj/gits/Flow/Build/px4flow-v1_default.build//home/manoj/gits/Flow/src/modules/flow/module.pre.o
                0x000000000800fd5c                USBD_GetString
 .text.USBD_CtlSendData
                0x000000000800fdac       0x20 /home/manoj/gits/Flow/Build/px4flow-v1_default.build//home/manoj/gits/Flow/src/modules/flow/module.pre.o
                0x000000000800fdac                USBD_CtlSendData
 .text.USBD_CtlContinueSendData
                0x000000000800fdcc       0x10 /home/manoj/gits/Flow/Build/px4flow-v1_default.build//home/manoj/gits/Flow/src/modules/flow/module.pre.o
                0x000000000800fdcc                USBD_CtlContinueSendData
 .text.USBD_CtlPrepareRx
                0x000000000800fddc       0x20 /home/manoj/gits/Flow/Build/px4flow-v1_default.build//home/manoj/gits/Flow/src/modules/flow/module.pre.o
                0x000000000800fddc                USBD_CtlPrepareRx
 .text.USBD_CtlContinueRx
                0x000000000800fdfc       0x10 /home/manoj/gits/Flow/Build/px4flow-v1_default.build//home/manoj/gits/Flow/src/modules/flow/module.pre.o
                0x000000000800fdfc                USBD_CtlContinueRx
 .text.USBD_CtlSendStatus
                0x000000000800fe0c       0x20 /home/manoj/gits/Flow/Build/px4flow-v1_default.build//home/manoj/gits/Flow/src/modules/flow/module.pre.o
                0x000000000800fe0c                USBD_CtlSendStatus
 .text.USBD_CtlReceiveStatus
                0x000000000800fe2c       0x20 /home/manoj/gits/Flow/Build/px4flow-v1_default.build//home/manoj/gits/Flow/src/modules/flow/module.pre.o
                0x000000000800fe2c                USBD_CtlReceiveStatus
 .text.usbd_cdc_EP0_RxReady
                0x000000000800fe4c       0x30 /home/manoj/gits/Flow/Build/px4flow-v1_default.build//home/manoj/gits/Flow/src/modules/flow/module.pre.o
 .text.USBD_cdc_GetCfgDesc
                0x000000000800fe7c        0xc /home/manoj/gits/Flow/Build/px4flow-v1_default.build//home/manoj/gits/Flow/src/modules/flow/module.pre.o
 .text.usbd_cdc_SOF
                0x000000000800fe88       0x94 /home/manoj/gits/Flow/Build/px4flow-v1_default.build//home/manoj/gits/Flow/src/modules/flow/module.pre.o
 .text.usbd_cdc_DataOut
                0x000000000800ff1c       0x34 /home/manoj/gits/Flow/Build/px4flow-v1_default.build//home/manoj/gits/Flow/src/modules/flow/module.pre.o
 .text.usbd_cdc_Setup
                0x000000000800ff50       0xd4 /home/manoj/gits/Flow/Build/px4flow-v1_default.build//home/manoj/gits/Flow/src/modules/flow/module.pre.o
 .text.usbd_cdc_DeInit
                0x0000000008010024       0x28 /home/manoj/gits/Flow/Build/px4flow-v1_default.build//home/manoj/gits/Flow/src/modules/flow/module.pre.o
 .text.usbd_cdc_Init
                0x000000000801004c       0x54 /home/manoj/gits/Flow/Build/px4flow-v1_default.build//home/manoj/gits/Flow/src/modules/flow/module.pre.o
 .text.usbd_cdc_DataIn
                0x00000000080100a0       0x58 /home/manoj/gits/Flow/Build/px4flow-v1_default.build//home/manoj/gits/Flow/src/modules/flow/module.pre.o
 .text._init    0x00000000080100f8        0x4 /home/manoj/gits/Flow/Build/px4flow-v1_default.build//home/manoj/gits/Flow/src/modules/libc/module.pre.o
                0x00000000080100f8                _init
 .text.__libc_init_array
                0x00000000080100fc       0x44 /home/manoj/gits/Flow/Build/px4flow-v1_default.build//home/manoj/gits/Flow/src/modules/libc/module.pre.o
                0x00000000080100fc                __libc_init_array
 .text.memcpy   0x0000000008010140       0xd4 /home/manoj/gits/Flow/Build/px4flow-v1_default.build//home/manoj/gits/Flow/src/modules/libc/module.pre.o
                0x0000000008010140                memcpy
 .text.memset   0x0000000008010214       0x84 /home/manoj/gits/Flow/Build/px4flow-v1_default.build//home/manoj/gits/Flow/src/modules/libc/module.pre.o
                0x0000000008010214                memset
 .text.strcpy   0x0000000008010298       0x10 /home/manoj/gits/Flow/Build/px4flow-v1_default.build//home/manoj/gits/Flow/src/modules/libc/module.pre.o
                0x0000000008010298                strcpy
 .text.strncpy  0x00000000080102a8       0x38 /home/manoj/gits/Flow/Build/px4flow-v1_default.build//home/manoj/gits/Flow/src/modules/libc/module.pre.o
                0x00000000080102a8                strncpy
 .text.strlen   0x00000000080102e0       0x18 /home/manoj/gits/Flow/Build/px4flow-v1_default.build//home/manoj/gits/Flow/src/modules/libc/module.pre.o
                0x00000000080102e0                strlen
 .text.strncat  0x00000000080102f8       0x30 /home/manoj/gits/Flow/Build/px4flow-v1_default.build//home/manoj/gits/Flow/src/modules/libc/module.pre.o
                0x00000000080102f8                strncat
 .text.lib_skipspace
                0x0000000008010328       0x20 /home/manoj/gits/Flow/Build/px4flow-v1_default.build//home/manoj/gits/Flow/src/modules/libc/module.pre.o
                0x0000000008010328                lib_skipspace
 .text.lib_isbasedigit
                0x0000000008010348       0x50 /home/manoj/gits/Flow/Build/px4flow-v1_default.build//home/manoj/gits/Flow/src/modules/libc/module.pre.o
                0x0000000008010348                lib_isbasedigit
 .text.strtol   0x0000000008010398       0x50 /home/manoj/gits/Flow/Build/px4flow-v1_default.build//home/manoj/gits/Flow/src/modules/libc/module.pre.o
                0x0000000008010398                strtol
 .text.strtoul  0x00000000080103e8       0x50 /home/manoj/gits/Flow/Build/px4flow-v1_default.build//home/manoj/gits/Flow/src/modules/libc/module.pre.o
                0x00000000080103e8                strtoul
 .text.lib_checkbase
                0x0000000008010438       0x58 /home/manoj/gits/Flow/Build/px4flow-v1_default.build//home/manoj/gits/Flow/src/modules/libc/module.pre.o
                0x0000000008010438                lib_checkbase
 *(.rodata)
 *(.rodata*)
 .rodata.main.str1.4
                0x0000000008010490        0x5 /home/manoj/gits/Flow/Build/px4flow-v1_default.build//home/manoj/gits/Flow/src/modules/flow/module.pre.o
 *fill*         0x0000000008010495        0x3 
 .rodata.LED_GPIO_CLKS
                0x0000000008010498        0xc /home/manoj/gits/Flow/Build/px4flow-v1_default.build//home/manoj/gits/Flow/src/modules/flow/module.pre.o
                0x0000000008010498                LED_GPIO_CLKS
 .rodata.LED_GPIO_PINS
                0x00000000080104a4        0x6 /home/manoj/gits/Flow/Build/px4flow-v1_default.build//home/manoj/gits/Flow/src/modules/flow/module.pre.o
                0x00000000080104a4                LED_GPIO_PINS
 *fill*         0x00000000080104aa        0x2 
 .rodata.global_data_reset_param_defaults.str1.4
                0x00000000080104ac      0x277 /home/manoj/gits/Flow/Build/px4flow-v1_default.build//home/manoj/gits/Flow/src/modules/flow/module.pre.o
 *fill*         0x0000000008010723        0x1 
 .rodata.set_sensor_position_settings.str1.4
                0x0000000008010724       0x30 /home/manoj/gits/Flow/Build/px4flow-v1_default.build//home/manoj/gits/Flow/src/modules/flow/module.pre.o
 .rodata.handle_mavlink_message.str1.4
                0x0000000008010754       0x4b /home/manoj/gits/Flow/Build/px4flow-v1_default.build//home/manoj/gits/Flow/src/modules/flow/module.pre.o
 *fill*         0x000000000801079f        0x1 
 .rodata.mavlink_message_crcs.7097
                0x00000000080107a0      0x100 /home/manoj/gits/Flow/Build/px4flow-v1_default.build//home/manoj/gits/Flow/src/modules/flow/module.pre.o
 .rodata.scaling_factors
                0x00000000080108a0        0xc /home/manoj/gits/Flow/Build/px4flow-v1_default.build//home/manoj/gits/Flow/src/modules/flow/module.pre.o
 .rodata.debug_message_send_one.str1.4
                0x00000000080108ac        0x2 /home/manoj/gits/Flow/Build/px4flow-v1_default.build//home/manoj/gits/Flow/src/modules/flow/module.pre.o
 *fill*         0x00000000080108ae        0x2 
 .rodata.USBD_USR_ConfigStrDescriptor.str1.4
                0x00000000080108b0        0xb /home/manoj/gits/Flow/Build/px4flow-v1_default.build//home/manoj/gits/Flow/src/modules/flow/module.pre.o
 *fill*         0x00000000080108bb        0x1 
 .rodata.USBD_USR_InterfaceStrDescriptor.str1.4
                0x00000000080108bc        0xe /home/manoj/gits/Flow/Build/px4flow-v1_default.build//home/manoj/gits/Flow/src/modules/flow/module.pre.o
 *fill*         0x00000000080108ca        0x2 
 .rodata.USBD_USR_ManufacturerStrDescriptor.str1.4
                0x00000000080108cc        0xc /home/manoj/gits/Flow/Build/px4flow-v1_default.build//home/manoj/gits/Flow/src/modules/flow/module.pre.o
 .rodata.USBD_USR_ProductStrDescriptor.str1.4
                0x00000000080108d8        0xd /home/manoj/gits/Flow/Build/px4flow-v1_default.build//home/manoj/gits/Flow/src/modules/flow/module.pre.o
 *fill*         0x00000000080108e5        0x3 
 .rodata.USBD_USR_SerialStrDescriptor.str1.4
                0x00000000080108e8       0x10 /home/manoj/gits/Flow/Build/px4flow-v1_default.build//home/manoj/gits/Flow/src/modules/flow/module.pre.o
                                          0xd (size before relaxing)
 *(.glue_7)
 .glue_7        0x00000000080108f8        0x0 linker stubs
 *(.glue_7t)
 .glue_7t       0x00000000080108f8        0x0 linker stubs
 *(.eh_frame)
 *(.init)
 *(.fini)
                0x00000000080108f8                . = ALIGN (0x4)
                0x00000000080108f8                _etext = .
                0x00000000080108f8                _exit = .

.vfp11_veneer   0x00000000080108f8        0x0
 .vfp11_veneer  0x00000000080108f8        0x0 linker stubs

.v4_bx          0x00000000080108f8        0x0
 .v4_bx         0x00000000080108f8        0x0 linker stubs

.iplt           0x00000000080108f8        0x0
 .iplt          0x00000000080108f8        0x0 /home/manoj/gits/Flow/Build/px4flow-v1_default.build//home/manoj/gits/Flow/src/modules/flow/module.pre.o

.rel.dyn        0x00000000080108f8        0x0
 .rel.iplt      0x00000000080108f8        0x0 /home/manoj/gits/Flow/Build/px4flow-v1_default.build//home/manoj/gits/Flow/src/modules/flow/module.pre.o

.ARM.extab
 *(.ARM.extab* .gnu.linkonce.armextab.*)

.ARM            0x00000000080108f8        0x0
                0x00000000080108f8                __exidx_start = .
 *(.ARM.exidx*)
                0x00000000080108f8                __exidx_end = .

.preinit_array  0x00000000080108f8        0x0
                0x00000000080108f8                PROVIDE (__preinit_array_start, .)
 *(.preinit_array*)
                0x00000000080108f8                PROVIDE (__preinit_array_end, .)

.init_array     0x00000000080108f8        0x0
                0x00000000080108f8                PROVIDE (__init_array_start, .)
 *(SORT_BY_NAME(.init_array.*))
 *(.init_array*)
                0x00000000080108f8                PROVIDE (__init_array_end, .)

.fini_array     0x00000000080108f8        0x0
                0x00000000080108f8                PROVIDE (__fini_array_start, .)
 *(.fini_array*)
 *(SORT_BY_NAME(.fini_array.*))
                0x00000000080108f8                PROVIDE (__fini_array_end, .)
                0x00000000080108f8                _sidata = .

.data           0x0000000020000000     0x2150 load address 0x00000000080108f8
                0x0000000020000000                . = ALIGN (0x4)
                0x0000000020000000                _sdata = .
 *(.data)
 *(.data*)
 .data.SystemCoreClock
                0x0000000020000000        0x4 /home/manoj/gits/Flow/Build/px4flow-v1_default.build//home/manoj/gits/Flow/src/modules/flow/module.pre.o
                0x0000000020000000                SystemCoreClock
 .data.receive_now
                0x0000000020000004        0x1 /home/manoj/gits/Flow/Build/px4flow-v1_default.build//home/manoj/gits/Flow/src/modules/flow/module.pre.o
                0x0000000020000004                receive_now
 .data.send_image_now
                0x0000000020000005        0x1 /home/manoj/gits/Flow/Build/px4flow-v1_default.build//home/manoj/gits/Flow/src/modules/flow/module.pre.o
                0x0000000020000005                send_image_now
 .data.send_lpos_now
                0x0000000020000006        0x1 /home/manoj/gits/Flow/Build/px4flow-v1_default.build//home/manoj/gits/Flow/src/modules/flow/module.pre.o
                0x0000000020000006                send_lpos_now
 .data.send_params_now
                0x0000000020000007        0x1 /home/manoj/gits/Flow/Build/px4flow-v1_default.build//home/manoj/gits/Flow/src/modules/flow/module.pre.o
                0x0000000020000007                send_params_now
 .data.send_system_state_now
                0x0000000020000008        0x1 /home/manoj/gits/Flow/Build/px4flow-v1_default.build//home/manoj/gits/Flow/src/modules/flow/module.pre.o
                0x0000000020000008                send_system_state_now
 *fill*         0x0000000020000009        0x3 
 .data.timer_ms
                0x000000002000000c        0x4 /home/manoj/gits/Flow/Build/px4flow-v1_default.build//home/manoj/gits/Flow/src/modules/flow/module.pre.o
 .data.LED_GPIO_PORTS
                0x0000000020000010        0xc /home/manoj/gits/Flow/Build/px4flow-v1_default.build//home/manoj/gits/Flow/src/modules/flow/module.pre.o
                0x0000000020000010                LED_GPIO_PORTS
 .data.m_parameter_i
                0x000000002000001c        0x4 /home/manoj/gits/Flow/Build/px4flow-v1_default.build//home/manoj/gits/Flow/src/modules/flow/module.pre.o
 .data.dcmi_image_buffer_memory0
                0x0000000020000020        0x1 /home/manoj/gits/Flow/Build/px4flow-v1_default.build//home/manoj/gits/Flow/src/modules/flow/module.pre.o
                0x0000000020000020                dcmi_image_buffer_memory0
 .data.dcmi_image_buffer_memory1
                0x0000000020000021        0x1 /home/manoj/gits/Flow/Build/px4flow-v1_default.build//home/manoj/gits/Flow/src/modules/flow/module.pre.o
                0x0000000020000021                dcmi_image_buffer_memory1
 .data.dcmi_image_buffer_unused
                0x0000000020000022        0x1 /home/manoj/gits/Flow/Build/px4flow-v1_default.build//home/manoj/gits/Flow/src/modules/flow/module.pre.o
                0x0000000020000022                dcmi_image_buffer_unused
 *fill*         0x0000000020000023        0x1 
 .data.usart2_tx_buffer
                0x0000000020000024     0x1000 /home/manoj/gits/Flow/Build/px4flow-v1_default.build//home/manoj/gits/Flow/src/modules/flow/module.pre.o
                0x0000000020000024                usart2_tx_buffer
 .data.usart2_tx_counter_write
                0x0000000020001024        0x4 /home/manoj/gits/Flow/Build/px4flow-v1_default.build//home/manoj/gits/Flow/src/modules/flow/module.pre.o
                0x0000000020001024                usart2_tx_counter_write
 .data.usart3_tx_buffer
                0x0000000020001028     0x1000 /home/manoj/gits/Flow/Build/px4flow-v1_default.build//home/manoj/gits/Flow/src/modules/flow/module.pre.o
                0x0000000020001028                usart3_tx_buffer
 .data.usart3_tx_counter_write
                0x0000000020002028        0x4 /home/manoj/gits/Flow/Build/px4flow-v1_default.build//home/manoj/gits/Flow/src/modules/flow/module.pre.o
                0x0000000020002028                usart3_tx_counter_write
 .data.VCP_fops
                0x000000002000202c       0x14 /home/manoj/gits/Flow/Build/px4flow-v1_default.build//home/manoj/gits/Flow/src/modules/flow/module.pre.o
                0x000000002000202c                VCP_fops
 .data.linecoding
                0x0000000020002040        0x8 /home/manoj/gits/Flow/Build/px4flow-v1_default.build//home/manoj/gits/Flow/src/modules/flow/module.pre.o
                0x0000000020002040                linecoding
 .data.USBD_DeviceDesc
                0x0000000020002048       0x12 /home/manoj/gits/Flow/Build/px4flow-v1_default.build//home/manoj/gits/Flow/src/modules/flow/module.pre.o
                0x0000000020002048                USBD_DeviceDesc
 *fill*         0x000000002000205a        0x2 
 .data.USBD_LangIDDesc
                0x000000002000205c        0x4 /home/manoj/gits/Flow/Build/px4flow-v1_default.build//home/manoj/gits/Flow/src/modules/flow/module.pre.o
                0x000000002000205c                USBD_LangIDDesc
 .data.USR_desc
                0x0000000020002060       0x1c /home/manoj/gits/Flow/Build/px4flow-v1_default.build//home/manoj/gits/Flow/src/modules/flow/module.pre.o
                0x0000000020002060                USR_desc
 .data.USR_cb   0x000000002000207c       0x1c /home/manoj/gits/Flow/Build/px4flow-v1_default.build//home/manoj/gits/Flow/src/modules/flow/module.pre.o
                0x000000002000207c                USR_cb
 .data.notpublishedIndexFrame1
                0x0000000020002098        0x1 /home/manoj/gits/Flow/Build/px4flow-v1_default.build//home/manoj/gits/Flow/src/modules/flow/module.pre.o
                0x0000000020002098                notpublishedIndexFrame1
 .data.notpublishedIndexFrame2
                0x0000000020002099        0x1 /home/manoj/gits/Flow/Build/px4flow-v1_default.build//home/manoj/gits/Flow/src/modules/flow/module.pre.o
                0x0000000020002099                notpublishedIndexFrame2
 .data.readout_done_frame1
                0x000000002000209a        0x1 /home/manoj/gits/Flow/Build/px4flow-v1_default.build//home/manoj/gits/Flow/src/modules/flow/module.pre.o
                0x000000002000209a                readout_done_frame1
 .data.readout_done_frame2
                0x000000002000209b        0x1 /home/manoj/gits/Flow/Build/px4flow-v1_default.build//home/manoj/gits/Flow/src/modules/flow/module.pre.o
                0x000000002000209b                readout_done_frame2
 .data.APBAHBPrescTable
                0x000000002000209c       0x10 /home/manoj/gits/Flow/Build/px4flow-v1_default.build//home/manoj/gits/Flow/src/modules/flow/module.pre.o
 .data.USBD_DCD_INT_cb
                0x00000000200020ac       0x2c /home/manoj/gits/Flow/Build/px4flow-v1_default.build//home/manoj/gits/Flow/src/modules/flow/module.pre.o
                0x00000000200020ac                USBD_DCD_INT_cb
 .data.USBD_DCD_INT_fops
                0x00000000200020d8        0x4 /home/manoj/gits/Flow/Build/px4flow-v1_default.build//home/manoj/gits/Flow/src/modules/flow/module.pre.o
                0x00000000200020d8                USBD_DCD_INT_fops
 .data.USBD_CDC_cb
                0x00000000200020dc       0x2c /home/manoj/gits/Flow/Build/px4flow-v1_default.build//home/manoj/gits/Flow/src/modules/flow/module.pre.o
                0x00000000200020dc                USBD_CDC_cb
 .data.cdcCmd   0x0000000020002108        0x4 /home/manoj/gits/Flow/Build/px4flow-v1_default.build//home/manoj/gits/Flow/src/modules/flow/module.pre.o
 .data.usbd_cdc_CfgDesc
                0x000000002000210c       0x43 /home/manoj/gits/Flow/Build/px4flow-v1_default.build//home/manoj/gits/Flow/src/modules/flow/module.pre.o
                0x000000002000210c                usbd_cdc_CfgDesc
                0x0000000020002150                . = ALIGN (0x4)
 *fill*         0x000000002000214f        0x1 
                0x0000000020002150                _edata = .

.igot.plt       0x0000000020002150        0x0 load address 0x0000000008012a48
 .igot.plt      0x0000000020002150        0x0 /home/manoj/gits/Flow/Build/px4flow-v1_default.build//home/manoj/gits/Flow/src/modules/flow/module.pre.o
                0x0000000020002150                . = ALIGN (0x4)

.bss            0x0000000020002150    0x1baf8 load address 0x0000000008012a48
                0x0000000020002150                _sbss = .
                0x0000000020002150                __bss_start__ = _sbss
 *(.bss)
 *(.bss*)
 .bss.USB_OTG_dev
                0x0000000020002150      0x5f4 /home/manoj/gits/Flow/Build/px4flow-v1_default.build//home/manoj/gits/Flow/src/modules/flow/module.pre.o
                0x0000000020002150                USB_OTG_dev
 .bss.accumulated_flow_x.23624
                0x0000000020002744        0x4 /home/manoj/gits/Flow/Build/px4flow-v1_default.build//home/manoj/gits/Flow/src/modules/flow/module.pre.o
 .bss.accumulated_flow_y.23625
                0x0000000020002748        0x4 /home/manoj/gits/Flow/Build/px4flow-v1_default.build//home/manoj/gits/Flow/src/modules/flow/module.pre.o
 .bss.accumulated_framecount.23629
                0x000000002000274c        0x2 /home/manoj/gits/Flow/Build/px4flow-v1_default.build//home/manoj/gits/Flow/src/modules/flow/module.pre.o
 *fill*         0x000000002000274e        0x2 
 .bss.accumulated_gyro_x.23626
                0x0000000020002750        0x4 /home/manoj/gits/Flow/Build/px4flow-v1_default.build//home/manoj/gits/Flow/src/modules/flow/module.pre.o
 .bss.accumulated_gyro_y.23627
                0x0000000020002754        0x4 /home/manoj/gits/Flow/Build/px4flow-v1_default.build//home/manoj/gits/Flow/src/modules/flow/module.pre.o
 .bss.accumulated_gyro_z.23628
                0x0000000020002758        0x4 /home/manoj/gits/Flow/Build/px4flow-v1_default.build//home/manoj/gits/Flow/src/modules/flow/module.pre.o
 .bss.accumulated_quality.23630
                0x000000002000275c        0x2 /home/manoj/gits/Flow/Build/px4flow-v1_default.build//home/manoj/gits/Flow/src/modules/flow/module.pre.o
 *fill*         0x000000002000275e        0x2 
 .bss.boot_time10_us
                0x0000000020002760        0x4 /home/manoj/gits/Flow/Build/px4flow-v1_default.build//home/manoj/gits/Flow/src/modules/flow/module.pre.o
                0x0000000020002760                boot_time10_us
 .bss.boot_time_ms
                0x0000000020002764        0x4 /home/manoj/gits/Flow/Build/px4flow-v1_default.build//home/manoj/gits/Flow/src/modules/flow/module.pre.o
                0x0000000020002764                boot_time_ms
 .bss.buffer_reset_needed
                0x0000000020002768        0x1 /home/manoj/gits/Flow/Build/px4flow-v1_default.build//home/manoj/gits/Flow/src/modules/flow/module.pre.o
                0x0000000020002768                buffer_reset_needed
 *fill*         0x0000000020002769        0x3 
 .bss.integration_timespan.23631
                0x000000002000276c        0x4 /home/manoj/gits/Flow/Build/px4flow-v1_default.build//home/manoj/gits/Flow/src/modules/flow/module.pre.o
 .bss.lasttime.23632
                0x0000000020002770        0x4 /home/manoj/gits/Flow/Build/px4flow-v1_default.build//home/manoj/gits/Flow/src/modules/flow/module.pre.o
 .bss.lpos      0x0000000020002774       0x18 /home/manoj/gits/Flow/Build/px4flow-v1_default.build//home/manoj/gits/Flow/src/modules/flow/module.pre.o
 .bss.timer     0x000000002000278c       0x24 /home/manoj/gits/Flow/Build/px4flow-v1_default.build//home/manoj/gits/Flow/src/modules/flow/module.pre.o
 .bss.outbuf.6352
                0x00000000200027b0        0xf /home/manoj/gits/Flow/Build/px4flow-v1_default.build//home/manoj/gits/Flow/src/modules/flow/module.pre.o
 *fill*         0x00000000200027bf        0x1 
 .bss.global_data
                0x00000000200027c0      0x3ac /home/manoj/gits/Flow/Build/px4flow-v1_default.build//home/manoj/gits/Flow/src/modules/flow/module.pre.o
                0x00000000200027c0                global_data
 .bss.m_mavlink_buffer.18749
                0x0000000020002b6c      0x440 /home/manoj/gits/Flow/Build/px4flow-v1_default.build//home/manoj/gits/Flow/src/modules/flow/module.pre.o
 .bss.m_mavlink_status.18745
                0x0000000020002fac       0x30 /home/manoj/gits/Flow/Build/px4flow-v1_default.build//home/manoj/gits/Flow/src/modules/flow/module.pre.o
 .bss.mavlink_system
                0x0000000020002fdc        0x9 /home/manoj/gits/Flow/Build/px4flow-v1_default.build//home/manoj/gits/Flow/src/modules/flow/module.pre.o
                0x0000000020002fdc                mavlink_system
 .bss.calibration_mem0
                0x0000000020002fe5        0x1 /home/manoj/gits/Flow/Build/px4flow-v1_default.build//home/manoj/gits/Flow/src/modules/flow/module.pre.o
                0x0000000020002fe5                calibration_mem0
 .bss.calibration_mem1
                0x0000000020002fe6        0x1 /home/manoj/gits/Flow/Build/px4flow-v1_default.build//home/manoj/gits/Flow/src/modules/flow/module.pre.o
                0x0000000020002fe6                calibration_mem1
 .bss.calibration_unused
                0x0000000020002fe7        0x1 /home/manoj/gits/Flow/Build/px4flow-v1_default.build//home/manoj/gits/Flow/src/modules/flow/module.pre.o
                0x0000000020002fe7                calibration_unused
 .bss.calibration_used
                0x0000000020002fe8        0x1 /home/manoj/gits/Flow/Build/px4flow-v1_default.build//home/manoj/gits/Flow/src/modules/flow/module.pre.o
                0x0000000020002fe8                calibration_used
 *fill*         0x0000000020002fe9        0x3 
 .bss.cycle_time
                0x0000000020002fec        0x4 /home/manoj/gits/Flow/Build/px4flow-v1_default.build//home/manoj/gits/Flow/src/modules/flow/module.pre.o
                0x0000000020002fec                cycle_time
 .bss.dcmi_image_buffer_8bit_1
                0x0000000020002ff0     0x5820 /home/manoj/gits/Flow/Build/px4flow-v1_default.build//home/manoj/gits/Flow/src/modules/flow/module.pre.o
                0x0000000020002ff0                dcmi_image_buffer_8bit_1
 .bss.dcmi_image_buffer_8bit_2
                0x0000000020008810     0x5820 /home/manoj/gits/Flow/Build/px4flow-v1_default.build//home/manoj/gits/Flow/src/modules/flow/module.pre.o
                0x0000000020008810                dcmi_image_buffer_8bit_2
 .bss.dcmi_image_buffer_8bit_3
                0x000000002000e030     0x5820 /home/manoj/gits/Flow/Build/px4flow-v1_default.build//home/manoj/gits/Flow/src/modules/flow/module.pre.o
                0x000000002000e030                dcmi_image_buffer_8bit_3
 .bss.frame_counter
                0x0000000020013850        0x4 /home/manoj/gits/Flow/Build/px4flow-v1_default.build//home/manoj/gits/Flow/src/modules/flow/module.pre.o
                0x0000000020013850                frame_counter
 .bss.image_counter
                0x0000000020013854        0x1 /home/manoj/gits/Flow/Build/px4flow-v1_default.build//home/manoj/gits/Flow/src/modules/flow/module.pre.o
                0x0000000020013854                image_counter
 *fill*         0x0000000020013855        0x3 
 .bss.time_between_images
                0x0000000020013858        0x4 /home/manoj/gits/Flow/Build/px4flow-v1_default.build//home/manoj/gits/Flow/src/modules/flow/module.pre.o
                0x0000000020013858                time_between_images
 .bss.time_between_next_images
                0x000000002001385c        0x4 /home/manoj/gits/Flow/Build/px4flow-v1_default.build//home/manoj/gits/Flow/src/modules/flow/module.pre.o
                0x000000002001385c                time_between_next_images
 .bss.time_last_frame
                0x0000000020013860        0x4 /home/manoj/gits/Flow/Build/px4flow-v1_default.build//home/manoj/gits/Flow/src/modules/flow/module.pre.o
                0x0000000020013860                time_last_frame
 .bss.gyro_scale
                0x0000000020013864        0x4 /home/manoj/gits/Flow/Build/px4flow-v1_default.build//home/manoj/gits/Flow/src/modules/flow/module.pre.o
                0x0000000020013864                gyro_scale
 .bss.sensor_range
                0x0000000020013868        0x4 /home/manoj/gits/Flow/Build/px4flow-v1_default.build//home/manoj/gits/Flow/src/modules/flow/module.pre.o
 .bss.x_rate_offset
                0x000000002001386c        0x4 /home/manoj/gits/Flow/Build/px4flow-v1_default.build//home/manoj/gits/Flow/src/modules/flow/module.pre.o
                0x000000002001386c                x_rate_offset
 .bss.y_rate_offset
                0x0000000020013870        0x4 /home/manoj/gits/Flow/Build/px4flow-v1_default.build//home/manoj/gits/Flow/src/modules/flow/module.pre.o
                0x0000000020013870                y_rate_offset
 .bss.z_rate_offset
                0x0000000020013874        0x4 /home/manoj/gits/Flow/Build/px4flow-v1_default.build//home/manoj/gits/Flow/src/modules/flow/module.pre.o
                0x0000000020013874                z_rate_offset
 .bss.usart2_rx_buffer
                0x0000000020013878     0x1000 /home/manoj/gits/Flow/Build/px4flow-v1_default.build//home/manoj/gits/Flow/src/modules/flow/module.pre.o
                0x0000000020013878                usart2_rx_buffer
 .bss.usart2_rx_counter_read
                0x0000000020014878        0x4 /home/manoj/gits/Flow/Build/px4flow-v1_default.build//home/manoj/gits/Flow/src/modules/flow/module.pre.o
                0x0000000020014878                usart2_rx_counter_read
 .bss.usart2_rx_counter_write
                0x000000002001487c        0x4 /home/manoj/gits/Flow/Build/px4flow-v1_default.build//home/manoj/gits/Flow/src/modules/flow/module.pre.o
                0x000000002001487c                usart2_rx_counter_write
 .bss.usart2_tx_counter_read
                0x0000000020014880        0x4 /home/manoj/gits/Flow/Build/px4flow-v1_default.build//home/manoj/gits/Flow/src/modules/flow/module.pre.o
                0x0000000020014880                usart2_tx_counter_read
 .bss.usart3_rx_buffer
                0x0000000020014884     0x1000 /home/manoj/gits/Flow/Build/px4flow-v1_default.build//home/manoj/gits/Flow/src/modules/flow/module.pre.o
                0x0000000020014884                usart3_rx_buffer
 .bss.usart3_rx_counter_read
                0x0000000020015884        0x4 /home/manoj/gits/Flow/Build/px4flow-v1_default.build//home/manoj/gits/Flow/src/modules/flow/module.pre.o
                0x0000000020015884                usart3_rx_counter_read
 .bss.usart3_rx_counter_write
                0x0000000020015888        0x4 /home/manoj/gits/Flow/Build/px4flow-v1_default.build//home/manoj/gits/Flow/src/modules/flow/module.pre.o
                0x0000000020015888                usart3_rx_counter_write
 .bss.usart3_tx_counter_read
                0x000000002001588c        0x4 /home/manoj/gits/Flow/Build/px4flow-v1_default.build//home/manoj/gits/Flow/src/modules/flow/module.pre.o
                0x000000002001588c                usart3_tx_counter_read
 .bss.data_buffer
                0x0000000020015890        0x5 /home/manoj/gits/Flow/Build/px4flow-v1_default.build//home/manoj/gits/Flow/src/modules/flow/module.pre.o
 *fill*         0x0000000020015895        0x3 
 .bss.data_counter
                0x0000000020015898        0x4 /home/manoj/gits/Flow/Build/px4flow-v1_default.build//home/manoj/gits/Flow/src/modules/flow/module.pre.o
 .bss.data_valid
                0x000000002001589c        0x4 /home/manoj/gits/Flow/Build/px4flow-v1_default.build//home/manoj/gits/Flow/src/modules/flow/module.pre.o
 .bss.dt        0x00000000200158a0        0x4 /home/manoj/gits/Flow/Build/px4flow-v1_default.build//home/manoj/gits/Flow/src/modules/flow/module.pre.o
 .bss.last_measure_time
                0x00000000200158a4        0x4 /home/manoj/gits/Flow/Build/px4flow-v1_default.build//home/manoj/gits/Flow/src/modules/flow/module.pre.o
 .bss.measure_time
                0x00000000200158a8        0x4 /home/manoj/gits/Flow/Build/px4flow-v1_default.build//home/manoj/gits/Flow/src/modules/flow/module.pre.o
 .bss.new_value
                0x00000000200158ac        0x4 /home/manoj/gits/Flow/Build/px4flow-v1_default.build//home/manoj/gits/Flow/src/modules/flow/module.pre.o
 .bss.sonar_measure_time
                0x00000000200158b0        0x4 /home/manoj/gits/Flow/Build/px4flow-v1_default.build//home/manoj/gits/Flow/src/modules/flow/module.pre.o
 .bss.sonar_measure_time_interrupt
                0x00000000200158b4        0x4 /home/manoj/gits/Flow/Build/px4flow-v1_default.build//home/manoj/gits/Flow/src/modules/flow/module.pre.o
 .bss.sonar_mode
                0x00000000200158b8        0x4 /home/manoj/gits/Flow/Build/px4flow-v1_default.build//home/manoj/gits/Flow/src/modules/flow/module.pre.o
                0x00000000200158b8                sonar_mode
 .bss.sonar_raw
                0x00000000200158bc        0x4 /home/manoj/gits/Flow/Build/px4flow-v1_default.build//home/manoj/gits/Flow/src/modules/flow/module.pre.o
                0x00000000200158bc                sonar_raw
 .bss.sonar_valid
                0x00000000200158c0        0x1 /home/manoj/gits/Flow/Build/px4flow-v1_default.build//home/manoj/gits/Flow/src/modules/flow/module.pre.o
                0x00000000200158c0                sonar_valid
 *fill*         0x00000000200158c1        0x3 
 .bss.v_post    0x00000000200158c4        0x4 /home/manoj/gits/Flow/Build/px4flow-v1_default.build//home/manoj/gits/Flow/src/modules/flow/module.pre.o
                0x00000000200158c4                v_post
 .bss.v_pred    0x00000000200158c8        0x4 /home/manoj/gits/Flow/Build/px4flow-v1_default.build//home/manoj/gits/Flow/src/modules/flow/module.pre.o
                0x00000000200158c8                v_pred
 .bss.valid_data
                0x00000000200158cc        0x4 /home/manoj/gits/Flow/Build/px4flow-v1_default.build//home/manoj/gits/Flow/src/modules/flow/module.pre.o
 .bss.x_post    0x00000000200158d0        0x4 /home/manoj/gits/Flow/Build/px4flow-v1_default.build//home/manoj/gits/Flow/src/modules/flow/module.pre.o
                0x00000000200158d0                x_post
 .bss.x_pred    0x00000000200158d4        0x4 /home/manoj/gits/Flow/Build/px4flow-v1_default.build//home/manoj/gits/Flow/src/modules/flow/module.pre.o
                0x00000000200158d4                x_pred
 .bss.m_debug_buf_float
                0x00000000200158d8       0x40 /home/manoj/gits/Flow/Build/px4flow-v1_default.build//home/manoj/gits/Flow/src/modules/flow/module.pre.o
 .bss.m_debug_buf_int
                0x0000000020015918       0x40 /home/manoj/gits/Flow/Build/px4flow-v1_default.build//home/manoj/gits/Flow/src/modules/flow/module.pre.o
 .bss.m_debug_buf_pointer
                0x0000000020015958       0x40 /home/manoj/gits/Flow/Build/px4flow-v1_default.build//home/manoj/gits/Flow/src/modules/flow/module.pre.o
 .bss.m_debug_buf_type
                0x0000000020015998       0x10 /home/manoj/gits/Flow/Build/px4flow-v1_default.build//home/manoj/gits/Flow/src/modules/flow/module.pre.o
 .bss.m_debug_count
                0x00000000200159a8        0x2 /home/manoj/gits/Flow/Build/px4flow-v1_default.build//home/manoj/gits/Flow/src/modules/flow/module.pre.o
 .bss.m_debug_index_read
                0x00000000200159aa        0x1 /home/manoj/gits/Flow/Build/px4flow-v1_default.build//home/manoj/gits/Flow/src/modules/flow/module.pre.o
 .bss.m_debug_index_write
                0x00000000200159ab        0x1 /home/manoj/gits/Flow/Build/px4flow-v1_default.build//home/manoj/gits/Flow/src/modules/flow/module.pre.o
 .bss.m_debug_was_full
                0x00000000200159ac        0x1 /home/manoj/gits/Flow/Build/px4flow-v1_default.build//home/manoj/gits/Flow/src/modules/flow/module.pre.o
 *fill*         0x00000000200159ad        0x3 
 .bss.APP_Tx_Buffer
                0x00000000200159b0       0x80 /home/manoj/gits/Flow/Build/px4flow-v1_default.build//home/manoj/gits/Flow/src/modules/flow/module.pre.o
                0x00000000200159b0                APP_Tx_Buffer
 .bss.APP_tx_ptr_head
                0x0000000020015a30        0x4 /home/manoj/gits/Flow/Build/px4flow-v1_default.build//home/manoj/gits/Flow/src/modules/flow/module.pre.o
                0x0000000020015a30                APP_tx_ptr_head
 .bss.APP_tx_ptr_tail
                0x0000000020015a34        0x4 /home/manoj/gits/Flow/Build/px4flow-v1_default.build//home/manoj/gits/Flow/src/modules/flow/module.pre.o
                0x0000000020015a34                APP_tx_ptr_tail
 .bss.accumulated_flow_x.21500
                0x0000000020015a38        0x4 /home/manoj/gits/Flow/Build/px4flow-v1_default.build//home/manoj/gits/Flow/src/modules/flow/module.pre.o
 .bss.accumulated_flow_y.21501
                0x0000000020015a3c        0x4 /home/manoj/gits/Flow/Build/px4flow-v1_default.build//home/manoj/gits/Flow/src/modules/flow/module.pre.o
 .bss.accumulated_framecount.21502
                0x0000000020015a40        0x2 /home/manoj/gits/Flow/Build/px4flow-v1_default.build//home/manoj/gits/Flow/src/modules/flow/module.pre.o
 *fill*         0x0000000020015a42        0x2 
 .bss.accumulated_gyro_x.21504
                0x0000000020015a44        0x4 /home/manoj/gits/Flow/Build/px4flow-v1_default.build//home/manoj/gits/Flow/src/modules/flow/module.pre.o
 .bss.accumulated_gyro_y.21505
                0x0000000020015a48        0x4 /home/manoj/gits/Flow/Build/px4flow-v1_default.build//home/manoj/gits/Flow/src/modules/flow/module.pre.o
 .bss.accumulated_gyro_z.21506
                0x0000000020015a4c        0x4 /home/manoj/gits/Flow/Build/px4flow-v1_default.build//home/manoj/gits/Flow/src/modules/flow/module.pre.o
 .bss.accumulated_quality.21503
                0x0000000020015a50        0x2 /home/manoj/gits/Flow/Build/px4flow-v1_default.build//home/manoj/gits/Flow/src/modules/flow/module.pre.o