Archive member included to satisfy reference by file (symbol)

/home/manoj/gcc-arm-none-eabi-7-2017-q4-major/bin/../lib/gcc/arm-none-eabi/7.2.1/thumb/v7e-m/fpv4-sp/hard/libgcc.a(_arm_addsubsf3.o)
                              /home/manoj/gits/Flow/Build/px4flow-v2_default.build//home/manoj/gits/Flow/src/modules/uavcannode/module.pre.o (__aeabi_l2f)
/home/manoj/gcc-arm-none-eabi-7-2017-q4-major/bin/../lib/gcc/arm-none-eabi/7.2.1/thumb/v7e-m/fpv4-sp/hard/libgcc.a(_aeabi_ldivmod.o)
                              /home/manoj/gits/Flow/Build/px4flow-v2_default.build//home/manoj/gits/Flow/src/modules/uavcannode/module.pre.o (__aeabi_ldivmod)
/home/manoj/gcc-arm-none-eabi-7-2017-q4-major/bin/../lib/gcc/arm-none-eabi/7.2.1/thumb/v7e-m/fpv4-sp/hard/libgcc.a(_udivmoddi4.o)
                              /home/manoj/gcc-arm-none-eabi-7-2017-q4-major/bin/../lib/gcc/arm-none-eabi/7.2.1/thumb/v7e-m/fpv4-sp/hard/libgcc.a(_aeabi_ldivmod.o) (__udivmoddi4)
/home/manoj/gcc-arm-none-eabi-7-2017-q4-major/bin/../lib/gcc/arm-none-eabi/7.2.1/thumb/v7e-m/fpv4-sp/hard/libgcc.a(_dvmd_tls.o)
                              /home/manoj/gcc-arm-none-eabi-7-2017-q4-major/bin/../lib/gcc/arm-none-eabi/7.2.1/thumb/v7e-m/fpv4-sp/hard/libgcc.a(_aeabi_ldivmod.o) (__aeabi_ldiv0)

Discarded input sections

 .group         0x0000000000000000        0xc /home/manoj/gits/Flow/Build/px4flow-v2_default.build//home/manoj/gits/Flow/Build/px4flow-v2_default.build/empty.c.o
 .text          0x0000000000000000        0x0 /home/manoj/gits/Flow/Build/px4flow-v2_default.build//home/manoj/gits/Flow/Build/px4flow-v2_default.build/empty.c.o
 .data          0x0000000000000000        0x0 /home/manoj/gits/Flow/Build/px4flow-v2_default.build//home/manoj/gits/Flow/Build/px4flow-v2_default.build/empty.c.o
 .bss           0x0000000000000000        0x0 /home/manoj/gits/Flow/Build/px4flow-v2_default.build//home/manoj/gits/Flow/Build/px4flow-v2_default.build/empty.c.o
 .debug_info    0x0000000000000000       0x21 /home/manoj/gits/Flow/Build/px4flow-v2_default.build//home/manoj/gits/Flow/Build/px4flow-v2_default.build/empty.c.o
 .debug_abbrev  0x0000000000000000       0x13 /home/manoj/gits/Flow/Build/px4flow-v2_default.build//home/manoj/gits/Flow/Build/px4flow-v2_default.build/empty.c.o
 .debug_aranges
                0x0000000000000000       0x18 /home/manoj/gits/Flow/Build/px4flow-v2_default.build//home/manoj/gits/Flow/Build/px4flow-v2_default.build/empty.c.o
 .debug_macro   0x0000000000000000       0x11 /home/manoj/gits/Flow/Build/px4flow-v2_default.build//home/manoj/gits/Flow/Build/px4flow-v2_default.build/empty.c.o
 .debug_macro   0x0000000000000000      0xa6c /home/manoj/gits/Flow/Build/px4flow-v2_default.build//home/manoj/gits/Flow/Build/px4flow-v2_default.build/empty.c.o
 .debug_line    0x0000000000000000       0x5d /home/manoj/gits/Flow/Build/px4flow-v2_default.build//home/manoj/gits/Flow/Build/px4flow-v2_default.build/empty.c.o
 .debug_str     0x0000000000000000     0x2e03 /home/manoj/gits/Flow/Build/px4flow-v2_default.build//home/manoj/gits/Flow/Build/px4flow-v2_default.build/empty.c.o
 .comment       0x0000000000000000       0x7f /home/manoj/gits/Flow/Build/px4flow-v2_default.build//home/manoj/gits/Flow/Build/px4flow-v2_default.build/empty.c.o
 .ARM.attributes
                0x0000000000000000       0x35 /home/manoj/gits/Flow/Build/px4flow-v2_default.build//home/manoj/gits/Flow/Build/px4flow-v2_default.build/empty.c.o
 .group         0x0000000000000000        0xc /home/manoj/gits/Flow/Build/px4flow-v2_default.build//home/manoj/gits/Flow/src/drivers/boards/px4flow-v2/module.pre.o
 .group         0x0000000000000000        0xc /home/manoj/gits/Flow/Build/px4flow-v2_default.build//home/manoj/gits/Flow/src/drivers/boards/px4flow-v2/module.pre.o
 .group         0x0000000000000000        0xc /home/manoj/gits/Flow/Build/px4flow-v2_default.build//home/manoj/gits/Flow/src/drivers/boards/px4flow-v2/module.pre.o
 .group         0x0000000000000000        0xc /home/manoj/gits/Flow/Build/px4flow-v2_default.build//home/manoj/gits/Flow/src/drivers/boards/px4flow-v2/module.pre.o
 .group         0x0000000000000000        0xc /home/manoj/gits/Flow/Build/px4flow-v2_default.build//home/manoj/gits/Flow/src/drivers/boards/px4flow-v2/module.pre.o
 .group         0x0000000000000000        0xc /home/manoj/gits/Flow/Build/px4flow-v2_default.build//home/manoj/gits/Flow/src/drivers/boards/px4flow-v2/module.pre.o
 .group         0x0000000000000000        0xc /home/manoj/gits/Flow/Build/px4flow-v2_default.build//home/manoj/gits/Flow/src/drivers/boards/px4flow-v2/module.pre.o
 .group         0x0000000000000000        0xc /home/manoj/gits/Flow/Build/px4flow-v2_default.build//home/manoj/gits/Flow/src/drivers/boards/px4flow-v2/module.pre.o
 .group         0x0000000000000000        0xc /home/manoj/gits/Flow/Build/px4flow-v2_default.build//home/manoj/gits/Flow/src/drivers/boards/px4flow-v2/module.pre.o
[...]
Memory Configuration

Name             Origin             Length             Attributes
FLASH            0x0000000008004000 0x00000000001fc000 xr
RAM              0x0000000020000000 0x0000000000030000 xrw
CCM              0x0000000010000000 0x0000000000010000 xrw
*default*        0x0000000000000000 0xffffffffffffffff

Linker script and memory map

                0x0000000020030000                _estack = 0x20030000
                0x0000000000000000                _Min_Heap_Size = 0x0
                0x0000000000000400                _Min_Stack_Size = 0x400

.isr_vector     0x0000000008004000      0x1a8
                0x0000000008004000                . = ALIGN (0x4)
 *(.isr_vector)
 .isr_vector    0x0000000008004000      0x188 /home/manoj/gits/Flow/Build/px4flow-v2_default.build//home/manoj/gits/Flow/src/modules/flow/module.pre.o
                0x0000000008004000                g_pfnVectors
                0x0000000008004188                . = ALIGN (0x8)
 *(.app_descriptor)
 .app_descriptor
                0x0000000008004188       0x20 /home/manoj/gits/Flow/Build/px4flow-v2_default.build//home/manoj/gits/Flow/src/modules/uavcannode/module.pre.o
                0x0000000008004188                AppDescriptor

.text           0x00000000080041a8    0x19808
                0x00000000080041a8                . = ALIGN (0x4)
 *(.text)
 .text          0x00000000080041a8      0x21c /home/manoj/gcc-arm-none-eabi-7-2017-q4-major/bin/../lib/gcc/arm-none-eabi/7.2.1/thumb/v7e-m/fpv4-sp/hard/libgcc.a(_arm_addsubsf3.o)
                0x00000000080041a8                __aeabi_frsub
                0x00000000080041b0                __subsf3
                0x00000000080041b0                __aeabi_fsub
                0x00000000080041b4                __aeabi_fadd
                0x00000000080041b4                __addsf3
                0x0000000008004314                __aeabi_ui2f
                0x0000000008004314                __floatunsisf
                0x000000000800431c                __aeabi_i2f
                0x000000000800431c                __floatsisf
                0x0000000008004338                __floatundisf
                0x0000000008004338                __aeabi_ul2f
                0x0000000008004348                __floatdisf
                0x0000000008004348                __aeabi_l2f
 .text          0x00000000080043c4       0xa0 /home/manoj/gcc-arm-none-eabi-7-2017-q4-major/bin/../lib/gcc/arm-none-eabi/7.2.1/thumb/v7e-m/fpv4-sp/hard/libgcc.a(_aeabi_ldivmod.o)
                0x00000000080043c4                __aeabi_ldivmod
 .text          0x0000000008004464      0x2cc /home/manoj/gcc-arm-none-eabi-7-2017-q4-major/bin/../lib/gcc/arm-none-eabi/7.2.1/thumb/v7e-m/fpv4-sp/hard/libgcc.a(_udivmoddi4.o)
                0x0000000008004464                __udivmoddi4
 .text          0x0000000008004730        0x4 /home/manoj/gcc-arm-none-eabi-7-2017-q4-major/bin/../lib/gcc/arm-none-eabi/7.2.1/thumb/v7e-m/fpv4-sp/hard/libgcc.a(_dvmd_tls.o)
                0x0000000008004730                __aeabi_ldiv0
                0x0000000008004730                __aeabi_idiv0
 *(.text*)
 .text.board_initialize
                0x0000000008004734       0x40 /home/manoj/gits/Flow/Build/px4flow-v2_default.build//home/manoj/gits/Flow/src/drivers/boards/px4flow-v2/module.pre.o
                0x0000000008004734                board_initialize
 .text.board_app_initialize
                0x0000000008004774        0x4 /home/manoj/gits/Flow/Build/px4flow-v2_default.build//home/manoj/gits/Flow/src/drivers/boards/px4flow-v2/module.pre.o
                0x0000000008004774                board_app_initialize
 .text.board_reset
                0x0000000008004778       0x10 /home/manoj/gits/Flow/Build/px4flow-v2_default.build//home/manoj/gits/Flow/src/drivers/boards/px4flow-v2/module.pre.o
                0x0000000008004778                board_reset
 .text.board_get_serialnumber
                0x0000000008004788       0x18 /home/manoj/gits/Flow/Build/px4flow-v2_default.build//home/manoj/gits/Flow/src/drivers/boards/px4flow-v2/module.pre.o
                0x0000000008004788                board_get_serialnumber
 .text.board_led_rgb
                0x00000000080047a0      0x104 /home/manoj/gits/Flow/Build/px4flow-v2_default.build//home/manoj/gits/Flow/src/drivers/boards/px4flow-v2/module.pre.o
                0x00000000080047a0                board_led_rgb
 .text.calulate_signature
                0x00000000080048a4       0x24 /home/manoj/gits/Flow/Build/px4flow-v2_default.build//home/manoj/gits/Flow/src/drivers/boards/px4flow-v2/module.pre.o
 .text.bootloader_app_shared_read
                0x00000000080048c8       0x7c /home/manoj/gits/Flow/Build/px4flow-v2_default.build//home/manoj/gits/Flow/src/drivers/boards/px4flow-v2/module.pre.o
                0x00000000080048c8                bootloader_app_shared_read
 .text.bootloader_app_shared_write
                0x0000000008004944       0x64 /home/manoj/gits/Flow/Build/px4flow-v2_default.build//home/manoj/gits/Flow/src/drivers/boards/px4flow-v2/module.pre.o
                0x0000000008004944                bootloader_app_shared_write
 .text.bootloader_app_shared_invalidate
                0x00000000080049a8       0x20 /home/manoj/gits/Flow/Build/px4flow-v2_default.build//home/manoj/gits/Flow/src/drivers/boards/px4flow-v2/module.pre.o
                0x00000000080049a8                bootloader_app_shared_invalidate
 .text.crc64_add_word
                0x00000000080049c8       0x50 /home/manoj/gits/Flow/Build/px4flow-v2_default.build//home/manoj/gits/Flow/src/drivers/boards/px4flow-v2/module.pre.o
                0x00000000080049c8                crc64_add_word
 .text.Reset_Handler
                0x0000000008004a18       0x48 /home/manoj/gits/Flow/Build/px4flow-v2_default.build//home/manoj/gits/Flow/src/modules/flow/module.pre.o
                0x0000000008004a18                Reset_Handler
 .text.Default_Handler
                0x0000000008004a60        0x2 /home/manoj/gits/Flow/Build/px4flow-v2_default.build//home/manoj/gits/Flow/src/modules/flow/module.pre.o
                0x0000000008004a60                RTC_Alarm_IRQHandler
                0x0000000008004a60                HASH_RNG_IRQHandler
                0x0000000008004a60                EXTI2_IRQHandler
                0x0000000008004a60                TIM8_CC_IRQHandler
                0x0000000008004a60                TIM1_CC_IRQHandler
                0x0000000008004a60                DMA2_Stream5_IRQHandler
                0x0000000008004a60                DMA1_Stream5_IRQHandler
                0x0000000008004a60                PVD_IRQHandler
                0x0000000008004a60                SDIO_IRQHandler
                0x0000000008004a60                TAMP_STAMP_IRQHandler
                0x0000000008004a60                CAN2_RX1_IRQHandler
                0x0000000008004a60                EXTI3_IRQHandler
                0x0000000008004a60                TIM8_TRG_COM_TIM14_IRQHandler
                0x0000000008004a60                TIM1_UP_TIM10_IRQHandler
                0x0000000008004a60                TIM8_UP_TIM13_IRQHandler
                0x0000000008004a60                I2C3_ER_IRQHandler
                0x0000000008004a60                EXTI0_IRQHandler
                0x0000000008004a60                I2C2_EV_IRQHandler
                0x0000000008004a60                DMA1_Stream2_IRQHandler
                0x0000000008004a60                FPU_IRQHandler
                0x0000000008004a60                OTG_HS_WKUP_IRQHandler
                0x0000000008004a60                CAN2_SCE_IRQHandler
                0x0000000008004a60                DMA2_Stream2_IRQHandler
                0x0000000008004a60                SPI1_IRQHandler
                0x0000000008004a60                TIM6_DAC_IRQHandler
                0x0000000008004a60                TIM1_BRK_TIM9_IRQHandler
                0x0000000008004a60                CAN2_RX0_IRQHandler
                0x0000000008004a60                DMA2_Stream3_IRQHandler
                0x0000000008004a60                USART6_IRQHandler
                0x0000000008004a60                CRYP_IRQHandler
                0x0000000008004a60                UART5_IRQHandler
                0x0000000008004a60                DMA2_Stream0_IRQHandler
                0x0000000008004a60                TIM4_IRQHandler
                0x0000000008004a60                DMA1_Stream6_IRQHandler
                0x0000000008004a60                DMA1_Stream1_IRQHandler
                0x0000000008004a60                TIM3_IRQHandler
                0x0000000008004a60                RCC_IRQHandler
                0x0000000008004a60                TIM8_BRK_TIM12_IRQHandler
                0x0000000008004a60                Default_Handler
                0x0000000008004a60                EXTI15_10_IRQHandler
                0x0000000008004a60                ADC_IRQHandler
                0x0000000008004a60                DMA1_Stream7_IRQHandler
                0x0000000008004a60                TIM7_IRQHandler
                0x0000000008004a60                CAN2_TX_IRQHandler
                0x0000000008004a60                TIM5_IRQHandler
                0x0000000008004a60                DMA2_Stream7_IRQHandler
                0x0000000008004a60                I2C3_EV_IRQHandler
                0x0000000008004a60                EXTI9_5_IRQHandler
                0x0000000008004a60                RTC_WKUP_IRQHandler
                0x0000000008004a60                ETH_WKUP_IRQHandler
                0x0000000008004a60                SPI2_IRQHandler
                0x0000000008004a60                OTG_HS_EP1_IN_IRQHandler
                0x0000000008004a60                DMA1_Stream0_IRQHandler
                0x0000000008004a60                EXTI4_IRQHandler
                0x0000000008004a60                FSMC_IRQHandler
                0x0000000008004a60                ETH_IRQHandler
                0x0000000008004a60                OTG_HS_EP1_OUT_IRQHandler
                0x0000000008004a60                WWDG_IRQHandler
                0x0000000008004a60                OTG_FS_WKUP_IRQHandler
                0x0000000008004a60                TIM1_TRG_COM_TIM11_IRQHandler
                0x0000000008004a60                OTG_HS_IRQHandler
                0x0000000008004a60                EXTI1_IRQHandler
                0x0000000008004a60                I2C2_ER_IRQHandler
                0x0000000008004a60                FLASH_IRQHandler
                0x0000000008004a60                DMA2_Stream4_IRQHandler
                0x0000000008004a60                USART1_IRQHandler
                0x0000000008004a60                SPI3_IRQHandler
                0x0000000008004a60                DMA1_Stream4_IRQHandler
                0x0000000008004a60                DMA2_Stream6_IRQHandler
                0x0000000008004a60                DMA1_Stream3_IRQHandler
 *fill*         0x0000000008004a62        0x2 
 .text.SystemInit
                0x0000000008004a64      0x100 /home/manoj/gits/Flow/Build/px4flow-v2_default.build//home/manoj/gits/Flow/src/modules/flow/module.pre.o
                0x0000000008004a64                SystemInit
 .text.NMI_Handler
                0x0000000008004b64        0x4 /home/manoj/gits/Flow/Build/px4flow-v2_default.build//home/manoj/gits/Flow/src/modules/flow/module.pre.o
                0x0000000008004b64                NMI_Handler
 .text.HardFault_Handler
                0x0000000008004b68        0x4 /home/manoj/gits/Flow/Build/px4flow-v2_default.build//home/manoj/gits/Flow/src/modules/flow/module.pre.o
                0x0000000008004b68                HardFault_Handler
 .text.MemManage_Handler
                0x0000000008004b6c        0x4 /home/manoj/gits/Flow/Build/px4flow-v2_default.build//home/manoj/gits/Flow/src/modules/flow/module.pre.o
                0x0000000008004b6c                MemManage_Handler
 .text.BusFault_Handler
                0x0000000008004b70        0x4 /home/manoj/gits/Flow/Build/px4flow-v2_default.build//home/manoj/gits/Flow/src/modules/flow/module.pre.o
                0x0000000008004b70                BusFault_Handler
 .text.UsageFault_Handler
                0x0000000008004b74        0x4 /home/manoj/gits/Flow/Build/px4flow-v2_default.build//home/manoj/gits/Flow/src/modules/flow/module.pre.o
                0x0000000008004b74                UsageFault_Handler
 .text.SVC_Handler
                0x0000000008004b78        0x4 /home/manoj/gits/Flow/Build/px4flow-v2_default.build//home/manoj/gits/Flow/src/modules/flow/module.pre.o
                0x0000000008004b78                SVC_Handler
 .text.DebugMon_Handler
                0x0000000008004b7c        0x4 /home/manoj/gits/Flow/Build/px4flow-v2_default.build//home/manoj/gits/Flow/src/modules/flow/module.pre.o
                0x0000000008004b7c                DebugMon_Handler
 .text.PendSV_Handler
                0x0000000008004b80        0x4 /home/manoj/gits/Flow/Build/px4flow-v2_default.build//home/manoj/gits/Flow/src/modules/flow/module.pre.o
                0x0000000008004b80                PendSV_Handler
 .text.SysTick_Handler
                0x0000000008004b84        0x4 /home/manoj/gits/Flow/Build/px4flow-v2_default.build//home/manoj/gits/Flow/src/modules/flow/module.pre.o
                0x0000000008004b84                SysTick_Handler
 .text.OTG_FS_IRQHandler
                0x0000000008004b88        0xc /home/manoj/gits/Flow/Build/px4flow-v2_default.build//home/manoj/gits/Flow/src/modules/flow/module.pre.o
                0x0000000008004b88                OTG_FS_IRQHandler
 .text.timer_update
                0x0000000008004b94      0x12c /home/manoj/gits/Flow/Build/px4flow-v2_default.build//home/manoj/gits/Flow/src/modules/flow/module.pre.o
                0x0000000008004b94                timer_update
 .text.get_boot_time_us
                0x0000000008004cc0       0x10 /home/manoj/gits/Flow/Build/px4flow-v2_default.build//home/manoj/gits/Flow/src/modules/flow/module.pre.o
                0x0000000008004cc0                get_boot_time_us
 .text.delay    0x0000000008004cd0       0x10 /home/manoj/gits/Flow/Build/px4flow-v2_default.build//home/manoj/gits/Flow/src/modules/flow/module.pre.o
                0x0000000008004cd0                delay
 .text.buffer_reset
                0x0000000008004ce0        0xc /home/manoj/gits/Flow/Build/px4flow-v2_default.build//home/manoj/gits/Flow/src/modules/flow/module.pre.o
                0x0000000008004ce0                buffer_reset
 .text.startup.main
                0x0000000008004cec     0x14e8 /home/manoj/gits/Flow/Build/px4flow-v2_default.build//home/manoj/gits/Flow/src/modules/flow/module.pre.o
                0x0000000008004cec                main
 .text.flow_ftoa
                0x00000000080061d4      0x148 /home/manoj/gits/Flow/Build/px4flow-v2_default.build//home/manoj/gits/Flow/src/modules/flow/module.pre.o
                0x00000000080061d4                flow_ftoa
 .text.LEDInit  0x000000000800631c       0x40 /home/manoj/gits/Flow/Build/px4flow-v2_default.build//home/manoj/gits/Flow/src/modules/flow/module.pre.o
                0x000000000800631c                LEDInit
 .text.LEDOff   0x000000000800635c       0x18 /home/manoj/gits/Flow/Build/px4flow-v2_default.build//home/manoj/gits/Flow/src/modules/flow/module.pre.o
                0x000000000800635c                LEDOff
 .text.LEDToggle
                0x0000000008006374       0x18 /home/manoj/gits/Flow/Build/px4flow-v2_default.build//home/manoj/gits/Flow/src/modules/flow/module.pre.o
                0x0000000008006374                LEDToggle
 .text.global_data_reset_param_defaults
                0x000000000800638c      0x6c0 /home/manoj/gits/Flow/Build/px4flow-v2_default.build//home/manoj/gits/Flow/src/modules/flow/module.pre.o
                0x000000000800638c                global_data_reset_param_defaults
 .text.global_data_reset
                0x0000000008006a4c        0x4 /home/manoj/gits/Flow/Build/px4flow-v2_default.build//home/manoj/gits/Flow/src/modules/flow/module.pre.o
                0x0000000008006a4c                global_data_reset
 .text.set_sensor_position_settings
                0x0000000008006a50       0x28 /home/manoj/gits/Flow/Build/px4flow-v2_default.build//home/manoj/gits/Flow/src/modules/flow/module.pre.o
                0x0000000008006a50                set_sensor_position_settings
 .text.communication_init
                0x0000000008006a78       0x2c /home/manoj/gits/Flow/Build/px4flow-v2_default.build//home/manoj/gits/Flow/src/modules/flow/module.pre.o
                0x0000000008006a78                communication_init
 .text.communication_system_state_send
                0x0000000008006aa4      0x408 /home/manoj/gits/Flow/Build/px4flow-v2_default.build//home/manoj/gits/Flow/src/modules/flow/module.pre.o
                0x0000000008006aa4                communication_system_state_send
 .text.communication_parameter_send
                0x0000000008006eac      0x2b8 /home/manoj/gits/Flow/Build/px4flow-v2_default.build//home/manoj/gits/Flow/src/modules/flow/module.pre.o
                0x0000000008006eac                communication_parameter_send
 .text.communication_receive
                0x0000000008007164     0x152c /home/manoj/gits/Flow/Build/px4flow-v2_default.build//home/manoj/gits/Flow/src/modules/flow/module.pre.o
                0x0000000008007164                communication_receive
 .text.communication_receive_forward
                0x0000000008008690      0x26c /home/manoj/gits/Flow/Build/px4flow-v2_default.build//home/manoj/gits/Flow/src/modules/flow/module.pre.o
                0x0000000008008690                communication_receive_forward
 .text.communication_receive_usb
                0x00000000080088fc     0x1634 /home/manoj/gits/Flow/Build/px4flow-v2_default.build//home/manoj/gits/Flow/src/modules/flow/module.pre.o
                0x00000000080088fc                communication_receive_usb
 .text.mavlink_send_uart_bytes
                0x0000000008009f30       0x38 /home/manoj/gits/Flow/Build/px4flow-v2_default.build//home/manoj/gits/Flow/src/modules/flow/module.pre.o
                0x0000000008009f30                mavlink_send_uart_bytes
 .text.mavlink_get_channel_status
                0x0000000008009f68       0x10 /home/manoj/gits/Flow/Build/px4flow-v2_default.build//home/manoj/gits/Flow/src/modules/flow/module.pre.o
                0x0000000008009f68                mavlink_get_channel_status
 .text.compute_flow
                0x0000000008009f78      0xc14 /home/manoj/gits/Flow/Build/px4flow-v2_default.build//home/manoj/gits/Flow/src/modules/flow/module.pre.o
                0x0000000008009f78                compute_flow
 .text.dcmi_restart_calibration_routine
                0x000000000800ab8c       0x58 /home/manoj/gits/Flow/Build/px4flow-v2_default.build//home/manoj/gits/Flow/src/modules/flow/module.pre.o
                0x000000000800ab8c                dcmi_restart_calibration_routine
 .text.DCMI_IRQHandler
                0x000000000800abe4       0x18 /home/manoj/gits/Flow/Build/px4flow-v2_default.build//home/manoj/gits/Flow/src/modules/flow/module.pre.o
                0x000000000800abe4                DCMI_IRQHandler
 .text.dma_swap_buffers
                0x000000000800abfc       0xd4 /home/manoj/gits/Flow/Build/px4flow-v2_default.build//home/manoj/gits/Flow/src/modules/flow/module.pre.o
                0x000000000800abfc                dma_swap_buffers
 .text.DMA2_Stream1_IRQHandler
                0x000000000800acd0       0xc8 /home/manoj/gits/Flow/Build/px4flow-v2_default.build//home/manoj/gits/Flow/src/modules/flow/module.pre.o
                0x000000000800acd0                DMA2_Stream1_IRQHandler
 .text.get_time_between_images
                0x000000000800ad98        0xc /home/manoj/gits/Flow/Build/px4flow-v2_default.build//home/manoj/gits/Flow/src/modules/flow/module.pre.o
                0x000000000800ad98                get_time_between_images
 .text.get_frame_counter
                0x000000000800ada4        0xc /home/manoj/gits/Flow/Build/px4flow-v2_default.build//home/manoj/gits/Flow/src/modules/flow/module.pre.o
                0x000000000800ada4                get_frame_counter
 .text.dma_copy_image_buffers
                0x000000000800adb0       0xa0 /home/manoj/gits/Flow/Build/px4flow-v2_default.build//home/manoj/gits/Flow/src/modules/flow/module.pre.o
                0x000000000800adb0                dma_copy_image_buffers
 .text.send_calibration_image
                0x000000000800ae50      0x5e0 /home/manoj/gits/Flow/Build/px4flow-v2_default.build//home/manoj/gits/Flow/src/modules/flow/module.pre.o
                0x000000000800ae50                send_calibration_image
 .text.dcmi_clock_init
                0x000000000800b430       0x8c /home/manoj/gits/Flow/Build/px4flow-v2_default.build//home/manoj/gits/Flow/src/modules/flow/module.pre.o
                0x000000000800b430                dcmi_clock_init
 .text.dcmi_hw_init
                0x000000000800b4bc      0x1b4 /home/manoj/gits/Flow/Build/px4flow-v2_default.build//home/manoj/gits/Flow/src/modules/flow/module.pre.o
                0x000000000800b4bc                dcmi_hw_init
 .text.dcmi_dma_init
                0x000000000800b670       0xa8 /home/manoj/gits/Flow/Build/px4flow-v2_default.build//home/manoj/gits/Flow/src/modules/flow/module.pre.o
                0x000000000800b670                dcmi_dma_init
 .text.enable_image_capture
                0x000000000800b718       0x74 /home/manoj/gits/Flow/Build/px4flow-v2_default.build//home/manoj/gits/Flow/src/modules/flow/module.pre.o
                0x000000000800b718                enable_image_capture
 .text.dma_reconfigure
                0x000000000800b78c       0x94 /home/manoj/gits/Flow/Build/px4flow-v2_default.build//home/manoj/gits/Flow/src/modules/flow/module.pre.o
                0x000000000800b78c                dma_reconfigure
 .text.mt9v034_WriteReg
                0x000000000800b820       0xb8 /home/manoj/gits/Flow/Build/px4flow-v2_default.build//home/manoj/gits/Flow/src/modules/flow/module.pre.o
                0x000000000800b820                mt9v034_WriteReg
 .text.mt9v034_set_context
                0x000000000800b8d8       0x2c /home/manoj/gits/Flow/Build/px4flow-v2_default.build//home/manoj/gits/Flow/src/modules/flow/module.pre.o
                0x000000000800b8d8                mt9v034_set_context
 .text.mt9v034_ReadReg
                0x000000000800b904      0x10c /home/manoj/gits/Flow/Build/px4flow-v2_default.build//home/manoj/gits/Flow/src/modules/flow/module.pre.o
                0x000000000800b904                mt9v034_ReadReg
 .text.mt9v034_context_configuration
                0x000000000800ba10      0x460 /home/manoj/gits/Flow/Build/px4flow-v2_default.build//home/manoj/gits/Flow/src/modules/flow/module.pre.o
                0x000000000800ba10                mt9v034_context_configuration
 .text.gyro_read
                0x000000000800be70      0x290 /home/manoj/gits/Flow/Build/px4flow-v2_default.build//home/manoj/gits/Flow/src/modules/flow/module.pre.o
                0x000000000800be70                gyro_read
 .text.l3gd20_config
                0x000000000800c100      0x1b0 /home/manoj/gits/Flow/Build/px4flow-v2_default.build//home/manoj/gits/Flow/src/modules/flow/module.pre.o
                0x000000000800c100                l3gd20_config
 .text.spi_config
                0x000000000800c2b0       0xc4 /home/manoj/gits/Flow/Build/px4flow-v2_default.build//home/manoj/gits/Flow/src/modules/flow/module.pre.o
                0x000000000800c2b0                spi_config
 .text.gyro_config
                0x000000000800c374      0x1b4 /home/manoj/gits/Flow/Build/px4flow-v2_default.build//home/manoj/gits/Flow/src/modules/flow/module.pre.o
                0x000000000800c374                gyro_config
 .text.getGyroRange
                0x000000000800c528        0xc /home/manoj/gits/Flow/Build/px4flow-v2_default.build//home/manoj/gits/Flow/src/modules/flow/module.pre.o
                0x000000000800c528                getGyroRange
 .text.getGyroScalingFactor
                0x000000000800c534       0x20 /home/manoj/gits/Flow/Build/px4flow-v2_default.build//home/manoj/gits/Flow/src/modules/flow/module.pre.o
                0x000000000800c534                getGyroScalingFactor
 .text.usart2_tx_ringbuffer_push
                0x000000000800c554       0x8c /home/manoj/gits/Flow/Build/px4flow-v2_default.build//home/manoj/gits/Flow/src/modules/flow/module.pre.o
                0x000000000800c554                usart2_tx_ringbuffer_push
 .text.usart3_tx_ringbuffer_push
                0x000000000800c5e0       0x8c /home/manoj/gits/Flow/Build/px4flow-v2_default.build//home/manoj/gits/Flow/src/modules/flow/module.pre.o
                0x000000000800c5e0                usart3_tx_ringbuffer_push
 .text.usart2_char_available
                0x000000000800c66c       0x18 /home/manoj/gits/Flow/Build/px4flow-v2_default.build//home/manoj/gits/Flow/src/modules/flow/module.pre.o
                0x000000000800c66c                usart2_char_available
 .text.usart3_char_available
                0x000000000800c684       0x18 /home/manoj/gits/Flow/Build/px4flow-v2_default.build//home/manoj/gits/Flow/src/modules/flow/module.pre.o
                0x000000000800c684                usart3_char_available
 .text.usart2_rx_ringbuffer_pop
                0x000000000800c69c       0x48 /home/manoj/gits/Flow/Build/px4flow-v2_default.build//home/manoj/gits/Flow/src/modules/flow/module.pre.o
                0x000000000800c69c                usart2_rx_ringbuffer_pop
 .text.usart3_rx_ringbuffer_pop
                0x000000000800c6e4       0x48 /home/manoj/gits/Flow/Build/px4flow-v2_default.build//home/manoj/gits/Flow/src/modules/flow/module.pre.o
                0x000000000800c6e4                usart3_rx_ringbuffer_pop
 .text.USART2_IRQHandler
                0x000000000800c72c       0xb0 /home/manoj/gits/Flow/Build/px4flow-v2_default.build//home/manoj/gits/Flow/src/modules/flow/module.pre.o
                0x000000000800c72c                USART2_IRQHandler
 .text.USART3_IRQHandler
                0x000000000800c7dc       0xb0 /home/manoj/gits/Flow/Build/px4flow-v2_default.build//home/manoj/gits/Flow/src/modules/flow/module.pre.o
                0x000000000800c7dc                USART3_IRQHandler
 .text.usart_init
                0x000000000800c88c      0x13c /home/manoj/gits/Flow/Build/px4flow-v2_default.build//home/manoj/gits/Flow/src/modules/flow/module.pre.o
                0x000000000800c88c                usart_init
 .text.sonar_trigger
                0x000000000800c9c8       0x10 /home/manoj/gits/Flow/Build/px4flow-v2_default.build//home/manoj/gits/Flow/src/modules/flow/module.pre.o
                0x000000000800c9c8                sonar_trigger
 .text.UART4_IRQHandler
                0x000000000800c9d8      0x154 /home/manoj/gits/Flow/Build/px4flow-v2_default.build//home/manoj/gits/Flow/src/modules/flow/module.pre.o
                0x000000000800c9d8                UART4_IRQHandler
 .text.sonar_read
                0x000000000800cb2c       0xf0 /home/manoj/gits/Flow/Build/px4flow-v2_default.build//home/manoj/gits/Flow/src/modules/flow/module.pre.o
                0x000000000800cb2c                sonar_read
 .text.sonar_config
                0x000000000800cc1c       0xb4 /home/manoj/gits/Flow/Build/px4flow-v2_default.build//home/manoj/gits/Flow/src/modules/flow/module.pre.o
                0x000000000800cc1c                sonar_config
 .text.get_sonar_measure_time
                0x000000000800ccd0        0xc /home/manoj/gits/Flow/Build/px4flow-v2_default.build//home/manoj/gits/Flow/src/modules/flow/module.pre.o
                0x000000000800ccd0                get_sonar_measure_time
 .text.debug_string_message_buffer
                0x000000000800ccdc       0x5c /home/manoj/gits/Flow/Build/px4flow-v2_default.build//home/manoj/gits/Flow/src/modules/flow/module.pre.o
                0x000000000800ccdc                debug_string_message_buffer
 .text.debug_int_message_buffer
                0x000000000800cd38       0x64 /home/manoj/gits/Flow/Build/px4flow-v2_default.build//home/manoj/gits/Flow/src/modules/flow/module.pre.o
                0x000000000800cd38                debug_int_message_buffer
 .text.debug_message_send_one
                0x000000000800cd9c      0x378 /home/manoj/gits/Flow/Build/px4flow-v2_default.build//home/manoj/gits/Flow/src/modules/flow/module.pre.o
                0x000000000800cd9c                debug_message_send_one
 .text.USB_OTG_BSP_Init
                0x000000000800d114       0x8c /home/manoj/gits/Flow/Build/px4flow-v2_default.build//home/manoj/gits/Flow/src/modules/flow/module.pre.o
                0x000000000800d114                USB_OTG_BSP_Init
 .text.USB_OTG_BSP_EnableInterrupt
                0x000000000800d1a0       0x24 /home/manoj/gits/Flow/Build/px4flow-v2_default.build//home/manoj/gits/Flow/src/modules/flow/module.pre.o
                0x000000000800d1a0                USB_OTG_BSP_EnableInterrupt
 .text.USB_OTG_BSP_uDelay
                0x000000000800d1c4       0x24 /home/manoj/gits/Flow/Build/px4flow-v2_default.build//home/manoj/gits/Flow/src/modules/flow/module.pre.o
                0x000000000800d1c4                USB_OTG_BSP_uDelay
 .text.USB_OTG_BSP_mDelay
                0x000000000800d1e8       0x28 /home/manoj/gits/Flow/Build/px4flow-v2_default.build//home/manoj/gits/Flow/src/modules/flow/module.pre.o
                0x000000000800d1e8                USB_OTG_BSP_mDelay
 .text.VCP_Init
                0x000000000800d210        0x4 /home/manoj/gits/Flow/Build/px4flow-v2_default.build//home/manoj/gits/Flow/src/modules/flow/module.pre.o
 .text.VCP_DataTx
                0x000000000800d214       0x44 /home/manoj/gits/Flow/Build/px4flow-v2_default.build//home/manoj/gits/Flow/src/modules/flow/module.pre.o
 .text.VCP_DataRx
                0x000000000800d258       0x50 /home/manoj/gits/Flow/Build/px4flow-v2_default.build//home/manoj/gits/Flow/src/modules/flow/module.pre.o
 .text.VCP_Ctrl
                0x000000000800d2a8       0x2c /home/manoj/gits/Flow/Build/px4flow-v2_default.build//home/manoj/gits/Flow/src/modules/flow/module.pre.o
 .text.VCP_DeInit
                0x000000000800d2d4        0x4 /home/manoj/gits/Flow/Build/px4flow-v2_default.build//home/manoj/gits/Flow/src/modules/flow/module.pre.o
 .text.VCP_put_char
                0x000000000800d2d8       0x28 /home/manoj/gits/Flow/Build/px4flow-v2_default.build//home/manoj/gits/Flow/src/modules/flow/module.pre.o
                0x000000000800d2d8                VCP_put_char
 .text.VCP_get_char
                0x000000000800d300       0x34 /home/manoj/gits/Flow/Build/px4flow-v2_default.build//home/manoj/gits/Flow/src/modules/flow/module.pre.o
                0x000000000800d300                VCP_get_char
 .text.USBD_USR_DeviceDescriptor
                0x000000000800d334        0xc /home/manoj/gits/Flow/Build/px4flow-v2_default.build//home/manoj/gits/Flow/src/modules/flow/module.pre.o
                0x000000000800d334                USBD_USR_DeviceDescriptor
 .text.USBD_USR_LangIDStrDescriptor
                0x000000000800d340        0xc /home/manoj/gits/Flow/Build/px4flow-v2_default.build//home/manoj/gits/Flow/src/modules/flow/module.pre.o
                0x000000000800d340                USBD_USR_LangIDStrDescriptor
 .text.USBD_USR_ManufacturerStrDescriptor
                0x000000000800d34c       0x1c /home/manoj/gits/Flow/Build/px4flow-v2_default.build//home/manoj/gits/Flow/src/modules/flow/module.pre.o
                0x000000000800d34c                USBD_USR_ManufacturerStrDescriptor
 .text.USBD_USR_ProductStrDescriptor
                0x000000000800d368       0x1c /home/manoj/gits/Flow/Build/px4flow-v2_default.build//home/manoj/gits/Flow/src/modules/flow/module.pre.o
                0x000000000800d368                USBD_USR_ProductStrDescriptor
 .text.USBD_USR_SerialStrDescriptor
                0x000000000800d384       0x1c /home/manoj/gits/Flow/Build/px4flow-v2_default.build//home/manoj/gits/Flow/src/modules/flow/module.pre.o
                0x000000000800d384                USBD_USR_SerialStrDescriptor
 .text.USBD_USR_ConfigStrDescriptor
                0x000000000800d3a0       0x1c /home/manoj/gits/Flow/Build/px4flow-v2_default.build//home/manoj/gits/Flow/src/modules/flow/module.pre.o
                0x000000000800d3a0                USBD_USR_ConfigStrDescriptor
 .text.USBD_USR_InterfaceStrDescriptor
                0x000000000800d3bc       0x1c /home/manoj/gits/Flow/Build/px4flow-v2_default.build//home/manoj/gits/Flow/src/modules/flow/module.pre.o
                0x000000000800d3bc                USBD_USR_InterfaceStrDescriptor
 .text.USBD_USR_Init
                0x000000000800d3d8        0x4 /home/manoj/gits/Flow/Build/px4flow-v2_default.build//home/manoj/gits/Flow/src/modules/flow/module.pre.o
                0x000000000800d3d8                USBD_USR_Init
 .text.USBD_USR_DeviceReset
                0x000000000800d3dc        0x4 /home/manoj/gits/Flow/Build/px4flow-v2_default.build//home/manoj/gits/Flow/src/modules/flow/module.pre.o
                0x000000000800d3dc                USBD_USR_DeviceReset
 .text.USBD_USR_DeviceDisconnected
                0x000000000800d3e0        0x4 /home/manoj/gits/Flow/Build/px4flow-v2_default.build//home/manoj/gits/Flow/src/modules/flow/module.pre.o
                0x000000000800d3e0                USBD_USR_DeviceDisconnected
 .text.USBD_USR_DeviceConfigured
                0x000000000800d3e4        0x4 /home/manoj/gits/Flow/Build/px4flow-v2_default.build//home/manoj/gits/Flow/src/modules/flow/module.pre.o
                0x000000000800d3e4                USBD_USR_DeviceConfigured
 .text.USBD_USR_DeviceSuspended
                0x000000000800d3e8        0x4 /home/manoj/gits/Flow/Build/px4flow-v2_default.build//home/manoj/gits/Flow/src/modules/flow/module.pre.o
                0x000000000800d3e8                USBD_USR_DeviceSuspended
 .text.USBD_USR_DeviceResumed
                0x000000000800d3ec        0x4 /home/manoj/gits/Flow/Build/px4flow-v2_default.build//home/manoj/gits/Flow/src/modules/flow/module.pre.o
                0x000000000800d3ec                USBD_USR_DeviceResumed
 .text.USBD_USR_DeviceConnected
                0x000000000800d3f0        0x4 /home/manoj/gits/Flow/Build/px4flow-v2_default.build//home/manoj/gits/Flow/src/modules/flow/module.pre.o
                0x000000000800d3f0                USBD_USR_DeviceConnected
 .text.i2c_init
                0x000000000800d3f4      0x164 /home/manoj/gits/Flow/Build/px4flow-v2_default.build//home/manoj/gits/Flow/src/modules/flow/module.pre.o
                0x000000000800d3f4                i2c_init
 .text.I2C1_EV_IRQHandler
                0x000000000800d558      0x138 /home/manoj/gits/Flow/Build/px4flow-v2_default.build//home/manoj/gits/Flow/src/modules/flow/module.pre.o
                0x000000000800d558                I2C1_EV_IRQHandler
 .text.I2C1_ER_IRQHandler
                0x000000000800d690       0x20 /home/manoj/gits/Flow/Build/px4flow-v2_default.build//home/manoj/gits/Flow/src/modules/flow/module.pre.o
                0x000000000800d690                I2C1_ER_IRQHandler
 .text.update_TX_buffer
                0x000000000800d6b0      0x404 /home/manoj/gits/Flow/Build/px4flow-v2_default.build//home/manoj/gits/Flow/src/modules/flow/module.pre.o
                0x000000000800d6b0                update_TX_buffer
 .text.up_systemreset
                0x000000000800dab4       0x1c /home/manoj/gits/Flow/Build/px4flow-v2_default.build//home/manoj/gits/Flow/src/modules/flow/module.pre.o
                0x000000000800dab4                up_systemreset
 .text.systemreset
                0x000000000800dad0       0x24 /home/manoj/gits/Flow/Build/px4flow-v2_default.build//home/manoj/gits/Flow/src/modules/flow/module.pre.o
                0x000000000800dad0                systemreset
 .text.NVIC_PriorityGroupConfig
                0x000000000800daf4       0x14 /home/manoj/gits/Flow/Build/px4flow-v2_default.build//home/manoj/gits/Flow/src/modules/flow/module.pre.o
                0x000000000800daf4                NVIC_PriorityGroupConfig
 .text.NVIC_Init
                0x000000000800db08       0x68 /home/manoj/gits/Flow/Build/px4flow-v2_default.build//home/manoj/gits/Flow/src/modules/flow/module.pre.o
                0x000000000800db08                NVIC_Init
 .text.RCC_GetClocksFreq
                0x000000000800db70       0x90 /home/manoj/gits/Flow/Build/px4flow-v2_default.build//home/manoj/gits/Flow/src/modules/flow/module.pre.o
                0x000000000800db70                RCC_GetClocksFreq
 .text.RCC_AHB1PeriphClockCmd
                0x000000000800dc00       0x18 /home/manoj/gits/Flow/Build/px4flow-v2_default.build//home/manoj/gits/Flow/src/modules/flow/module.pre.o
                0x000000000800dc00                RCC_AHB1PeriphClockCmd
 .text.RCC_AHB2PeriphClockCmd
                0x000000000800dc18       0x18 /home/manoj/gits/Flow/Build/px4flow-v2_default.build//home/manoj/gits/Flow/src/modules/flow/module.pre.o
                0x000000000800dc18                RCC_AHB2PeriphClockCmd
 .text.RCC_APB1PeriphClockCmd
                0x000000000800dc30       0x18 /home/manoj/gits/Flow/Build/px4flow-v2_default.build//home/manoj/gits/Flow/src/modules/flow/module.pre.o
                0x000000000800dc30                RCC_APB1PeriphClockCmd
 .text.RCC_APB2PeriphClockCmd
                0x000000000800dc48       0x18 /home/manoj/gits/Flow/Build/px4flow-v2_default.build//home/manoj/gits/Flow/src/modules/flow/module.pre.o
                0x000000000800dc48                RCC_APB2PeriphClockCmd
 .text.RCC_APB1PeriphResetCmd
                0x000000000800dc60       0x18 /home/manoj/gits/Flow/Build/px4flow-v2_default.build//home/manoj/gits/Flow/src/modules/flow/module.pre.o
                0x000000000800dc60                RCC_APB1PeriphResetCmd
 .text.DMA_DeInit
                0x000000000800dc78      0x12c /home/manoj/gits/Flow/Build/px4flow-v2_default.build//home/manoj/gits/Flow/src/modules/flow/module.pre.o
                0x000000000800dc78                DMA_DeInit
 .text.DMA_Init
                0x000000000800dda4       0x58 /home/manoj/gits/Flow/Build/px4flow-v2_default.build//home/manoj/gits/Flow/src/modules/flow/module.pre.o
                0x000000000800dda4                DMA_Init
 .text.DMA_Cmd  0x000000000800ddfc       0x14 /home/manoj/gits/Flow/Build/px4flow-v2_default.build//home/manoj/gits/Flow/src/modules/flow/module.pre.o
                0x000000000800ddfc                DMA_Cmd
 .text.DMA_DoubleBufferModeConfig
                0x000000000800de10       0x18 /home/manoj/gits/Flow/Build/px4flow-v2_default.build//home/manoj/gits/Flow/src/modules/flow/module.pre.o
                0x000000000800de10                DMA_DoubleBufferModeConfig
 .text.DMA_DoubleBufferModeCmd
                0x000000000800de28       0x14 /home/manoj/gits/Flow/Build/px4flow-v2_default.build//home/manoj/gits/Flow/src/modules/flow/module.pre.o
                0x000000000800de28                DMA_DoubleBufferModeCmd
 .text.DMA_MemoryTargetConfig
                0x000000000800de3c        0xc /home/manoj/gits/Flow/Build/px4flow-v2_default.build//home/manoj/gits/Flow/src/modules/flow/module.pre.o
                0x000000000800de3c                DMA_MemoryTargetConfig
 .text.DMA_GetCurrentMemoryTarget
                0x000000000800de48        0x8 /home/manoj/gits/Flow/Build/px4flow-v2_default.build//home/manoj/gits/Flow/src/modules/flow/module.pre.o
                0x000000000800de48                DMA_GetCurrentMemoryTarget
 .text.DMA_ITConfig
                0x000000000800de50       0x40 /home/manoj/gits/Flow/Build/px4flow-v2_default.build//home/manoj/gits/Flow/src/modules/flow/module.pre.o
                0x000000000800de50                DMA_ITConfig
 .text.DMA_GetITStatus
                0x000000000800de90       0x54 /home/manoj/gits/Flow/Build/px4flow-v2_default.build//home/manoj/gits/Flow/src/modules/flow/module.pre.o
                0x000000000800de90                DMA_GetITStatus
 .text.DMA_ClearITPendingBit
                0x000000000800dee4       0x30 /home/manoj/gits/Flow/Build/px4flow-v2_default.build//home/manoj/gits/Flow/src/modules/flow/module.pre.o
                0x000000000800dee4                DMA_ClearITPendingBit
 .text.DCMI_Init
                0x000000000800df14       0x40 /home/manoj/gits/Flow/Build/px4flow-v2_default.build//home/manoj/gits/Flow/src/modules/flow/module.pre.o
                0x000000000800df14                DCMI_Init
 .text.DCMI_Cmd
                0x000000000800df54       0x1c /home/manoj/gits/Flow/Build/px4flow-v2_default.build//home/manoj/gits/Flow/src/modules/flow/module.pre.o
                0x000000000800df54                DCMI_Cmd
 .text.DCMI_CaptureCmd
                0x000000000800df70       0x1c /home/manoj/gits/Flow/Build/px4flow-v2_default.build//home/manoj/gits/Flow/src/modules/flow/module.pre.o
                0x000000000800df70                DCMI_CaptureCmd
 .text.DCMI_GetITStatus
                0x000000000800df8c       0x14 /home/manoj/gits/Flow/Build/px4flow-v2_default.build//home/manoj/gits/Flow/src/modules/flow/module.pre.o
                0x000000000800df8c                DCMI_GetITStatus
 .text.DCMI_ClearITPendingBit
                0x000000000800dfa0        0xc /home/manoj/gits/Flow/Build/px4flow-v2_default.build//home/manoj/gits/Flow/src/modules/flow/module.pre.o
                0x000000000800dfa0                DCMI_ClearITPendingBit
 .text.I2C_DeInit
                0x000000000800dfac       0x6c /home/manoj/gits/Flow/Build/px4flow-v2_default.build//home/manoj/gits/Flow/src/modules/flow/module.pre.o
                0x000000000800dfac                I2C_DeInit
 .text.I2C_Init
                0x000000000800e018       0xd4 /home/manoj/gits/Flow/Build/px4flow-v2_default.build//home/manoj/gits/Flow/src/modules/flow/module.pre.o
                0x000000000800e018                I2C_Init
 .text.I2C_Cmd  0x000000000800e0ec       0x18 /home/manoj/gits/Flow/Build/px4flow-v2_default.build//home/manoj/gits/Flow/src/modules/flow/module.pre.o
                0x000000000800e0ec                I2C_Cmd
 .text.I2C_GenerateSTART
                0x000000000800e104       0x18 /home/manoj/gits/Flow/Build/px4flow-v2_default.build//home/manoj/gits/Flow/src/modules/flow/module.pre.o
                0x000000000800e104                I2C_GenerateSTART
 .text.I2C_GenerateSTOP
                0x000000000800e11c       0x18 /home/manoj/gits/Flow/Build/px4flow-v2_default.build//home/manoj/gits/Flow/src/modules/flow/module.pre.o
                0x000000000800e11c                I2C_GenerateSTOP
 .text.I2C_Send7bitAddress
                0x000000000800e134       0x18 /home/manoj/gits/Flow/Build/px4flow-v2_default.build//home/manoj/gits/Flow/src/modules/flow/module.pre.o
                0x000000000800e134                I2C_Send7bitAddress
 .text.I2C_AcknowledgeConfig
                0x000000000800e14c       0x18 /home/manoj/gits/Flow/Build/px4flow-v2_default.build//home/manoj/gits/Flow/src/modules/flow/module.pre.o
                0x000000000800e14c                I2C_AcknowledgeConfig
 .text.I2C_SoftwareResetCmd
                0x000000000800e164       0x14 /home/manoj/gits/Flow/Build/px4flow-v2_default.build//home/manoj/gits/Flow/src/modules/flow/module.pre.o
                0x000000000800e164                I2C_SoftwareResetCmd
 .text.I2C_StretchClockCmd
                0x000000000800e178       0x18 /home/manoj/gits/Flow/Build/px4flow-v2_default.build//home/manoj/gits/Flow/src/modules/flow/module.pre.o
                0x000000000800e178                I2C_StretchClockCmd
 .text.I2C_SendData
                0x000000000800e190        0x4 /home/manoj/gits/Flow/Build/px4flow-v2_default.build//home/manoj/gits/Flow/src/modules/flow/module.pre.o
                0x000000000800e190                I2C_SendData
 .text.I2C_ReceiveData
                0x000000000800e194        0x8 /home/manoj/gits/Flow/Build/px4flow-v2_default.build//home/manoj/gits/Flow/src/modules/flow/module.pre.o
                0x000000000800e194                I2C_ReceiveData
 .text.I2C_ReadRegister
                0x000000000800e19c       0x18 /home/manoj/gits/Flow/Build/px4flow-v2_default.build//home/manoj/gits/Flow/src/modules/flow/module.pre.o
                0x000000000800e19c                I2C_ReadRegister
 .text.I2C_ITConfig
                0x000000000800e1b4       0x14 /home/manoj/gits/Flow/Build/px4flow-v2_default.build//home/manoj/gits/Flow/src/modules/flow/module.pre.o
                0x000000000800e1b4                I2C_ITConfig
 .text.I2C_CheckEvent
                0x000000000800e1c8       0x18 /home/manoj/gits/Flow/Build/px4flow-v2_default.build//home/manoj/gits/Flow/src/modules/flow/module.pre.o
                0x000000000800e1c8                I2C_CheckEvent
 .text.I2C_GetLastEvent
                0x000000000800e1e0       0x10 /home/manoj/gits/Flow/Build/px4flow-v2_default.build//home/manoj/gits/Flow/src/modules/flow/module.pre.o
                0x000000000800e1e0                I2C_GetLastEvent
 .text.TIM_TimeBaseInit
                0x000000000800e1f0       0x98 /home/manoj/gits/Flow/Build/px4flow-v2_default.build//home/manoj/gits/Flow/src/modules/flow/module.pre.o
                0x000000000800e1f0                TIM_TimeBaseInit
 .text.TIM_ARRPreloadConfig
                0x000000000800e288       0x18 /home/manoj/gits/Flow/Build/px4flow-v2_default.build//home/manoj/gits/Flow/src/modules/flow/module.pre.o
                0x000000000800e288                TIM_ARRPreloadConfig
 .text.TIM_Cmd  0x000000000800e2a0       0x18 /home/manoj/gits/Flow/Build/px4flow-v2_default.build//home/manoj/gits/Flow/src/modules/flow/module.pre.o
                0x000000000800e2a0                TIM_Cmd
 .text.TIM_OC3Init
                0x000000000800e2b8       0x84 /home/manoj/gits/Flow/Build/px4flow-v2_default.build//home/manoj/gits/Flow/src/modules/flow/module.pre.o
                0x000000000800e2b8                TIM_OC3Init
 .text.TIM_OC3PreloadConfig
                0x000000000800e33c       0x10 /home/manoj/gits/Flow/Build/px4flow-v2_default.build//home/manoj/gits/Flow/src/modules/flow/module.pre.o
                0x000000000800e33c                TIM_OC3PreloadConfig
 .text.TIM_CtrlPWMOutputs
                0x000000000800e34c       0x1c /home/manoj/gits/Flow/Build/px4flow-v2_default.build//home/manoj/gits/Flow/src/modules/flow/module.pre.o
                0x000000000800e34c                TIM_CtrlPWMOutputs
 .text.TIM_CCPreloadControl
                0x000000000800e368       0x18 /home/manoj/gits/Flow/Build/px4flow-v2_default.build//home/manoj/gits/Flow/src/modules/flow/module.pre.o
                0x000000000800e368                TIM_CCPreloadControl
 .text.SPI_Init
                0x000000000800e380       0x40 /home/manoj/gits/Flow/Build/px4flow-v2_default.build//home/manoj/gits/Flow/src/modules/flow/module.pre.o
                0x000000000800e380                SPI_Init
 .text.SPI_Cmd  0x000000000800e3c0       0x18 /home/manoj/gits/Flow/Build/px4flow-v2_default.build//home/manoj/gits/Flow/src/modules/flow/module.pre.o
                0x000000000800e3c0                SPI_Cmd
 .text.SPI_I2S_ReceiveData
                0x000000000800e3d8        0x4 /home/manoj/gits/Flow/Build/px4flow-v2_default.build//home/manoj/gits/Flow/src/modules/flow/module.pre.o
                0x000000000800e3d8                SPI_I2S_ReceiveData
 .text.SPI_I2S_SendData
                0x000000000800e3dc        0x4 /home/manoj/gits/Flow/Build/px4flow-v2_default.build//home/manoj/gits/Flow/src/modules/flow/module.pre.o
                0x000000000800e3dc                SPI_I2S_SendData
 .text.SPI_I2S_GetFlagStatus
                0x000000000800e3e0        0xc /home/manoj/gits/Flow/Build/px4flow-v2_default.build//home/manoj/gits/Flow/src/modules/flow/module.pre.o
                0x000000000800e3e0                SPI_I2S_GetFlagStatus
 .text.USART_Init
                0x000000000800e3ec       0xc0 /home/manoj/gits/Flow/Build/px4flow-v2_default.build//home/manoj/gits/Flow/src/modules/flow/module.pre.o
                0x000000000800e3ec                USART_Init
 .text.USART_Cmd
                0x000000000800e4ac       0x18 /home/manoj/gits/Flow/Build/px4flow-v2_default.build//home/manoj/gits/Flow/src/modules/flow/module.pre.o
                0x000000000800e4ac                USART_Cmd
 .text.USART_SendData
                0x000000000800e4c4        0x8 /home/manoj/gits/Flow/Build/px4flow-v2_default.build//home/manoj/gits/Flow/src/modules/flow/module.pre.o
                0x000000000800e4c4                USART_SendData
 .text.USART_ReceiveData
                0x000000000800e4cc        0x8 /home/manoj/gits/Flow/Build/px4flow-v2_default.build//home/manoj/gits/Flow/src/modules/flow/module.pre.o
                0x000000000800e4cc                USART_ReceiveData
 .text.USART_ITConfig
                0x000000000800e4d4       0x3c /home/manoj/gits/Flow/Build/px4flow-v2_default.build//home/manoj/gits/Flow/src/modules/flow/module.pre.o
                0x000000000800e4d4                USART_ITConfig
 .text.USART_GetITStatus
                0x000000000800e510       0x48 /home/manoj/gits/Flow/Build/px4flow-v2_default.build//home/manoj/gits/Flow/src/modules/flow/module.pre.o
                0x000000000800e510                USART_GetITStatus
 .text.GPIO_Init
                0x000000000800e558       0x8c /home/manoj/gits/Flow/Build/px4flow-v2_default.build//home/manoj/gits/Flow/src/modules/flow/module.pre.o
                0x000000000800e558                GPIO_Init
 .text.GPIO_ReadInputData
                0x000000000800e5e4        0x8 /home/manoj/gits/Flow/Build/px4flow-v2_default.build//home/manoj/gits/Flow/src/modules/flow/module.pre.o
                0x000000000800e5e4                GPIO_ReadInputData
 .text.GPIO_SetBits
                0x000000000800e5ec        0x4 /home/manoj/gits/Flow/Build/px4flow-v2_default.build//home/manoj/gits/Flow/src/modules/flow/module.pre.o
                0x000000000800e5ec                GPIO_SetBits
 .text.GPIO_ResetBits
                0x000000000800e5f0        0x4 /home/manoj/gits/Flow/Build/px4flow-v2_default.build//home/manoj/gits/Flow/src/modules/flow/module.pre.o
                0x000000000800e5f0                GPIO_ResetBits
 .text.GPIO_ToggleBits
                0x000000000800e5f4        0x8 /home/manoj/gits/Flow/Build/px4flow-v2_default.build//home/manoj/gits/Flow/src/modules/flow/module.pre.o
                0x000000000800e5f4                GPIO_ToggleBits
 .text.GPIO_PinAFConfig
                0x000000000800e5fc       0x2c /home/manoj/gits/Flow/Build/px4flow-v2_default.build//home/manoj/gits/Flow/src/modules/flow/module.pre.o
                0x000000000800e5fc                GPIO_PinAFConfig
 .text.USB_OTG_WritePacket
                0x000000000800e628       0x28 /home/manoj/gits/Flow/Build/px4flow-v2_default.build//home/manoj/gits/Flow/src/modules/flow/module.pre.o
                0x000000000800e628                USB_OTG_WritePacket
 .text.USB_OTG_ReadPacket
                0x000000000800e650       0x2c /home/manoj/gits/Flow/Build/px4flow-v2_default.build//home/manoj/gits/Flow/src/modules/flow/module.pre.o
                0x000000000800e650                USB_OTG_ReadPacket
 .text.USB_OTG_SelectCore
                0x000000000800e67c      0x35c /home/manoj/gits/Flow/Build/px4flow-v2_default.build//home/manoj/gits/Flow/src/modules/flow/module.pre.o
                0x000000000800e67c                USB_OTG_SelectCore
 .text.USB_OTG_CoreInit
                0x000000000800e9d8      0x144 /home/manoj/gits/Flow/Build/px4flow-v2_default.build//home/manoj/gits/Flow/src/modules/flow/module.pre.o
                0x000000000800e9d8                USB_OTG_CoreInit
 .text.USB_OTG_EnableGlobalInt
                0x000000000800eb1c       0x10 /home/manoj/gits/Flow/Build/px4flow-v2_default.build//home/manoj/gits/Flow/src/modules/flow/module.pre.o
                0x000000000800eb1c                USB_OTG_EnableGlobalInt
 .text.USB_OTG_DisableGlobalInt
                0x000000000800eb2c       0x10 /home/manoj/gits/Flow/Build/px4flow-v2_default.build//home/manoj/gits/Flow/src/modules/flow/module.pre.o
                0x000000000800eb2c                USB_OTG_DisableGlobalInt
 .text.USB_OTG_FlushTxFifo
                0x000000000800eb3c       0x48 /home/manoj/gits/Flow/Build/px4flow-v2_default.build//home/manoj/gits/Flow/src/modules/flow/module.pre.o
                0x000000000800eb3c                USB_OTG_FlushTxFifo
 .text.USB_OTG_SetCurrentMode
                0x000000000800eb84       0x2c /home/manoj/gits/Flow/Build/px4flow-v2_default.build//home/manoj/gits/Flow/src/modules/flow/module.pre.o
                0x000000000800eb84                USB_OTG_SetCurrentMode
 .text.USB_OTG_IsDeviceMode
                0x000000000800ebb0        0xc /home/manoj/gits/Flow/Build/px4flow-v2_default.build//home/manoj/gits/Flow/src/modules/flow/module.pre.o
                0x000000000800ebb0                USB_OTG_IsDeviceMode
 .text.USB_OTG_ReadCoreItr
                0x000000000800ebbc        0xc /home/manoj/gits/Flow/Build/px4flow-v2_default.build//home/manoj/gits/Flow/src/modules/flow/module.pre.o
                0x000000000800ebbc                USB_OTG_ReadCoreItr
 .text.USB_OTG_CoreInitDev
                0x000000000800ebc8      0x50c /home/manoj/gits/Flow/Build/px4flow-v2_default.build//home/manoj/gits/Flow/src/modules/flow/module.pre.o
                0x000000000800ebc8                USB_OTG_CoreInitDev
 .text.USB_OTG_GetDeviceSpeed
                0x000000000800f0d4       0x20 /home/manoj/gits/Flow/Build/px4flow-v2_default.build//home/manoj/gits/Flow/src/modules/flow/module.pre.o
                0x000000000800f0d4                USB_OTG_GetDeviceSpeed
 .text.USB_OTG_EP0Activate
                0x000000000800f0f4       0x34 /home/manoj/gits/Flow/Build/px4flow-v2_default.build//home/manoj/gits/Flow/src/modules/flow/module.pre.o
                0x000000000800f0f4                USB_OTG_EP0Activate
 .text.USB_OTG_EPActivate
                0x000000000800f128       0x58 /home/manoj/gits/Flow/Build/px4flow-v2_default.build//home/manoj/gits/Flow/src/modules/flow/module.pre.o
                0x000000000800f128                USB_OTG_EPActivate
 .text.USB_OTG_EPDeactivate
                0x000000000800f180       0x3c /home/manoj/gits/Flow/Build/px4flow-v2_default.build//home/manoj/gits/Flow/src/modules/flow/module.pre.o
                0x000000000800f180                USB_OTG_EPDeactivate
 .text.USB_OTG_EPStartXfer
                0x000000000800f1bc      0x13c /home/manoj/gits/Flow/Build/px4flow-v2_default.build//home/manoj/gits/Flow/src/modules/flow/module.pre.o
                0x000000000800f1bc                USB_OTG_EPStartXfer
 .text.USB_OTG_EP0StartXfer
                0x000000000800f2f8       0xfc /home/manoj/gits/Flow/Build/px4flow-v2_default.build//home/manoj/gits/Flow/src/modules/flow/module.pre.o
                0x000000000800f2f8                USB_OTG_EP0StartXfer
 .text.USB_OTG_EPSetStall
                0x000000000800f3f4       0x30 /home/manoj/gits/Flow/Build/px4flow-v2_default.build//home/manoj/gits/Flow/src/modules/flow/module.pre.o
                0x000000000800f3f4                USB_OTG_EPSetStall
 .text.USB_OTG_EPClearStall
                0x000000000800f424       0x28 /home/manoj/gits/Flow/Build/px4flow-v2_default.build//home/manoj/gits/Flow/src/modules/flow/module.pre.o
                0x000000000800f424                USB_OTG_EPClearStall
 .text.USB_OTG_ReadDevAllOutEp_itr
                0x000000000800f44c        0xc /home/manoj/gits/Flow/Build/px4flow-v2_default.build//home/manoj/gits/Flow/src/modules/flow/module.pre.o
                0x000000000800f44c                USB_OTG_ReadDevAllOutEp_itr
 .text.USB_OTG_ReadDevOutEP_itr
                0x000000000800f458       0x10 /home/manoj/gits/Flow/Build/px4flow-v2_default.build//home/manoj/gits/Flow/src/modules/flow/module.pre.o
                0x000000000800f458                USB_OTG_ReadDevOutEP_itr
 .text.USB_OTG_ReadDevAllInEPItr
                0x000000000800f468        0xc /home/manoj/gits/Flow/Build/px4flow-v2_default.build//home/manoj/gits/Flow/src/modules/flow/module.pre.o
                0x000000000800f468                USB_OTG_ReadDevAllInEPItr
 .text.USB_OTG_EP0_OutStart
                0x000000000800f474       0x2c /home/manoj/gits/Flow/Build/px4flow-v2_default.build//home/manoj/gits/Flow/src/modules/flow/module.pre.o
                0x000000000800f474                USB_OTG_EP0_OutStart
 .text.USBD_OTG_ISR_Handler
                0x000000000800f4a0      0x5b0 /home/manoj/gits/Flow/Build/px4flow-v2_default.build//home/manoj/gits/Flow/src/modules/flow/module.pre.o
                0x000000000800f4a0                USBD_OTG_ISR_Handler
 .text.DCD_Init
                0x000000000800fa50      0x454 /home/manoj/gits/Flow/Build/px4flow-v2_default.build//home/manoj/gits/Flow/src/modules/flow/module.pre.o
                0x000000000800fa50                DCD_Init
 .text.DCD_EP_Open
                0x000000000800fea4       0x68 /home/manoj/gits/Flow/Build/px4flow-v2_default.build//home/manoj/gits/Flow/src/modules/flow/module.pre.o
                0x000000000800fea4                DCD_EP_Open
 .text.DCD_EP_Close
                0x000000000800ff0c       0x30 /home/manoj/gits/Flow/Build/px4flow-v2_default.build//home/manoj/gits/Flow/src/modules/flow/module.pre.o
                0x000000000800ff0c                DCD_EP_Close
 .text.DCD_EP_PrepareRx
                0x000000000800ff3c       0x50 /home/manoj/gits/Flow/Build/px4flow-v2_default.build//home/manoj/gits/Flow/src/modules/flow/module.pre.o
                0x000000000800ff3c                DCD_EP_PrepareRx
 .text.DCD_EP_Tx
                0x000000000800ff8c       0x48 /home/manoj/gits/Flow/Build/px4flow-v2_default.build//home/manoj/gits/Flow/src/modules/flow/module.pre.o
                0x000000000800ff8c                DCD_EP_Tx
 .text.DCD_EP_Stall
                0x000000000800ffd4       0x34 /home/manoj/gits/Flow/Build/px4flow-v2_default.build//home/manoj/gits/Flow/src/modules/flow/module.pre.o
                0x000000000800ffd4                DCD_EP_Stall
 .text.DCD_EP_ClrStall
                0x0000000008010008       0x34 /home/manoj/gits/Flow/Build/px4flow-v2_default.build//home/manoj/gits/Flow/src/modules/flow/module.pre.o
                0x0000000008010008                DCD_EP_ClrStall
 .text.DCD_EP_SetAddress
                0x000000000801003c       0x10 /home/manoj/gits/Flow/Build/px4flow-v2_default.build//home/manoj/gits/Flow/src/modules/flow/module.pre.o
                0x000000000801003c                DCD_EP_SetAddress
 .text.USBD_Resume
                0x000000000801004c       0x18 /home/manoj/gits/Flow/Build/px4flow-v2_default.build//home/manoj/gits/Flow/src/modules/flow/module.pre.o
 .text.USBD_Suspend
                0x0000000008010064       0x1c /home/manoj/gits/Flow/Build/px4flow-v2_default.build//home/manoj/gits/Flow/src/modules/flow/module.pre.o
 .text.USBD_SOF
                0x0000000008010080       0x10 /home/manoj/gits/Flow/Build/px4flow-v2_default.build//home/manoj/gits/Flow/src/modules/flow/module.pre.o
 .text.USBD_IsoINIncomplete
                0x0000000008010090       0x10 /home/manoj/gits/Flow/Build/px4flow-v2_default.build//home/manoj/gits/Flow/src/modules/flow/module.pre.o
 .text.USBD_IsoOUTIncomplete
                0x00000000080100a0       0x10 /home/manoj/gits/Flow/Build/px4flow-v2_default.build//home/manoj/gits/Flow/src/modules/flow/module.pre.o
 .text.USBD_DevConnected
                0x00000000080100b0       0x18 /home/manoj/gits/Flow/Build/px4flow-v2_default.build//home/manoj/gits/Flow/src/modules/flow/module.pre.o
 .text.USBD_DevDisconnected
                0x00000000080100c8       0x20 /home/manoj/gits/Flow/Build/px4flow-v2_default.build//home/manoj/gits/Flow/src/modules/flow/module.pre.o
 .text.USBD_Reset
                0x00000000080100e8       0x30 /home/manoj/gits/Flow/Build/px4flow-v2_default.build//home/manoj/gits/Flow/src/modules/flow/module.pre.o
 .text.USBD_SetupStage
                0x0000000008010118       0x58 /home/manoj/gits/Flow/Build/px4flow-v2_default.build//home/manoj/gits/Flow/src/modules/flow/module.pre.o
 .text.USBD_DataInStage
                0x0000000008010170       0xbc /home/manoj/gits/Flow/Build/px4flow-v2_default.build//home/manoj/gits/Flow/src/modules/flow/module.pre.o
 .text.USBD_DataOutStage
                0x000000000801022c       0x78 /home/manoj/gits/Flow/Build/px4flow-v2_default.build//home/manoj/gits/Flow/src/modules/flow/module.pre.o
 .text.USBD_Init
                0x00000000080102a4       0x38 /home/manoj/gits/Flow/Build/px4flow-v2_default.build//home/manoj/gits/Flow/src/modules/flow/module.pre.o
                0x00000000080102a4                USBD_Init
 .text.USBD_SetCfg
                0x00000000080102dc       0x18 /home/manoj/gits/Flow/Build/px4flow-v2_default.build//home/manoj/gits/Flow/src/modules/flow/module.pre.o
                0x00000000080102dc                USBD_SetCfg
 .text.USBD_ClrCfg
                0x00000000080102f4       0x10 /home/manoj/gits/Flow/Build/px4flow-v2_default.build//home/manoj/gits/Flow/src/modules/flow/module.pre.o
                0x00000000080102f4                USBD_ClrCfg
 .text.USBD_StdDevReq
                0x0000000008010304      0x2cc /home/manoj/gits/Flow/Build/px4flow-v2_default.build//home/manoj/gits/Flow/src/modules/flow/module.pre.o
                0x0000000008010304                USBD_StdDevReq
 .text.USBD_StdItfReq
                0x00000000080105d0       0x48 /home/manoj/gits/Flow/Build/px4flow-v2_default.build//home/manoj/gits/Flow/src/modules/flow/module.pre.o
                0x00000000080105d0                USBD_StdItfReq
 .text.USBD_StdEPReq
                0x0000000008010618       0xd4 /home/manoj/gits/Flow/Build/px4flow-v2_default.build//home/manoj/gits/Flow/src/modules/flow/module.pre.o
                0x0000000008010618                USBD_StdEPReq
 .text.USBD_ParseSetupRequest
                0x00000000080106ec       0x44 /home/manoj/gits/Flow/Build/px4flow-v2_default.build//home/manoj/gits/Flow/src/modules/flow/module.pre.o
                0x00000000080106ec                USBD_ParseSetupRequest
 .text.USBD_CtlError
                0x0000000008010730       0x1c /home/manoj/gits/Flow/Build/px4flow-v2_default.build//home/manoj/gits/Flow/src/modules/flow/module.pre.o
                0x0000000008010730                USBD_CtlError
 .text.USBD_GetString
                0x000000000801074c       0x50 /home/manoj/gits/Flow/Build/px4flow-v2_default.build//home/manoj/gits/Flow/src/modules/flow/module.pre.o
                0x000000000801074c                USBD_GetString
 .text.USBD_CtlSendData
                0x000000000801079c       0x20 /home/manoj/gits/Flow/Build/px4flow-v2_default.build//home/manoj/gits/Flow/src/modules/flow/module.pre.o
                0x000000000801079c                USBD_CtlSendData
 .text.USBD_CtlContinueSendData
                0x00000000080107bc       0x10 /home/manoj/gits/Flow/Build/px4flow-v2_default.build//home/manoj/gits/Flow/src/modules/flow/module.pre.o
                0x00000000080107bc                USBD_CtlContinueSendData
 .text.USBD_CtlPrepareRx
                0x00000000080107cc       0x20 /home/manoj/gits/Flow/Build/px4flow-v2_default.build//home/manoj/gits/Flow/src/modules/flow/module.pre.o
                0x00000000080107cc                USBD_CtlPrepareRx
 .text.USBD_CtlContinueRx
                0x00000000080107ec       0x10 /home/manoj/gits/Flow/Build/px4flow-v2_default.build//home/manoj/gits/Flow/src/modules/flow/module.pre.o
                0x00000000080107ec                USBD_CtlContinueRx
 .text.USBD_CtlSendStatus
                0x00000000080107fc       0x20 /home/manoj/gits/Flow/Build/px4flow-v2_default.build//home/manoj/gits/Flow/src/modules/flow/module.pre.o
                0x00000000080107fc                USBD_CtlSendStatus
 .text.USBD_CtlReceiveStatus
                0x000000000801081c       0x20 /home/manoj/gits/Flow/Build/px4flow-v2_default.build//home/manoj/gits/Flow/src/modules/flow/module.pre.o
                0x000000000801081c                USBD_CtlReceiveStatus
 .text.usbd_cdc_EP0_RxReady
                0x000000000801083c       0x30 /home/manoj/gits/Flow/Build/px4flow-v2_default.build//home/manoj/gits/Flow/src/modules/flow/module.pre.o
 .text.USBD_cdc_GetCfgDesc
                0x000000000801086c        0xc /home/manoj/gits/Flow/Build/px4flow-v2_default.build//home/manoj/gits/Flow/src/modules/flow/module.pre.o
 .text.usbd_cdc_SOF
                0x0000000008010878       0x94 /home/manoj/gits/Flow/Build/px4flow-v2_default.build//home/manoj/gits/Flow/src/modules/flow/module.pre.o
 .text.usbd_cdc_DataOut
                0x000000000801090c       0x34 /home/manoj/gits/Flow/Build/px4flow-v2_default.build//home/manoj/gits/Flow/src/modules/flow/module.pre.o
 .text.usbd_cdc_Setup
                0x0000000008010940       0xd4 /home/manoj/gits/Flow/Build/px4flow-v2_default.build//home/manoj/gits/Flow/src/modules/flow/module.pre.o
 .text.usbd_cdc_DeInit
                0x0000000008010a14       0x28 /home/manoj/gits/Flow/Build/px4flow-v2_default.build//home/manoj/gits/Flow/src/modules/flow/module.pre.o
 .text.usbd_cdc_Init
                0x0000000008010a3c       0x54 /home/manoj/gits/Flow/Build/px4flow-v2_default.build//home/manoj/gits/Flow/src/modules/flow/module.pre.o
 .text.usbd_cdc_DataIn
                0x0000000008010a90       0x58 /home/manoj/gits/Flow/Build/px4flow-v2_default.build//home/manoj/gits/Flow/src/modules/flow/module.pre.o
 .text._init    0x0000000008010ae8        0x4 /home/manoj/gits/Flow/Build/px4flow-v2_default.build//home/manoj/gits/Flow/src/modules/libc/module.pre.o
                0x0000000008010ae8                _init
 .text.__libc_init_array
                0x0000000008010aec       0x44 /home/manoj/gits/Flow/Build/px4flow-v2_default.build//home/manoj/gits/Flow/src/modules/libc/module.pre.o
                0x0000000008010aec                __libc_init_array
 .text.strncmp  0x0000000008010b30       0x3c /home/manoj/gits/Flow/Build/px4flow-v2_default.build//home/manoj/gits/Flow/src/modules/libc/module.pre.o
                0x0000000008010b30                strncmp
 .text.memcpy   0x0000000008010b6c       0xd4 /home/manoj/gits/Flow/Build/px4flow-v2_default.build//home/manoj/gits/Flow/src/modules/libc/module.pre.o
                0x0000000008010b6c                memcpy
 .text.memset   0x0000000008010c40       0x84 /home/manoj/gits/Flow/Build/px4flow-v2_default.build//home/manoj/gits/Flow/src/modules/libc/module.pre.o
                0x0000000008010c40                memset
 .text.strcpy   0x0000000008010cc4       0x10 /home/manoj/gits/Flow/Build/px4flow-v2_default.build//home/manoj/gits/Flow/src/modules/libc/module.pre.o
                0x0000000008010cc4                strcpy
 .text.strncpy  0x0000000008010cd4       0x38 /home/manoj/gits/Flow/Build/px4flow-v2_default.build//home/manoj/gits/Flow/src/modules/libc/module.pre.o
                0x0000000008010cd4                strncpy
 .text.strlen   0x0000000008010d0c       0x18 /home/manoj/gits/Flow/Build/px4flow-v2_default.build//home/manoj/gits/Flow/src/modules/libc/module.pre.o
                0x0000000008010d0c                strlen
 .text.strncat  0x0000000008010d24       0x30 /home/manoj/gits/Flow/Build/px4flow-v2_default.build//home/manoj/gits/Flow/src/modules/libc/module.pre.o
                0x0000000008010d24                strncat
 .text.lib_skipspace
                0x0000000008010d54       0x20 /home/manoj/gits/Flow/Build/px4flow-v2_default.build//home/manoj/gits/Flow/src/modules/libc/module.pre.o
                0x0000000008010d54                lib_skipspace
 .text.lib_isbasedigit
                0x0000000008010d74       0x50 /home/manoj/gits/Flow/Build/px4flow-v2_default.build//home/manoj/gits/Flow/src/modules/libc/module.pre.o
                0x0000000008010d74                lib_isbasedigit
 .text.printf   0x0000000008010dc4       0x10 /home/manoj/gits/Flow/Build/px4flow-v2_default.build//home/manoj/gits/Flow/src/modules/libc/module.pre.o
                0x0000000008010dc4                printf
 .text.strtol   0x0000000008010dd4       0x50 /home/manoj/gits/Flow/Build/px4flow-v2_default.build//home/manoj/gits/Flow/src/modules/libc/module.pre.o
                0x0000000008010dd4                strtol
 .text.strtoul  0x0000000008010e24       0x50 /home/manoj/gits/Flow/Build/px4flow-v2_default.build//home/manoj/gits/Flow/src/modules/libc/module.pre.o
                0x0000000008010e24                strtoul
 .text.lib_checkbase
                0x0000000008010e74       0x58 /home/manoj/gits/Flow/Build/px4flow-v2_default.build//home/manoj/gits/Flow/src/modules/libc/module.pre.o
                0x0000000008010e74                lib_checkbase
 .text._ZdlPv   0x0000000008010ecc        0x4 /home/manoj/gits/Flow/Build/px4flow-v2_default.build//home/manoj/gits/Flow/src/modules/libcxx/module.pre.o
                0x0000000008010ecc                operator delete(void*)
 .text.__aeabi_atexit
                0x0000000008010ed0        0x4 /home/manoj/gits/Flow/Build/px4flow-v2_default.build//home/manoj/gits/Flow/src/modules/libcxx/module.pre.o
                0x0000000008010ed0                __aeabi_atexit
 .text.__cxa_pure_virtual
                0x0000000008010ed4        0x4 /home/manoj/gits/Flow/Build/px4flow-v2_default.build//home/manoj/gits/Flow/src/modules/libcxx/module.pre.o
                0x0000000008010ed4                __cxa_pure_virtual
 .text.abort    0x0000000008010ed8        0x4 /home/manoj/gits/Flow/Build/px4flow-v2_default.build//home/manoj/gits/Flow/src/modules/libcxx/module.pre.o
                0x0000000008010ed8                abort
 .text._ZN6uavcan21TransferBufferManagerILt0ELh0EE6accessERKNS_24TransferBufferManagerKeyE
                0x0000000008010edc        0x4 /home/manoj/gits/Flow/Build/px4flow-v2_default.build//home/manoj/gits/Flow/src/modules/uavcannode/module.pre.o
                0x0000000008010edc                uavcan::TransferBufferManager<(unsigned short)0, (unsigned char)0>::access(uavcan::TransferBufferManagerKey const&)
 .text._ZN6uavcan21TransferBufferManagerILt0ELh0EE6createERKNS_24TransferBufferManagerKeyE
                0x0000000008010ee0        0x4 /home/manoj/gits/Flow/Build/px4flow-v2_default.build//home/manoj/gits/Flow/src/modules/uavcannode/module.pre.o
                0x0000000008010ee0                uavcan::TransferBufferManager<(unsigned short)0, (unsigned char)0>::create(uavcan::TransferBufferManagerKey const&)
 .text._ZN6uavcan21TransferBufferManagerILt0ELh0EE6removeERKNS_24TransferBufferManagerKeyE
                0x0000000008010ee4        0x4 /home/manoj/gits/Flow/Build/px4flow-v2_default.build//home/manoj/gits/Flow/src/modules/uavcannode/module.pre.o
                0x0000000008010ee4                uavcan::TransferBufferManager<(unsigned short)0, (unsigned char)0>::remove(uavcan::TransferBufferManagerKey const&)
 .text._ZNK6uavcan21TransferBufferManagerILt0ELh0EE7isEmptyEv
                0x0000000008010ee8        0x4 /home/manoj/gits/Flow/Build/px4flow-v2_default.build//home/manoj/gits/Flow/src/modules/uavcannode/module.pre.o
                0x0000000008010ee8                uavcan::TransferBufferManager<(unsigned short)0, (unsigned char)0>::isEmpty() const
 .text._ZNK6uavcan8ILogSink11getLogLevelEv
                0x0000000008010eec        0x4 /home/manoj/gits/Flow/Build/px4flow-v2_default.build//home/manoj/gits/Flow/src/modules/uavcannode/module.pre.o
                0x0000000008010eec                uavcan::ILogSink::getLogLevel() const
 .text._ZN6uavcan13PoolAllocatorILj2048ELh48EED2Ev
                0x0000000008010ef0        0x4 /home/manoj/gits/Flow/Build/px4flow-v2_default.build//home/manoj/gits/Flow/src/modules/uavcannode/module.pre.o
                0x0000000008010ef0                uavcan::PoolAllocator<2048u, (unsigned char)48>::~PoolAllocator()
                0x0000000008010ef0                uavcan::PoolAllocator<2048u, (unsigned char)48>::~PoolAllocator()
 .text._ZN6uavcan22GlobalDataTypeRegistry5EntryD2Ev
                0x0000000008010ef4        0x4 /home/manoj/gits/Flow/Build/px4flow-v2_default.build//home/manoj/gits/Flow/src/modules/uavcannode/module.pre.o
                0x0000000008010ef4                uavcan::GlobalDataTypeRegistry::Entry::~Entry()
                0x0000000008010ef4                uavcan::GlobalDataTypeRegistry::Entry::~Entry()
 .text._ZN6uavcan20StaticTransferBufferILt123EED2Ev
                0x0000000008010ef8        0x4 /home/manoj/gits/Flow/Build/px4flow-v2_default.build//home/manoj/gits/Flow/src/modules/uavcannode/module.pre.o
                0x0000000008010ef8                uavcan::StaticTransferBuffer<(unsigned short)123>::~StaticTransferBuffer()
                0x0000000008010ef8                uavcan::StaticTransferBuffer<(unsigned short)123>::~StaticTransferBuffer()
 .text._ZN6uavcan20StaticTransferBufferILt15EED2Ev
                0x0000000008010efc        0x4 /home/manoj/gits/Flow/Build/px4flow-v2_default.build//home/manoj/gits/Flow/src/modules/uavcannode/module.pre.o
                0x0000000008010efc                uavcan::StaticTransferBuffer<(unsigned short)15>::~StaticTransferBuffer()
                0x0000000008010efc                uavcan::StaticTransferBuffer<(unsigned short)15>::~StaticTransferBuffer()
 .text._ZN6uavcan20StaticTransferBufferILt54EED2Ev
                0x0000000008010f00        0x4 /home/manoj/gits/Flow/Build/px4flow-v2_default.build//home/manoj/gits/Flow/src/modules/uavcannode/module.pre.o
                0x0000000008010f00                uavcan::StaticTransferBuffer<(unsigned short)54>::~StaticTransferBuffer()
                0x0000000008010f00                uavcan::StaticTransferBuffer<(unsigned short)54>::~StaticTransferBuffer()
 .text._ZN6uavcan21TransferBufferManagerILt0ELh0EED2Ev
                0x0000000008010f04        0x4 /home/manoj/gits/Flow/Build/px4flow-v2_default.build//home/manoj/gits/Flow/src/modules/uavcannode/module.pre.o
                0x0000000008010f04                uavcan::TransferBufferManager<(unsigned short)0, (unsigned char)0>::~TransferBufferManager()
                0x0000000008010f04                uavcan::TransferBufferManager<(unsigned short)0, (unsigned char)0>::~TransferBufferManager()
 .text._ZN6uavcan32StaticTransferBufferManagerEntryILt84EED2Ev
                0x0000000008010f08        0x4 /home/manoj/gits/Flow/Build/px4flow-v2_default.build//home/manoj/gits/Flow/src/modules/uavcannode/module.pre.o
                0x0000000008010f08                uavcan::StaticTransferBufferManagerEntry<(unsigned short)84>::~StaticTransferBufferManagerEntry()
                0x0000000008010f08                uavcan::StaticTransferBufferManagerEntry<(unsigned short)84>::~StaticTransferBufferManagerEntry()
 .text._ZN6uavcan32StaticTransferBufferManagerEntryILt202EED2Ev
                0x0000000008010f0c        0x4 /home/manoj/gits/Flow/Build/px4flow-v2_default.build//home/manoj/gits/Flow/src/modules/uavcannode/module.pre.o
                0x0000000008010f0c                uavcan::StaticTransferBufferManagerEntry<(unsigned short)202>::~StaticTransferBufferManagerEntry()
                0x0000000008010f0c                uavcan::StaticTransferBufferManagerEntry<(unsigned short)202>::~StaticTransferBufferManagerEntry()
 .text._ZN21RestartRequestHandlerD2Ev
                0x0000000008010f10        0x4 /home/manoj/gits/Flow/Build/px4flow-v2_default.build//home/manoj/gits/Flow/src/modules/uavcannode/module.pre.o
                0x0000000008010f10                RestartRequestHandler::~RestartRequestHandler()
                0x0000000008010f10                RestartRequestHandler::~RestartRequestHandler()
 .text._ZN12uavcan_stm3213CanInitHelperILj5EED2Ev
                0x0000000008010f14        0x4 /home/manoj/gits/Flow/Build/px4flow-v2_default.build//home/manoj/gits/Flow/src/modules/uavcannode/module.pre.o
                0x0000000008010f14                uavcan_stm32::CanInitHelper<5u>::~CanInitHelper()
                0x0000000008010f14                uavcan_stm32::CanInitHelper<5u>::~CanInitHelper()
 .text._ZNK6uavcan21TransferBufferManagerILt202ELh1EE16getStaticByIndexEt
                0x0000000008010f18        0xc /home/manoj/gits/Flow/Build/px4flow-v2_default.build//home/manoj/gits/Flow/src/modules/uavcannode/module.pre.o
                0x0000000008010f18                uavcan::TransferBufferManager<(unsigned short)202, (unsigned char)1>::getStaticByIndex(unsigned short) const
 .text._ZN6uavcan4NodeILj2048ELj10EE12getAllocatorEv
                0x0000000008010f24        0x4 /home/manoj/gits/Flow/Build/px4flow-v2_default.build//home/manoj/gits/Flow/src/modules/uavcannode/module.pre.o
                0x0000000008010f24                uavcan::Node<2048u, 10u>::getAllocator()
 .text._ZN6uavcan4NodeILj2048ELj10EE12getSchedulerEv
                0x0000000008010f28        0x8 /home/manoj/gits/Flow/Build/px4flow-v2_default.build//home/manoj/gits/Flow/src/modules/uavcannode/module.pre.o
                0x0000000008010f28                uavcan::Node<2048u, 10u>::getScheduler()
 .text._ZNK6uavcan4NodeILj2048ELj10EE12getSchedulerEv
                0x0000000008010f30        0x8 /home/manoj/gits/Flow/Build/px4flow-v2_default.build//home/manoj/gits/Flow/src/modules/uavcannode/module.pre.o
                0x0000000008010f30                uavcan::Node<2048u, 10u>::getScheduler() const
 .text._ZN6uavcan13PoolAllocatorILj2048ELh48EE8allocateEj
                0x0000000008010f38       0x34 /home/manoj/gits/Flow/Build/px4flow-v2_default.build//home/manoj/gits/Flow/src/modules/uavcannode/module.pre.o
                0x0000000008010f38                uavcan::PoolAllocator<2048u, (unsigned char)48>::allocate(unsigned int)
 .text._ZN6uavcan13PoolAllocatorILj2048ELh48EE10deallocateEPKv
                0x0000000008010f6c       0x14 /home/manoj/gits/Flow/Build/px4flow-v2_default.build//home/manoj/gits/Flow/src/modules/uavcannode/module.pre.o
                0x0000000008010f6c                uavcan::PoolAllocator<2048u, (unsigned char)48>::deallocate(void const*)
 .text._ZNK6uavcan13PoolAllocatorILj2048ELh48EE12getNumBlocksEv
                0x0000000008010f80        0x4 /home/manoj/gits/Flow/Build/px4flow-v2_default.build//home/manoj/gits/Flow/src/modules/uavcannode/module.pre.o
                0x0000000008010f80                uavcan::PoolAllocator<2048u, (unsigned char)48>::getNumBlocks() const
 .text._ZNK6uavcan21TransferBufferManagerILt84ELh1EE16getStaticByIndexEt
                0x0000000008010f84        0xc /home/manoj/gits/Flow/Build/px4flow-v2_default.build//home/manoj/gits/Flow/src/modules/uavcannode/module.pre.o
                0x0000000008010f84                uavcan::TransferBufferManager<(unsigned short)84, (unsigned char)1>::getStaticByIndex(unsigned short) const
 .text._ZN6uavcan20StaticTransferBufferILt129EED2Ev
                0x0000000008010f90        0x4 /home/manoj/gits/Flow/Build/px4flow-v2_default.build//home/manoj/gits/Flow/src/modules/uavcannode/module.pre.o
                0x0000000008010f90                uavcan::StaticTransferBuffer<(unsigned short)129>::~StaticTransferBuffer()
                0x0000000008010f90                uavcan::StaticTransferBuffer<(unsigned short)129>::~StaticTransferBuffer()
 .text._ZN6uavcan20StaticTransferBufferILt73EED2Ev
                0x0000000008010f94        0x4 /home/manoj/gits/Flow/Build/px4flow-v2_default.build//home/manoj/gits/Flow/src/modules/uavcannode/module.pre.o
                0x0000000008010f94                uavcan::StaticTransferBuffer<(unsigned short)73>::~StaticTransferBuffer()
                0x0000000008010f94                uavcan::StaticTransferBuffer<(unsigned short)73>::~StaticTransferBuffer()
 .text._ZN6uavcan20StaticTransferBufferILt1EED2Ev
                0x0000000008010f98        0x4 /home/manoj/gits/Flow/Build/px4flow-v2_default.build//home/manoj/gits/Flow/src/modules/uavcannode/module.pre.o
                0x0000000008010f98                uavcan::StaticTransferBuffer<(unsigned short)1>::~StaticTransferBuffer()
                0x0000000008010f98                uavcan::StaticTransferBuffer<(unsigned short)1>::~StaticTransferBuffer()
 .text._ZN6uavcan20StaticTransferBufferILt93EED2Ev
                0x0000000008010f9c        0x4 /home/manoj/gits/Flow/Build/px4flow-v2_default.build//home/manoj/gits/Flow/src/modules/uavcannode/module.pre.o
                0x0000000008010f9c                uavcan::StaticTransferBuffer<(unsigned short)93>::~StaticTransferBuffer()
                0x0000000008010f9c                uavcan::StaticTransferBuffer<(unsigned short)93>::~StaticTransferBuffer()
 .text._ZN6uavcan20StaticTransferBufferILt377EED2Ev
                0x0000000008010fa0        0x4 /home/manoj/gits/Flow/Build/px4flow-v2_default.build//home/manoj/gits/Flow/src/modules/uavcannode/module.pre.o
                0x0000000008010fa0                uavcan::StaticTransferBuffer<(unsigned short)377>::~StaticTransferBuffer()
                0x0000000008010fa0                uavcan::StaticTransferBuffer<(unsigned short)377>::~StaticTransferBuffer()
 .text._ZN6uavcan19TimerEventForwarderIPFvRKNS_10TimerEventEEE16handleTimerEventES3_
                0x0000000008010fa4       0x14 /home/manoj/gits/Flow/Build/px4flow-v2_default.build//home/manoj/gits/Flow/src/modules/uavcannode/module.pre.o
                0x0000000008010fa4                uavcan::TimerEventForwarder<void (*)(uavcan::TimerEvent const&)>::handleTimerEvent(uavcan::TimerEvent const&)
 .text._ZN6uavcan20StaticTransferBufferILt123EED0Ev
                0x0000000008010fb8        0xc /home/manoj/gits/Flow/Build/px4flow-v2_default.build//home/manoj/gits/Flow/src/modules/uavcannode/module.pre.o
                0x0000000008010fb8                uavcan::StaticTransferBuffer<(unsigned short)123>::~StaticTransferBuffer()
 .text._ZN6uavcan20StaticTransferBufferILt73EED0Ev
                0x0000000008010fc4        0xc /home/manoj/gits/Flow/Build/px4flow-v2_default.build//home/manoj/gits/Flow/src/modules/uavcannode/module.pre.o
                0x0000000008010fc4                uavcan::StaticTransferBuffer<(unsigned short)73>::~StaticTransferBuffer()
 .text._ZN6uavcan20StaticTransferBufferILt1EED0Ev
                0x0000000008010fd0        0xc /home/manoj/gits/Flow/Build/px4flow-v2_default.build//home/manoj/gits/Flow/src/modules/uavcannode/module.pre.o
                0x0000000008010fd0                uavcan::StaticTransferBuffer<(unsigned short)1>::~StaticTransferBuffer()
 .text._ZN6uavcan20StaticTransferBufferILt93EED0Ev
                0x0000000008010fdc        0xc /home/manoj/gits/Flow/Build/px4flow-v2_default.build//home/manoj/gits/Flow/src/modules/uavcannode/module.pre.o
                0x0000000008010fdc                uavcan::StaticTransferBuffer<(unsigned short)93>::~StaticTransferBuffer()
 .text._ZN6uavcan20StaticTransferBufferILt377EED0Ev
                0x0000000008010fe8        0xc /home/manoj/gits/Flow/Build/px4flow-v2_default.build//home/manoj/gits/Flow/src/modules/uavcannode/module.pre.o
                0x0000000008010fe8                uavcan::StaticTransferBuffer<(unsigned short)377>::~StaticTransferBuffer()
 .text._ZN6uavcan20StaticTransferBufferILt129EED0Ev
                0x0000000008010ff4        0xc /home/manoj/gits/Flow/Build/px4flow-v2_default.build//home/manoj/gits/Flow/src/modules/uavcannode/module.pre.o
                0x0000000008010ff4                uavcan::StaticTransferBuffer<(unsigned short)129>::~StaticTransferBuffer()
 .text._ZN6uavcan20StaticTransferBufferILt15EED0Ev
                0x0000000008011000        0xc /home/manoj/gits/Flow/Build/px4flow-v2_default.build//home/manoj/gits/Flow/src/modules/uavcannode/module.pre.o
                0x0000000008011000                uavcan::StaticTransferBuffer<(unsigned short)15>::~StaticTransferBuffer()
 .text._ZN6uavcan20StaticTransferBufferILt54EED0Ev
                0x000000000801100c        0xc /home/manoj/gits/Flow/Build/px4flow-v2_default.build//home/manoj/gits/Flow/src/modules/uavcannode/module.pre.o
                0x000000000801100c                uavcan::StaticTransferBuffer<(unsigned short)54>::~StaticTransferBuffer()
 .text._ZN6uavcan13PoolAllocatorILj2048ELh48EED0Ev
                0x0000000008011018        0xc /home/manoj/gits/Flow/Build/px4flow-v2_default.build//home/manoj/gits/Flow/src/modules/uavcannode/module.pre.o
                0x0000000008011018                uavcan::PoolAllocator<2048u, (unsigned char)48>::~PoolAllocator()
 .text._ZN6uavcan32StaticTransferBufferManagerEntryILt84EED0Ev
                0x0000000008011024        0xc /home/manoj/gits/Flow/Build/px4flow-v2_default.build//home/manoj/gits/Flow/src/modules/uavcannode/module.pre.o
                0x0000000008011024                uavcan::StaticTransferBufferManagerEntry<(unsigned short)84>::~StaticTransferBufferManagerEntry()
 .text._ZN6uavcan32StaticTransferBufferManagerEntryILt202EED0Ev
                0x0000000008011030        0xc /home/manoj/gits/Flow/Build/px4flow-v2_default.build//home/manoj/gits/Flow/src/modules/uavcannode/module.pre.o
                0x0000000008011030                uavcan::StaticTransferBufferManagerEntry<(unsigned short)202>::~StaticTransferBufferManagerEntry()
 .text._ZN6uavcan21TransferBufferManagerILt0ELh0EED0Ev
                0x000000000801103c        0xc /home/manoj/gits/Flow/Build/px4flow-v2_default.build//home/manoj/gits/Flow/src/modules/uavcannode/module.pre.o
                0x000000000801103c                uavcan::TransferBufferManager<(unsigned short)0, (unsigned char)0>::~TransferBufferManager()
 .text._ZN21RestartRequestHandlerD0Ev
                0x0000000008011048        0xc /home/manoj/gits/Flow/Build/px4flow-v2_default.build//home/manoj/gits/Flow/src/modules/uavcannode/module.pre.o
                0x0000000008011048                RestartRequestHandler::~RestartRequestHandler()
 .text._ZN6uavcan21TransferBufferManagerILt84ELh1EED2Ev
                0x0000000008011054       0x2c /home/manoj/gits/Flow/Build/px4flow-v2_default.build//home/manoj/gits/Flow/src/modules/uavcannode/module.pre.o
                0x0000000008011054                uavcan::TransferBufferManager<(unsigned short)84, (unsigned char)1>::~TransferBufferManager()
                0x0000000008011054                uavcan::TransferBufferManager<(unsigned short)84, (unsigned char)1>::~TransferBufferManager()
 .text._ZN6uavcan21TransferBufferManagerILt202ELh1EED2Ev
                0x0000000008011080       0x2c /home/manoj/gits/Flow/Build/px4flow-v2_default.build//home/manoj/gits/Flow/src/modules/uavcannode/module.pre.o
                0x0000000008011080                uavcan::TransferBufferManager<(unsigned short)202, (unsigned char)1>::~TransferBufferManager()
                0x0000000008011080                uavcan::TransferBufferManager<(unsigned short)202, (unsigned char)1>::~TransferBufferManager()
 .text._ZN6uavcan19TimerEventForwarderIPFvRKNS_10TimerEventEEED2Ev
                0x00000000080110ac       0x14 /home/manoj/gits/Flow/Build/px4flow-v2_default.build//home/manoj/gits/Flow/src/modules/uavcannode/module.pre.o
                0x00000000080110ac                uavcan::TimerEventForwarder<void (*)(uavcan::TimerEvent const&)>::~TimerEventForwarder()
                0x00000000080110ac                uavcan::TimerEventForwarder<void (*)(uavcan::TimerEvent const&)>::~TimerEventForwarder()
 .text._ZN6uavcan19TimerEventForwarderIPFvRKNS_10TimerEventEEED0Ev
                0x00000000080110c0       0x1c /home/manoj/gits/Flow/Build/px4flow-v2_default.build//home/manoj/gits/Flow/src/modules/uavcannode/module.pre.o
                0x00000000080110c0                uavcan::TimerEventForwarder<void (*)(uavcan::TimerEvent const&)>::~TimerEventForwarder()
 .text._ZNK12uavcan_stm3211SystemClock12getMonotonicEv
                0x00000000080110dc        0xc /home/manoj/gits/Flow/Build/px4flow-v2_default.build//home/manoj/gits/Flow/src/modules/uavcannode/module.pre.o
                0x00000000080110dc                uavcan_stm32::SystemClock::getMonotonic() const
 .text._ZL9cb_rebootRKN6uavcan10TimerEventE
                0x00000000080110e8        0x8 /home/manoj/gits/Flow/Build/px4flow-v2_default.build//home/manoj/gits/Flow/src/modules/uavcannode/module.pre.o
 .text._ZN21RestartRequestHandler20handleRestartRequestEN6uavcan6NodeIDE
                0x00000000080110f0       0x30 /home/manoj/gits/Flow/Build/px4flow-v2_default.build//home/manoj/gits/Flow/src/modules/uavcannode/module.pre.o
                0x00000000080110f0                RestartRequestHandler::handleRestartRequest(uavcan::NodeID)
 .text._ZNK6uavcan22TransportStatsProvider23handleGetTransportStatsERKNS_8protocol18GetTransportStats_8Request_ILi0EEERNS2_9Response_ILi0EEE
                0x0000000008011120       0xc0 /home/manoj/gits/Flow/Build/px4flow-v2_default.build//home/manoj/gits/Flow/src/modules/uavcannode/module.pre.o
                0x0000000008011120                uavcan::TransportStatsProvider::handleGetTransportStats(uavcan::protocol::GetTransportStats_::Request_<0> const&, uavcan::protocol::GetTransportStats_::Response_<0>&) const
 .text._ZN6uavcan20DataTypeInfoProvider28handleGetDataTypeInfoRequestERKNS_8protocol16GetDataTypeInfo_8Request_ILi0EEERNS2_9Response_ILi0EEE
                0x00000000080111e0       0xf8 /home/manoj/gits/Flow/Build/px4flow-v2_default.build//home/manoj/gits/Flow/src/modules/uavcannode/module.pre.o
                0x00000000080111e0                uavcan::DataTypeInfoProvider::handleGetDataTypeInfoRequest(uavcan::protocol::GetDataTypeInfo_::Request_<0> const&, uavcan::protocol::GetDataTypeInfo_::Response_<0>&)
 .text._ZN10UavcanNode23cb_beginfirmware_updateERKN6uavcan21ReceivedDataStructureINS0_8protocol4file20BeginFirmwareUpdate_8Request_ILi0EEEEERNS0_28ServiceResponseDataStructureINS4_9Response_ILi0EEEEE
                0x00000000080112d8       0x70 /home/manoj/gits/Flow/Build/px4flow-v2_default.build//home/manoj/gits/Flow/src/modules/uavcannode/module.pre.o
                0x00000000080112d8                UavcanNode::cb_beginfirmware_update(uavcan::ReceivedDataStructure<uavcan::protocol::file::BeginFirmwareUpdate_::Request_<0> > const&, uavcan::ServiceResponseDataStructure<uavcan::protocol::file::BeginFirmwareUpdate_::Response_<0> >&)
 .text._ZN6uavcan10SubscriberINS_8protocol15GlobalTimeSync_ILi0EEENS_12MethodBinderIPNS_19GlobalTimeSyncSlaveEMS5_FvRKNS_21ReceivedDataStructureIS3_EEEEELj2ELj0EE24handleReceivedDataStructERS8_
                0x0000000008011348       0x38 /home/manoj/gits/Flow/Build/px4flow-v2_default.build//home/manoj/gits/Flow/src/modules/uavcannode/module.pre.o
                0x0000000008011348                uavcan::Subscriber<uavcan::protocol::GlobalTimeSync_<0>, uavcan::MethodBinder<uavcan::GlobalTimeSyncSlave*, void (uavcan::GlobalTimeSyncSlave::*)(uavcan::ReceivedDataStructure<uavcan::protocol::GlobalTimeSync_<0> > const&)>, 2u, 0u>::handleReceivedDataStruct(uavcan::ReceivedDataStructure<uavcan::protocol::GlobalTimeSync_<0> >&)
 .text._ZN6uavcan13ServiceServerINS_8protocol4file20BeginFirmwareUpdate_ENS_12MethodBinderIP10UavcanNodeMS5_FvRKNS_21ReceivedDataStructureINS3_8Request_ILi0EEEEERNS_28ServiceResponseDataStructureINS3_9Response_ILi0EEEEEEEELj2ELj1EE24handleReceivedDataStructERSA_
                0x0000000008011380      0x19c /home/manoj/gits/Flow/Build/px4flow-v2_default.build//home/manoj/gits/Flow/src/modules/uavcannode/module.pre.o
                0x0000000008011380                uavcan::ServiceServer<uavcan::protocol::file::BeginFirmwareUpdate_, uavcan::MethodBinder<UavcanNode*, void (UavcanNode::*)(uavcan::ReceivedDataStructure<uavcan::protocol::file::BeginFirmwareUpdate_::Request_<0> > const&, uavcan::ServiceResponseDataStructure<uavcan::protocol::file::BeginFirmwareUpdate_::Response_<0> >&)>, 2u, 1u>::handleReceivedDataStruct(uavcan::ReceivedDataStructure<uavcan::protocol::file::BeginFirmwareUpdate_::Request_<0> >&)
 .text._ZNK6uavcan24OutgoingTransferRegistryILi10EE6existsENS_10DataTypeIDENS_12TransferTypeE
                0x000000000801151c       0x74 /home/manoj/gits/Flow/Build/px4flow-v2_default.build//home/manoj/gits/Flow/src/modules/uavcannode/module.pre.o
                0x000000000801151c                uavcan::OutgoingTransferRegistry<10>::exists(uavcan::DataTypeID, uavcan::TransferType) const
 .text._ZNK6uavcan20RestartRequestServer17handleRestartNodeERKNS_21ReceivedDataStructureINS_8protocol12RestartNode_8Request_ILi0EEEEERNS3_9Response_ILi0EEE
                0x0000000008011590       0x78 /home/manoj/gits/Flow/Build/px4flow-v2_default.build//home/manoj/gits/Flow/src/modules/uavcannode/module.pre.o
                0x0000000008011590                uavcan::RestartRequestServer::handleRestartNode(uavcan::ReceivedDataStructure<uavcan::protocol::RestartNode_::Request_<0> > const&, uavcan::protocol::RestartNode_::Response_<0>&) const
 .text._ZN6uavcan21TransferBufferManagerILt202ELh1EED0Ev
                0x0000000008011608       0x34 /home/manoj/gits/Flow/Build/px4flow-v2_default.build//home/manoj/gits/Flow/src/modules/uavcannode/module.pre.o
                0x0000000008011608                uavcan::TransferBufferManager<(unsigned short)202, (unsigned char)1>::~TransferBufferManager()
 .text._ZN6uavcan21TransferBufferManagerILt84ELh1EED0Ev
                0x000000000801163c       0x34 /home/manoj/gits/Flow/Build/px4flow-v2_default.build//home/manoj/gits/Flow/src/modules/uavcannode/module.pre.o
                0x000000000801163c                uavcan::TransferBufferManager<(unsigned short)84, (unsigned char)1>::~TransferBufferManager()
 .text._ZN6uavcan4NodeILj2048ELj10EE23registerInternalFailureEPKc
                0x0000000008011670      0x1f8 /home/manoj/gits/Flow/Build/px4flow-v2_default.build//home/manoj/gits/Flow/src/modules/uavcannode/module.pre.o
                0x0000000008011670                uavcan::Node<2048u, 10u>::registerInternalFailure(char const*)
 .text._ZN6uavcan13ServiceServerINS_8protocol12RestartNode_ENS_12MethodBinderIPKNS_20RestartRequestServerEMS4_KFvRKNS_21ReceivedDataStructureINS2_8Request_ILi0EEEEERNS2_9Response_ILi0EEEEEELj2ELj1EE24handleReceivedDataStructERSA_
                0x0000000008011868      0x158 /home/manoj/gits/Flow/Build/px4flow-v2_default.build//home/manoj/gits/Flow/src/modules/uavcannode/module.pre.o